Using 0 GPUs!
loading csv file in /home/livieymli/brset_analysis/mBRSET/data/train_mbrset_nooverlap.csv
loading csv file in /home/livieymli/brset_analysis/mBRSET/data/labels_mbrset.csv
loading csv file in /home/livieymli/brset_analysis/mBRSET/data/val_mbrset_nooverlap.csv
<All keys matched successfully>

100%|██████████| 306/306 [10:30<00:00,  2.06s/it]

saved

              precision    recall  f1-score   support

           0       0.64      0.46      0.54       922
           1       0.87      0.96      0.91      3750
           2       0.92      0.48      0.63       212

    accuracy                           0.84      4884
   macro avg       0.81      0.63      0.69      4884
weighted avg       0.83      0.84      0.83      4884

Matthews Correlation Coefficient: 0.5282253767592915
Brier Score: 0.1029716389672215
AUC: 0.7861035355502773
Accuracy: 0.8413185913185913
Precision: 0.8105744679762205, weighted: 0.8300164615335527
Recall: 0.632156196764849, weighted: 0.8413185913185913
F1 Score: 0.6929145265330335, weighted: 0.828383683581701
##################################################  Saliency Maps  ##################################################

Class 0:
Class 1:
Class 2: