Using 0 GPUs!
loading csv file in /home/livieymli/brset_analysis/mBRSET/data/train_mbrset_nooverlap.csv
loading csv file in /home/livieymli/brset_analysis/mBRSET/data/labels_mbrset.csv
loading csv file in /home/livieymli/brset_analysis/mBRSET/data/val_mbrset_nooverlap.csv
<All keys matched successfully>

100%|██████████| 306/306 [10:30<00:00,  2.06s/it]
saved
              precision    recall  f1-score   support

           0       0.43      0.42      0.43       922
           1       0.86      0.87      0.86      3750
           2       0.57      0.57      0.57       212

    accuracy                           0.77      4884
   macro avg       0.62      0.62      0.62      4884
weighted avg       0.77      0.77      0.77      4884

Matthews Correlation Coefficient: 0.3786335040341127
Brier Score: 0.1730693879711914
AUC: 0.8004388633770233
Accuracy: 0.7704750204750205
Precision: 0.6229322526697759, weighted: 0.7678845796180198
Recall: 0.6197707817751038, weighted: 0.7704750204750205
F1 Score: 0.6213094855661918, weighted: 0.7691485171210022

##################################################  Saliency Maps  ##################################################

Class 0:
Class 1:
Class 2: