Using 0 GPUs!
loading csv file in /home/livieymli/brset_analysis/mBRSET/data/train_mbrset_nooverlap.csv
loading csv file in /home/livieymli/brset_analysis/mBRSET/data/labels_mbrset.csv
loading csv file in /home/livieymli/brset_analysis/mBRSET/data/val_mbrset_nooverlap.csv
<All keys matched successfully>

100%|██████████| 306/306 [10:30<00:00,  2.06s/it]
saved
precision    recall  f1-score   support

           0       0.71      0.13      0.22       922
           1       0.81      0.99      0.89      3750
           2       0.61      0.50      0.55       212

    accuracy                           0.80      4884
   macro avg       0.71      0.54      0.55      4884
weighted avg       0.79      0.80      0.75      4884

Matthews Correlation Coefficient: 0.36241402633067216
Brier Score: 0.11143984516660697
AUC: 0.7879050583618277
Accuracy: 0.8028255528255528
Precision: 0.7132841163097967, weighted: 0.7855914192235114
Recall: 0.5367389768846323, weighted: 0.8028255528255528
F1 Score: 0.5527083007687881, weighted: 0.7493890027283251
##################################################  Saliency Maps  ##################################################

Class 0:
Class 1:
Class 2: