Using 0 GPUs!
loading csv file in /home/livieymli/brset_analysis/mBRSET/data/train_mbrset_nooverlap.csv
loading csv file in /home/livieymli/brset_analysis/mBRSET/data/labels_mbrset.csv
loading csv file in /home/livieymli/brset_analysis/mBRSET/data/val_mbrset_nooverlap.csv
<All keys matched successfully>

100%|██████████| 306/306 [10:30<00:00,  2.06s/it]
saved

              precision    recall  f1-score   support

           0       0.81      0.13      0.22       922
           1       0.81      1.00      0.90      3750
           2       0.65      0.46      0.54       212

    accuracy                           0.81      4884
   macro avg       0.76      0.53      0.55      4884
weighted avg       0.80      0.81      0.75      4884

Matthews Correlation Coefficient: 0.3837207399636493
Brier Score: 0.10786538979868214
AUC: 0.7681525005964295
Accuracy: 0.8079443079443079
Precision: 0.7551706608569354, weighted: 0.8045970837147307
Recall: 0.5262757618339495, weighted: 0.8079443079443079
F1 Score: 0.5495838205514906, weighted: 0.7516969821694699

##################################################  Saliency Maps  ##################################################

Class 0:
Class 1:
Class 2: