Using 2 GPUs!
loading csv file in /home/livieymli/brset_analysis/BRSET/data/labels_brset.csv
Train data shape: (11386, 35)
Test data shape: (4880, 35)
Getting validation set...
Train data shape: (3904, 35)
Test data shape: (976, 35)
Downloading: "https://github.com/facebookresearch/dinov2/zipball/main" to /home/livieymli/.cache/torch/hub/main.zip
Downloading: "https://dl.fbaipublicfiles.com/dinov2/dinov2_vitl14/dinov2_vitl14_pretrain.pth" to /home/livieymli/.cache/torch/hub/checkpoints/dinov2_vitl14_pretrain.pth

100%|██████████| 1.13G/1.13G [00:11<00:00, 107MB/s]
Using 2 GPUs!

100%|██████████| 712/712 [06:55<00:00,  1.71it/s]
100%|██████████| 61/61 [00:35<00:00,  1.71it/s]
Epoch 1, Train Loss: 0.6430315880544399, Val Loss: 4.5260531316038035, F1 Score: 0.06243996157540827

100%|██████████| 712/712 [04:33<00:00,  2.60it/s]
100%|██████████| 61/61 [00:20<00:00,  2.98it/s]
Epoch 2, Train Loss: 0.6027807175610842, Val Loss: 0.5262495230455868, F1 Score: 0.7692476568437051

100%|██████████| 712/712 [04:34<00:00,  2.60it/s]
100%|██████████| 61/61 [00:20<00:00,  2.98it/s]
Epoch 3, Train Loss: 0.5422180807950456, Val Loss: 0.444918445632106, F1 Score: 0.7493216004645501

100%|██████████| 712/712 [04:34<00:00,  2.60it/s]
100%|██████████| 61/61 [00:20<00:00,  2.97it/s]
Epoch 4, Train Loss: 0.5595677480352729, Val Loss: 0.5700857942221594, F1 Score: 0.5360586717370637

100%|██████████| 712/712 [04:33<00:00,  2.60it/s]
100%|██████████| 61/61 [00:20<00:00,  2.99it/s]
Epoch 5, Train Loss: 0.5213103372854798, Val Loss: 0.39756724934597487, F1 Score: 0.7468272965775846

100%|██████████| 712/712 [04:33<00:00,  2.60it/s]
100%|██████████| 61/61 [00:20<00:00,  2.97it/s]
Epoch 6, Train Loss: 0.5028911655496681, Val Loss: 0.42369074459935796, F1 Score: 0.78946359234936

100%|██████████| 712/712 [04:38<00:00,  2.56it/s]
100%|██████████| 61/61 [00:20<00:00,  2.99it/s]
Epoch 7, Train Loss: 0.5055710062217177, Val Loss: 0.5601900950318477, F1 Score: 0.5729847977182732

100%|██████████| 712/712 [04:34<00:00,  2.60it/s]
100%|██████████| 61/61 [00:20<00:00,  3.00it/s]
Epoch 8, Train Loss: 0.522829597208942, Val Loss: 0.5382404285864751, F1 Score: 0.4931089717306567

100%|██████████| 712/712 [04:33<00:00,  2.60it/s]
100%|██████████| 61/61 [00:20<00:00,  2.98it/s]
Epoch 9, Train Loss: 0.4763823023296139, Val Loss: 0.5113272720673046, F1 Score: 0.7262973078423722

100%|██████████| 712/712 [04:33<00:00,  2.60it/s]
100%|██████████| 61/61 [00:20<00:00,  2.99it/s]
Epoch 10, Train Loss: 0.47498705615865044, Val Loss: 0.6506265553294636, F1 Score: 0.48277689454160044

100%|██████████| 712/712 [04:32<00:00,  2.61it/s]
100%|██████████| 61/61 [00:20<00:00,  2.99it/s]
Epoch 11, Train Loss: 0.5712947787905343, Val Loss: 1.418441439261202, F1 Score: 0.06243996157540827

100%|██████████| 712/712 [04:33<00:00,  2.61it/s]
100%|██████████| 61/61 [00:20<00:00,  2.98it/s]
Epoch 12, Train Loss: 0.4931804575863179, Val Loss: 0.4193875303522485, F1 Score: 0.7732208315559855

100%|██████████| 712/712 [04:32<00:00,  2.61it/s]
100%|██████████| 61/61 [00:20<00:00,  2.99it/s]
Epoch 13, Train Loss: 0.429839021139098, Val Loss: 0.3616993630030116, F1 Score: 0.7792449781894555
Early stopping triggered.

100%|██████████| 244/244 [02:00<00:00,  2.03it/s]
              precision    recall  f1-score   support

           0       0.49      0.74      0.59       260
           1       0.98      0.95      0.96      3644

    accuracy                           0.93      3904
   macro avg       0.74      0.84      0.78      3904
weighted avg       0.95      0.93      0.94      3904

Matthews Correlation Coefficient: 0.5670781102817569
Brier Score: 0.08617857744843922
AUC: 0.9331883813223001
Accuracy: 0.9313524590163934
Precision: 0.735216865789596, weighted: 0.9479485476740455
Recall: 0.841788398209913, weighted: 0.9313524590163934
F1 Score: 0.7757529826101568, weighted: 0.9376683049221816
##################################################  Saliency Maps  ##################################################

Class 0:
Class 1:

100%|██████████| 216/216 [01:09<00:00,  3.12it/s]
              precision    recall  f1-score   support

           0       0.53      0.73      0.61       244
           1       0.98      0.95      0.96      3206

    accuracy                           0.94      3450
   macro avg       0.76      0.84      0.79      3450
weighted avg       0.95      0.94      0.94      3450

Matthews Correlation Coefficient: 0.5892197767353297
Brier Score: 0.0833712398140245
AUC: 0.9345054866387819
Accuracy: 0.9353623188405797
Precision: 0.7550777413095039, weighted: 0.947165122117794
Recall: 0.8402687583731323, weighted: 0.9353623188405797
F1 Score: 0.7897869835969091, weighted: 0.9399765144195327
##################################################  Saliency Maps  ##################################################

Class 0:
Class 1:

 0
100%|██████████| 29/29 [00:10<00:00,  2.89it/s]
              precision    recall  f1-score   support

           0       0.25      0.88      0.38        16
           1       0.99      0.90      0.95       438

    accuracy                           0.90       454
   macro avg       0.62      0.89      0.66       454
weighted avg       0.97      0.90      0.93       454

Matthews Correlation Coefficient: 0.4323031387302667
Brier Score: 0.10751187021555862
AUC: 0.9594748858447488
Accuracy: 0.9008810572687225
Precision: 0.6202881258562022, weighted: 0.9685534701388008
Recall: 0.8884132420091324, weighted: 0.9008810572687225
F1 Score: 0.6648347141333771, weighted: 0.9262823697845995
##################################################  Saliency Maps  ##################################################

Class 0:
Class 1:
