Using 4 GPUs!
loading csv file in /home/livieymli/brset_analysis/BRSET/data/labels_brset.csv
Train data shape: (11386, 35)
Test data shape: (4880, 35)
Getting validation set...
Train data shape: (3904, 35)
Test data shape: (976, 35)
Using 4 GPUs!

100%|██████████| 712/712 [07:43<00:00,  1.54it/s]
100%|██████████| 61/61 [00:41<00:00,  1.47it/s]
Epoch 1, Train Loss: 0.5608177471780376, Val Loss: 0.4611154848434886, F1 Score: 0.6497449927382039

100%|██████████| 712/712 [04:11<00:00,  2.83it/s]
100%|██████████| 61/61 [00:22<00:00,  2.69it/s]
Epoch 2, Train Loss: 0.5521566718607471, Val Loss: 0.4243739535574053, F1 Score: 0.7245891065731431

100%|██████████| 712/712 [04:46<00:00,  2.49it/s]
100%|██████████| 61/61 [00:27<00:00,  2.22it/s]
Epoch 3, Train Loss: 0.5406691829223981, Val Loss: 0.4327949358791601, F1 Score: 0.7393091981861125

100%|██████████| 712/712 [04:58<00:00,  2.38it/s]
100%|██████████| 61/61 [00:26<00:00,  2.26it/s]
Epoch 4, Train Loss: 0.5025343280494883, Val Loss: 0.4672746607026116, F1 Score: 0.6384844775088678

100%|██████████| 712/712 [04:52<00:00,  2.43it/s]
100%|██████████| 61/61 [00:25<00:00,  2.38it/s]
Epoch 5, Train Loss: 0.4589864077213942, Val Loss: 0.3536929087560685, F1 Score: 0.8226105683334076

100%|██████████| 712/712 [04:41<00:00,  2.53it/s]
100%|██████████| 61/61 [00:24<00:00,  2.49it/s]
Epoch 6, Train Loss: 0.44511956262161556, Val Loss: 0.41065368960138227, F1 Score: 0.7056601377734041

100%|██████████| 712/712 [04:35<00:00,  2.58it/s]
100%|██████████| 61/61 [00:24<00:00,  2.47it/s]
Epoch 7, Train Loss: 0.42796369351111774, Val Loss: 0.35164480253321223, F1 Score: 0.833464943434111

100%|██████████| 712/712 [04:37<00:00,  2.56it/s]
100%|██████████| 61/61 [00:25<00:00,  2.39it/s]
Epoch 8, Train Loss: 0.44525995341998137, Val Loss: 0.43622920943088217, F1 Score: 0.6012379960661808

100%|██████████| 712/712 [04:55<00:00,  2.41it/s]
100%|██████████| 61/61 [00:26<00:00,  2.33it/s]
Epoch 9, Train Loss: 0.4314162278171168, Val Loss: 0.5302110981257235, F1 Score: 0.51724307992231

100%|██████████| 712/712 [04:42<00:00,  2.52it/s]
100%|██████████| 61/61 [00:24<00:00,  2.50it/s]
Epoch 10, Train Loss: 0.4437755063081976, Val Loss: 0.6145734259339629, F1 Score: 0.6222560194497594

100%|██████████| 61/61 [00:24<00:00,  2.36it/s]
100%|██████████| 61/61 [00:24<00:00,  2.51it/s]
Epoch 11, Train Loss: 0.4845408293826694, Val Loss: 0.42949500985321454, F1 Score: 0.6386035616746621

100%|██████████| 712/712 [04:22<00:00,  2.71it/s]
100%|██████████| 61/61 [00:23<00:00,  2.61it/s]
Epoch 12, Train Loss: 0.3874254545060855, Val Loss: 0.3575855565608525, F1 Score: 0.776848706558662

100%|██████████| 712/712 [04:11<00:00,  2.83it/s]
100%|██████████| 61/61 [00:22<00:00,  2.73it/s]
Epoch 13, Train Loss: 0.39744781608578195, Val Loss: 0.37613860749807515, F1 Score: 0.7755028090507203

100%|██████████| 712/712 [04:08<00:00,  2.87it/s]
100%|██████████| 61/61 [00:22<00:00,  2.73it/s]
Epoch 14, Train Loss: 0.3724972092902309, Val Loss: 0.3322583692239933, F1 Score: 0.787363834422658
Early stopping triggered.


100%|██████████| 244/244 [02:19<00:00,  1.75it/s]
saved
              precision    recall  f1-score   support

           0       0.50      0.78      0.61       260
           1       0.98      0.94      0.96      3644

    accuracy                           0.93      3904
   macro avg       0.74      0.86      0.79      3904
weighted avg       0.95      0.93      0.94      3904

Matthews Correlation Coefficient: 0.5904809207649305
Brier Score: 0.07394371243892643
AUC: 0.9335662416617411
Accuracy: 0.9328893442622951
Precision: 0.7406223358908781, weighted: 0.9513190834067057
Recall: 0.8622561850882378, weighted: 0.9328893442622951
F1 Score: 0.785544876633288, weighted: 0.9396282136099753
##################################################  Saliency Maps  ##################################################

Class 0:
Class 1:


100%|██████████| 216/216 [01:12<00:00,  2.99it/s]

saved
              precision    recall  f1-score   support

           0       0.51      0.79      0.62       230
           1       0.98      0.94      0.96      3213

    accuracy                           0.93      3443
   macro avg       0.74      0.87      0.79      3443
weighted avg       0.95      0.93      0.94      3443

Matthews Correlation Coefficient: 0.6004857055723661
Brier Score: 0.07395992466307266
AUC: 0.9328881310978496
Accuracy: 0.9343595701423177
Precision: 0.7449931524128734, weighted: 0.9524408292718277
Recall: 0.867952205036604, weighted: 0.9343595701423177
F1 Score: 0.7905266728404368, weighted: 0.9409134701245275
##################################################  Saliency Maps  ##################################################

Class 0:
Class 1:

  0%|          | 0/29 [00:00<?, ?it/s]
  3%|▎         | 1/29 [00:01<00:46,  1.64s/it]
 10%|█         | 3/29 [00:01<00:12,  2.11it/s]
 17%|█▋        | 5/29 [00:02<00:12,  1.86it/s]
 24%|██▍       | 7/29 [00:03<00:07,  3.00it/s]
 31%|███       | 9/29 [00:04<00:08,  2.32it/s]
 41%|████▏     | 12/29 [00:04<00:04,  3.88it/s]
 48%|████▊     | 14/29 [00:05<00:05,  2.72it/s]
 59%|█████▊    | 17/29 [00:06<00:04,  2.54it/s]
 69%|██████▉   | 20/29 [00:07<00:02,  3.73it/s]
 76%|███████▌  | 22/29 [00:08<00:02,  2.73it/s]
 86%|████████▌ | 25/29 [00:09<00:01,  2.62it/s]
 97%|█████████▋| 28/29 [00:09<00:00,  3.73it/s]
100%|██████████| 29/29 [00:10<00:00,  2.66it/s]

saved
              precision    recall  f1-score   support

           0       0.44      0.70      0.54        30
           1       0.98      0.94      0.96       431

    accuracy                           0.92       461
   macro avg       0.71      0.82      0.75       461
weighted avg       0.94      0.92      0.93       461

Matthews Correlation Coefficient: 0.5147365497686301
Brier Score: 0.07382263199497964
AUC: 0.9399845320959009
Accuracy: 0.9219088937093276
Precision: 0.7078541162227603, weighted: 0.9430211457354
Recall: 0.818677494199536, weighted: 0.9219088937093276
F1 Score: 0.7479037550127597, weighted: 0.9300866809065552
##################################################  Saliency Maps  ##################################################

Class 0:
Class 1:
