Using 2 GPUs!
loading csv file in /home/livieymli/brset_analysis/BRSET/data/labels_brset.csv
Train data shape: (11386, 35)
Test data shape: (4880, 35)
Getting validation set...
Train data shape: (3904, 35)
Test data shape: (976, 35)
Using 2 GPUs!


100%|██████████| 712/712 [11:49<00:00,  1.00it/s]
100%|██████████| 61/61 [00:56<00:00,  1.09it/s]
Epoch 1, Train Loss: 0.6982921919461047, Val Loss: 0.6114801075614866, F1 Score: 0.5369497595510389

100%|██████████| 712/712 [05:26<00:00,  2.18it/s]
100%|██████████| 61/61 [00:29<00:00,  2.09it/s]
Epoch 2, Train Loss: 0.6729732056179744, Val Loss: 0.7428331682916547, F1 Score: 0.2798611111111111

100%|██████████| 712/712 [09:59<00:00,  1.19it/s]
100%|██████████| 61/61 [00:50<00:00,  1.22it/s]
Epoch 3, Train Loss: 0.6592184139017978, Val Loss: 0.5555717485849975, F1 Score: 0.5146089767499689

100%|██████████| 712/712 [07:13<00:00,  1.64it/s]
100%|██████████| 61/61 [00:23<00:00,  2.58it/s]
Epoch 4, Train Loss: 0.6237962449785699, Val Loss: 0.6811930468825044, F1 Score: 0.31704868922138146

100%|██████████| 712/712 [08:21<00:00,  1.42it/s]
100%|██████████| 61/61 [00:54<00:00,  1.13it/s]
Epoch 5, Train Loss: 0.5924582903514083, Val Loss: 0.45199041483832186, F1 Score: 0.6770574058709652

100%|██████████| 712/712 [07:30<00:00,  1.58it/s]
100%|██████████| 61/61 [00:29<00:00,  2.08it/s]
Epoch 6, Train Loss: 0.5695835824720981, Val Loss: 0.45705152388478887, F1 Score: 0.6018128282520607

100%|██████████| 712/712 [07:43<00:00,  1.54it/s]
100%|██████████| 61/61 [00:51<00:00,  1.18it/s]
Epoch 7, Train Loss: 0.5447584906111608, Val Loss: 0.4355333457227613, F1 Score: 0.6086109543167854

100%|██████████| 712/712 [08:03<00:00,  1.47it/s]
100%|██████████| 61/61 [00:37<00:00,  1.61it/s]
Epoch 8, Train Loss: 0.5310848234325982, Val Loss: 0.4308794983586327, F1 Score: 0.6549170384077133

100%|██████████| 712/712 [08:23<00:00,  1.42it/s]
100%|██████████| 61/61 [00:58<00:00,  1.04it/s]
Epoch 9, Train Loss: 0.5027902039877149, Val Loss: 0.5065711729350637, F1 Score: 0.5910227272727273

100%|██████████| 712/712 [07:03<00:00,  1.68it/s]
100%|██████████| 61/61 [00:29<00:00,  2.10it/s]
Epoch 10, Train Loss: 0.49044438248521155, Val Loss: 0.8263100046114843, F1 Score: 0.3656078458393624
100%|██████████| 712/712 [07:01<00:00,  1.69it/s]
100%|██████████| 61/61 [00:51<00:00,  1.19it/s]
Epoch 11, Train Loss: 0.4746282913125633, Val Loss: 0.45961517168850197, F1 Score: 0.6288084740749088

100%|██████████| 712/712 [07:17<00:00,  1.63it/s]
100%|██████████| 61/61 [00:40<00:00,  1.50it/s]
Epoch 12, Train Loss: 0.45284696943597513, Val Loss: 0.36353004308509046, F1 Score: 0.7407702523240371

100%|██████████| 712/712 [07:17<00:00,  1.63it/s]
100%|██████████| 61/61 [00:38<00:00,  1.58it/s]
Epoch 13, Train Loss: 0.4446493828815691, Val Loss: 0.42670313537609383, F1 Score: 0.6396127346355794

100%|██████████| 712/712 [06:41<00:00,  1.77it/s]
100%|██████████| 61/61 [00:32<00:00,  1.86it/s]
Epoch 14, Train Loss: 0.4415018920566929, Val Loss: 0.3251969656739079, F1 Score: 0.7977950425453201

100%|██████████| 712/712 [06:18<00:00,  1.88it/s]
100%|██████████| 61/61 [00:36<00:00,  1.68it/s]
Epoch 15, Train Loss: 0.4269627539357275, Val Loss: 0.35085241362208225, F1 Score: 0.7365542362431134

100%|██████████| 712/712 [06:59<00:00,  1.70it/s]
100%|██████████| 61/61 [00:30<00:00,  1.98it/s]
Epoch 16, Train Loss: 0.417782257551725, Val Loss: 0.368122440136847, F1 Score: 0.699843771143177

100%|██████████| 712/712 [05:40<00:00,  2.09it/s]
100%|██████████| 61/61 [00:27<00:00,  2.19it/s]
Epoch 17, Train Loss: 0.40914099808949767, Val Loss: 0.34358107579536123, F1 Score: 0.7483695392695153

100%|██████████| 712/712 [06:27<00:00,  1.84it/s]
100%|██████████| 61/61 [00:25<00:00,  2.40it/s]
Epoch 18, Train Loss: 0.3977206117797936, Val Loss: 0.37868828894417794, F1 Score: 0.7301236174365647

100%|██████████| 712/712 [07:04<00:00,  1.68it/s]
100%|██████████| 61/61 [00:26<00:00,  2.32it/s]
Epoch 19, Train Loss: 0.37175894524441677, Val Loss: 0.32762834783948835, F1 Score: 0.7464676094158166

100%|██████████| 712/712 [07:19<00:00,  1.62it/s]
100%|██████████| 61/61 [00:30<00:00,  2.02it/s]
Epoch 20, Train Loss: 0.3700333395083383, Val Loss: 0.2958632128038367, F1 Score: 0.7979555707840786

100%|██████████| 712/712 [07:35<00:00,  1.56it/s]
100%|██████████| 61/61 [00:29<00:00,  2.04it/s]
Epoch 21, Train Loss: 0.35994341860661344, Val Loss: 0.3035025059199724, F1 Score: 0.7356527566420484

100%|██████████| 712/712 [06:36<00:00,  1.80it/s]
100%|██████████| 61/61 [00:29<00:00,  2.05it/s]
Epoch 22, Train Loss: 0.3520636322196531, Val Loss: 0.2790204699410767, F1 Score: 0.7829865893199083

100%|██████████| 712/712 [05:24<00:00,  2.19it/s]
100%|██████████| 61/61 [00:23<00:00,  2.62it/s]
Epoch 23, Train Loss: 0.33952853066867655, Val Loss: 0.2735852414100874, F1 Score: 0.7854750914756345

100%|██████████| 712/712 [04:06<00:00,  2.89it/s]
100%|██████████| 61/61 [00:22<00:00,  2.72it/s]
Epoch 24, Train Loss: 0.33256835997983647, Val Loss: 0.3335271336016108, F1 Score: 0.7070664949069709

100%|██████████| 712/712 [04:05<00:00,  2.90it/s]
100%|██████████| 61/61 [00:22<00:00,  2.76it/s]
Epoch 25, Train Loss: 0.34609612760270075, Val Loss: 0.3014639759527855, F1 Score: 0.7867598863884642

100%|██████████| 712/712 [04:05<00:00,  2.90it/s]
100%|██████████| 61/61 [00:22<00:00,  2.73it/s]
Epoch 26, Train Loss: 0.3355626894548284, Val Loss: 0.28919767692196563, F1 Score: 0.7685001965772809

100%|██████████| 712/712 [04:06<00:00,  2.89it/s]
100%|██████████| 61/61 [00:22<00:00,  2.73it/s]
Epoch 27, Train Loss: 0.31276998972896947, Val Loss: 0.2720612613636939, F1 Score: 0.7959964627381623
Early stopping triggered.


100%|██████████| 244/244 [02:44<00:00,  1.49it/s]
              precision    recall  f1-score   support

           0       0.47      0.84      0.60       260
           1       0.99      0.93      0.96      3644

    accuracy                           0.93      3904
   macro avg       0.73      0.89      0.78      3904
weighted avg       0.95      0.93      0.94      3904

Matthews Correlation Coefficient: 0.5940923413194032
Brier Score: 0.06545094136778937
AUC: 0.950943595372794
Accuracy: 0.9257172131147541
Precision: 0.728008119160622, weighted: 0.953428460784875
Recall: 0.8869880942328802, weighted: 0.9257172131147541
F1 Score: 0.7803439498354753, weighted: 0.9352378802312813
##################################################  Saliency Maps  ##################################################

Class 0:
Class 1:


100%|██████████| 215/215 [01:10<00:00,  3.03it/s]
              precision    recall  f1-score   support

           0       0.47      0.85      0.61       233
           1       0.99      0.93      0.96      3192

    accuracy                           0.93      3425
   macro avg       0.73      0.89      0.78      3425
weighted avg       0.95      0.93      0.93      3425

Matthews Correlation Coefficient: 0.5979760226410058
Brier Score: 0.06536034516656693
AUC: 0.950608818182796
Accuracy: 0.9252554744525547
Precision: 0.7302269886218684, weighted: 0.9529553906183952
Recall: 0.8882856282336743, weighted: 0.9252554744525547
F1 Score: 0.7824317617866005, weighted: 0.9347255872923873
##################################################  Saliency Maps  ##################################################

Class 0:
Class 1:

100%|██████████| 30/30 [00:12<00:00,  2.50it/s]
              precision    recall  f1-score   support

           0       0.43      0.81      0.56        27
           1       0.99      0.94      0.96       452

    accuracy                           0.93       479
   macro avg       0.71      0.88      0.76       479
weighted avg       0.96      0.93      0.94       479

Matthews Correlation Coefficient: 0.5612867770379216
Brier Score: 0.06609873256261106
AUC: 0.9531301212717143
Accuracy: 0.9290187891440501
Precision: 0.7098451530144768, weighted: 0.9569241857865421
Recall: 0.8753277613897082, weighted: 0.9290187891440501
F1 Score: 0.7627331002331003, weighted: 0.9389710498269996
##################################################  Saliency Maps  ##################################################

Class 0:
Class 1:

