Using 4 GPUs!
loading csv file in /home/livieymli/brset_analysis/BRSET/data/labels_brset.csv
Train data shape: (11386, 35)
Test data shape: (4880, 35)
Getting validation set...
Train data shape: (3904, 35)
Test data shape: (976, 35)
Using 4 GPUs!

100%|██████████| 712/712 [05:23<00:00,  2.20it/s]
100%|██████████| 61/61 [00:26<00:00,  2.28it/s]
Epoch 1, Train Loss: 0.6946263367289238, Val Loss: 0.6935302302485606, F1 Score: 0.4366275110657133

100%|██████████| 712/712 [04:25<00:00,  2.68it/s]
100%|██████████| 61/61 [00:21<00:00,  2.84it/s]
Epoch 2, Train Loss: 0.6306469328282924, Val Loss: 0.6570230815254274, F1 Score: 0.4335038577118846

100%|██████████| 712/712 [04:10<00:00,  2.84it/s]
100%|██████████| 61/61 [00:21<00:00,  2.85it/s]
Epoch 3, Train Loss: 0.6228672400368064, Val Loss: 0.5870266937818683, F1 Score: 0.5128805620608899

100%|██████████| 712/712 [04:11<00:00,  2.83it/s]
100%|██████████| 61/61 [00:22<00:00,  2.73it/s]
Epoch 4, Train Loss: 0.6035703010229247, Val Loss: 0.5699289402023691, F1 Score: 0.534934888837721

100%|██████████| 712/712 [04:12<00:00,  2.82it/s]
100%|██████████| 61/61 [00:21<00:00,  2.85it/s]
Epoch 5, Train Loss: 0.5927940902792002, Val Loss: 0.5405544394352397, F1 Score: 0.5787312475210564

100%|██████████| 712/712 [04:12<00:00,  2.82it/s]
100%|██████████| 61/61 [00:21<00:00,  2.84it/s]
Epoch 6, Train Loss: 0.5738028072113737, Val Loss: 0.5411526101534484, F1 Score: 0.5385797301290258

100%|██████████| 712/712 [04:06<00:00,  2.89it/s]
100%|██████████| 61/61 [00:22<00:00,  2.76it/s]
Epoch 7, Train Loss: 0.5680470452173038, Val Loss: 0.5046990074095179, F1 Score: 0.6462229955052923

100%|██████████| 712/712 [04:10<00:00,  2.85it/s]
100%|██████████| 61/61 [00:22<00:00,  2.72it/s]
Epoch 8, Train Loss: 0.5553238446081288, Val Loss: 0.5160222854770598, F1 Score: 0.5776598705414456

100%|██████████| 712/712 [04:09<00:00,  2.85it/s]
100%|██████████| 61/61 [00:21<00:00,  2.80it/s]
Epoch 9, Train Loss: 0.5395924389320478, Val Loss: 0.5001144907513603, F1 Score: 0.5883920382015035

100%|██████████| 712/712 [04:09<00:00,  2.86it/s]
100%|██████████| 61/61 [00:22<00:00,  2.77it/s]
Epoch 10, Train Loss: 0.529028002926138, Val Loss: 0.4793294594913233, F1 Score: 0.6150482245810658

100%|██████████| 712/712 [04:03<00:00,  2.92it/s]
100%|██████████| 61/61 [00:22<00:00,  2.76it/s]
Epoch 11, Train Loss: 0.5238672045342038, Val Loss: 0.512025892978809, F1 Score: 0.5719053340198714

100%|██████████| 712/712 [04:16<00:00,  2.78it/s]
100%|██████████| 61/61 [00:21<00:00,  2.81it/s]
Epoch 12, Train Loss: 0.5005589482489596, Val Loss: 0.4950466454029083, F1 Score: 0.6038137481064919

100%|██████████| 712/712 [04:19<00:00,  2.75it/s]
100%|██████████| 61/61 [00:22<00:00,  2.76it/s]
Epoch 13, Train Loss: 0.5096720954340496, Val Loss: 0.4656163180460695, F1 Score: 0.6686154723106854

100%|██████████| 712/712 [04:11<00:00,  2.84it/s]
100%|██████████| 61/61 [00:22<00:00,  2.65it/s]
Epoch 14, Train Loss: 0.4999820648200726, Val Loss: 0.4712621120155835, F1 Score: 0.6112775619587429

100%|██████████| 712/712 [04:27<00:00,  2.66it/s]
100%|██████████| 61/61 [00:22<00:00,  2.73it/s]
Epoch 15, Train Loss: 0.4862423562601711, Val Loss: 0.4411006604061752, F1 Score: 0.6897425117156657

100%|██████████| 712/712 [04:23<00:00,  2.70it/s]
100%|██████████| 61/61 [00:22<00:00,  2.74it/s]
Epoch 16, Train Loss: 0.479553750370828, Val Loss: 0.42458211447371813, F1 Score: 0.6628197945845005

100%|██████████| 712/712 [04:19<00:00,  2.75it/s]
100%|██████████| 61/61 [00:22<00:00,  2.75it/s]
Epoch 17, Train Loss: 0.4722024095715599, Val Loss: 0.42325019079153653, F1 Score: 0.7003664303599242

100%|██████████| 712/712 [04:15<00:00,  2.79it/s]
100%|██████████| 61/61 [00:21<00:00,  2.83it/s]
Epoch 18, Train Loss: 0.4651084404145734, Val Loss: 0.4121609203151015, F1 Score: 0.7498077416047166

100%|██████████| 712/712 [04:19<00:00,  2.74it/s]
100%|██████████| 61/61 [00:22<00:00,  2.72it/s]
Epoch 19, Train Loss: 0.4603179560220811, Val Loss: 0.3958276082746318, F1 Score: 0.7489772193397277

100%|██████████| 712/712 [04:29<00:00,  2.64it/s]
100%|██████████| 61/61 [00:25<00:00,  2.37it/s]
Epoch 20, Train Loss: 0.4414903119918001, Val Loss: 0.3841450810432434, F1 Score: 0.744118515765265

100%|██████████| 712/712 [04:36<00:00,  2.58it/s]
100%|██████████| 61/61 [00:21<00:00,  2.84it/s]
Epoch 21, Train Loss: 0.4481346316196108, Val Loss: 0.3839861853200881, F1 Score: 0.7302097370512421

100%|██████████| 712/712 [04:24<00:00,  2.69it/s]
100%|██████████| 61/61 [00:21<00:00,  2.79it/s]
Epoch 22, Train Loss: 0.42552455248876236, Val Loss: 0.378061302616948, F1 Score: 0.7615897537466165

100%|██████████| 712/712 [04:08<00:00,  2.86it/s]
100%|██████████| 61/61 [00:21<00:00,  2.83it/s]
Epoch 23, Train Loss: 0.43313578394859026, Val Loss: 0.37537115702375035, F1 Score: 0.782446923427764

100%|██████████| 712/712 [04:11<00:00,  2.83it/s]
100%|██████████| 61/61 [00:21<00:00,  2.85it/s]
Epoch 24, Train Loss: 0.4270873332626364, Val Loss: 0.38508291847881726, F1 Score: 0.7381735159817351

100%|██████████| 712/712 [04:09<00:00,  2.85it/s]
100%|██████████| 61/61 [00:21<00:00,  2.87it/s]
Epoch 25, Train Loss: 0.408942210404307, Val Loss: 0.381928731427818, F1 Score: 0.7383817347939685

100%|██████████| 712/712 [04:10<00:00,  2.85it/s]
100%|██████████| 61/61 [00:21<00:00,  2.85it/s]
Epoch 26, Train Loss: 0.4009023907992026, Val Loss: 0.38335279363100644, F1 Score: 0.6827254404785125

100%|██████████| 712/712 [04:10<00:00,  2.84it/s]
100%|██████████| 61/61 [00:21<00:00,  2.83it/s]
Epoch 27, Train Loss: 0.4010299908080965, Val Loss: 0.36186532126586946, F1 Score: 0.7670104217820701

100%|██████████| 712/712 [04:11<00:00,  2.83it/s]
100%|██████████| 61/61 [00:22<00:00,  2.77it/s]
Epoch 28, Train Loss: 0.4011156127233519, Val Loss: 0.3412476338324, F1 Score: 0.7753348214285714

100%|██████████| 712/712 [04:08<00:00,  2.86it/s]
100%|██████████| 61/61 [00:21<00:00,  2.81it/s]
Epoch 29, Train Loss: 0.3985822114444683, Val Loss: 0.34531516984837957, F1 Score: 0.810227493680731

100%|██████████| 712/712 [04:11<00:00,  2.83it/s]
100%|██████████| 61/61 [00:21<00:00,  2.84it/s]
Epoch 30, Train Loss: 0.3836081809249152, Val Loss: 0.3487240741731691, F1 Score: 0.7623651009749424

100%|██████████| 712/712 [04:09<00:00,  2.85it/s]
100%|██████████| 61/61 [00:21<00:00,  2.85it/s]
Epoch 31, Train Loss: 0.38708617721338956, Val Loss: 0.34878601378104723, F1 Score: 0.7720478325859492

100%|██████████| 712/712 [04:11<00:00,  2.83it/s]
100%|██████████| 61/61 [00:21<00:00,  2.79it/s]
Epoch 32, Train Loss: 0.3904051007545982, Val Loss: 0.34651511272446056, F1 Score: 0.7956673704380534

100%|██████████| 712/712 [04:19<00:00,  2.74it/s]
100%|██████████| 61/61 [00:22<00:00,  2.70it/s]
Epoch 33, Train Loss: 0.3867181539483201, Val Loss: 0.34807694788838994, F1 Score: 0.8312199634031087

100%|██████████| 712/712 [04:20<00:00,  2.74it/s]
100%|██████████| 61/61 [00:22<00:00,  2.69it/s]
Epoch 34, Train Loss: 0.3672277625189738, Val Loss: 0.32921900123846337, F1 Score: 0.8048595691841438

100%|██████████| 712/712 [04:23<00:00,  2.70it/s]
100%|██████████| 61/61 [00:22<00:00,  2.72it/s]
Epoch 35, Train Loss: 0.37429691872067666, Val Loss: 0.3372165331708603, F1 Score: 0.7774714385433219

100%|██████████| 712/712 [04:24<00:00,  2.69it/s]
100%|██████████| 61/61 [00:22<00:00,  2.76it/s]
Epoch 36, Train Loss: 0.35736522330703696, Val Loss: 0.3471787694047709, F1 Score: 0.7655536872447755

100%|██████████| 712/712 [04:09<00:00,  2.85it/s]
100%|██████████| 61/61 [00:21<00:00,  2.81it/s]
Epoch 37, Train Loss: 0.3747163203419343, Val Loss: 0.329169898492391, F1 Score: 0.7900688298918388

100%|██████████| 712/712 [04:29<00:00,  2.64it/s]
100%|██████████| 61/61 [00:21<00:00,  2.85it/s]
Epoch 38, Train Loss: 0.3491832075138273, Val Loss: 0.34801869540185226, F1 Score: 0.7922421948912015

100%|██████████| 712/712 [04:06<00:00,  2.89it/s]
100%|██████████| 61/61 [00:21<00:00,  2.82it/s]
Epoch 39, Train Loss: 0.36146784696225703, Val Loss: 0.31047036401072486, F1 Score: 0.8096586394695406

100%|██████████| 712/712 [04:00<00:00,  2.96it/s]
100%|██████████| 61/61 [00:21<00:00,  2.82it/s]
Epoch 40, Train Loss: 0.3508578975569834, Val Loss: 0.34150999002769344, F1 Score: 0.8125614552605702
Early stopping triggered.

100%|██████████| 244/244 [02:13<00:00,  1.82it/s]
              precision    recall  f1-score   support

           0       0.52      0.69      0.60       260
           1       0.98      0.96      0.97      3644

    accuracy                           0.94      3904
   macro avg       0.75      0.82      0.78      3904
weighted avg       0.95      0.94      0.94      3904

Matthews Correlation Coefficient: 0.5703401913592555
Brier Score: 0.0622438524590164
Accuracy: 0.9377561475409836
Precision: 0.7511578707785918, weighted: 0.947381788915302
Recall: 0.8237883137718484, weighted: 0.9377561475409836
F1 Score: 0.7816441733041939, weighted: 0.9416814107526329
##################################################  Saliency Maps  ##################################################

Class 0:
Class 1:

100%|██████████| 213/213 [01:14<00:00,  2.86it/s]
              precision    recall  f1-score   support

           0       0.54      0.70      0.61       235
           1       0.98      0.96      0.97      3173

    accuracy                           0.94      3408
   macro avg       0.76      0.83      0.79      3408
weighted avg       0.95      0.94      0.94      3408

Matthews Correlation Coefficient: 0.5822880874389145
Brier Score: 0.061619718309859156
Accuracy: 0.9383802816901409
Precision: 0.7591938904035331, weighted: 0.947077408462082
Recall: 0.8270326089143103, weighted: 0.9383802816901409
F1 Score: 0.7881076420757682, weighted: 0.9419407484127114
##################################################  Saliency Maps  ##################################################

Class 0:
Class 1:

100%|██████████| 31/31 [00:12<00:00,  2.55it/s]
              precision    recall  f1-score   support

           0       0.40      0.64      0.49        25
           1       0.98      0.95      0.96       471

    accuracy                           0.93       496
   macro avg       0.69      0.79      0.73       496
weighted avg       0.95      0.93      0.94       496

Matthews Correlation Coefficient: 0.4732778828640884
Brier Score: 0.06653225806451613
Accuracy: 0.9334677419354839
Precision: 0.6901315789473684, weighted: 0.9510160229202037
Recall: 0.7945222929936306, weighted: 0.9334677419354839
F1 Score: 0.7283544934030372, weighted: 0.9406062540653835
##################################################  Saliency Maps  ##################################################

Class 0:
Class 1:
