Using 2 GPUs!
loading csv file in /home/livieymli/brset_analysis/BRSET/data/train_brset_nooverlap.csv
loading csv file in /home/livieymli/brset_analysis/BRSET/data/val_brset_nooverlap.csv
loading csv file in /home/livieymli/brset_analysis/BRSET/data/test_brset_nooverlap.csv
Using 2 GPUs!

100%|██████████| 711/711 [07:14<00:00,  2.17it/s]
100%|██████████| 711/711 [07:14<00:00,  1.64it/s]
100%|██████████| 62/62 [00:37<00:00,  3.71it/s]
100%|██████████| 62/62 [00:37<00:00,  1.65it/s]
Epoch 1, Train Loss: 0.6890624459785751, Val Loss: 0.6621810928467782, F1 Score: 0.43145591298221486
100%|██████████| 711/711 [04:21<00:00,  2.80it/s]
100%|██████████| 711/711 [04:22<00:00,  2.71it/s]
100%|██████████| 62/62 [00:21<00:00,  5.31it/s]
100%|██████████| 62/62 [00:21<00:00,  2.89it/s]
Epoch 2, Train Loss: 0.6452017332179637, Val Loss: 0.5968308285359414, F1 Score: 0.5540265958516909
100%|██████████| 711/711 [05:26<00:00,  2.34it/s]
100%|██████████| 711/711 [05:26<00:00,  2.18it/s]
100%|██████████| 62/62 [00:30<00:00,  3.39it/s]
100%|██████████| 62/62 [00:31<00:00,  1.99it/s]
Epoch 3, Train Loss: 0.620974223824996, Val Loss: 0.659301916918447, F1 Score: 0.43186346833504274
100%|██████████| 711/711 [05:16<00:00,  2.07it/s]
100%|██████████| 711/711 [05:16<00:00,  2.24it/s]
100%|██████████| 62/62 [00:26<00:00,  4.68it/s]
100%|██████████| 62/62 [00:27<00:00,  2.28it/s]
Epoch 4, Train Loss: 0.5892595199844505, Val Loss: 0.7807424683724681, F1 Score: 0.3675719446151372
100%|██████████| 711/711 [05:15<00:00,  2.13it/s]
100%|██████████| 711/711 [05:15<00:00,  2.25it/s]
100%|██████████| 62/62 [00:28<00:00,  4.29it/s]
100%|██████████| 62/62 [00:28<00:00,  2.16it/s]
Epoch 5, Train Loss: 0.5879761380485341, Val Loss: 0.5365299231583073, F1 Score: 0.5768258522921363
100%|██████████| 711/711 [04:57<00:00,  2.23it/s]
100%|██████████| 711/711 [04:57<00:00,  2.39it/s]
100%|██████████| 62/62 [00:27<00:00,  3.53it/s]
100%|██████████| 62/62 [00:28<00:00,  2.20it/s]
Epoch 6, Train Loss: 0.5494474599716868, Val Loss: 0.5689620861122685, F1 Score: 0.5438460830341526
100%|██████████| 711/711 [05:02<00:00,  2.41it/s]
100%|██████████| 711/711 [05:03<00:00,  2.35it/s]
100%|██████████| 62/62 [00:28<00:00,  4.46it/s]
100%|██████████| 62/62 [00:28<00:00,  2.14it/s]
Epoch 7, Train Loss: 0.5298194273069773, Val Loss: 0.5758518773701883, F1 Score: 0.5671453154784065
100%|██████████| 711/711 [05:16<00:00,  2.28it/s]
100%|██████████| 711/711 [05:16<00:00,  2.24it/s]
100%|██████████| 62/62 [00:28<00:00,  3.58it/s]
100%|██████████| 62/62 [00:28<00:00,  2.16it/s]
Epoch 8, Train Loss: 0.5192114429131842, Val Loss: 0.4524619966264694, F1 Score: 0.654089026915114
100%|██████████| 711/711 [05:00<00:00,  2.52it/s]
100%|██████████| 711/711 [05:00<00:00,  2.36it/s]
100%|██████████| 62/62 [00:26<00:00,  4.16it/s]
100%|██████████| 62/62 [00:26<00:00,  2.33it/s]
Epoch 9, Train Loss: 0.504815483143561, Val Loss: 0.518484735200482, F1 Score: 0.6090727399488729
100%|██████████| 711/711 [04:46<00:00,  2.54it/s]
100%|██████████| 711/711 [04:46<00:00,  2.48it/s]
100%|██████████| 62/62 [00:26<00:00,  4.86it/s]
100%|██████████| 62/62 [00:26<00:00,  2.34it/s]
Epoch 10, Train Loss: 0.48786170909550625, Val Loss: 0.44593937538804546, F1 Score: 0.6947558157821516
100%|██████████| 711/711 [04:46<00:00,  2.54it/s]
100%|██████████| 711/711 [04:46<00:00,  2.48it/s]
100%|██████████| 62/62 [00:25<00:00,  3.70it/s]
100%|██████████| 62/62 [00:26<00:00,  2.38it/s]
Epoch 11, Train Loss: 0.4673536488296446, Val Loss: 0.4633468570968797, F1 Score: 0.6592866165259264
100%|██████████| 711/711 [04:48<00:00,  2.36it/s]
100%|██████████| 711/711 [04:49<00:00,  2.46it/s]
100%|██████████| 62/62 [00:29<00:00,  1.44it/s]
100%|██████████| 62/62 [00:29<00:00,  2.10it/s]
Epoch 12, Train Loss: 0.4710249653722666, Val Loss: 0.4077100804255855, F1 Score: 0.6906115434010727
100%|██████████| 711/711 [05:05<00:00,  2.05it/s]
100%|██████████| 711/711 [05:06<00:00,  2.32it/s]
100%|██████████| 62/62 [00:30<00:00,  2.39it/s]
100%|██████████| 62/62 [00:30<00:00,  2.01it/s]
Epoch 13, Train Loss: 0.4394548710765718, Val Loss: 0.41963696131302464, F1 Score: 0.6487494330530581
100%|██████████| 711/711 [05:10<00:00,  2.31it/s]
100%|██████████| 711/711 [05:10<00:00,  2.29it/s]
100%|██████████| 62/62 [00:28<00:00,  3.22it/s]
100%|██████████| 62/62 [00:28<00:00,  2.17it/s]
Epoch 14, Train Loss: 0.4365485958576873, Val Loss: 0.3929287912624498, F1 Score: 0.7065765261220898
100%|██████████| 711/711 [04:58<00:00,  2.51it/s]
100%|██████████| 711/711 [04:58<00:00,  2.38it/s]
100%|██████████| 62/62 [00:24<00:00,  4.87it/s]
100%|██████████| 62/62 [00:25<00:00,  2.46it/s]
Epoch 15, Train Loss: 0.41473399450591175, Val Loss: 0.3493356463168898, F1 Score: 0.7583686696314682
100%|██████████| 711/711 [04:54<00:00,  2.52it/s]
100%|██████████| 711/711 [04:54<00:00,  2.41it/s]
100%|██████████| 62/62 [00:25<00:00,  4.40it/s]
100%|██████████| 62/62 [00:25<00:00,  2.40it/s]
Epoch 16, Train Loss: 0.4040857592987947, Val Loss: 0.39820809428009296, F1 Score: 0.7073992112453176
100%|██████████| 711/711 [05:13<00:00,  2.42it/s]
100%|██████████| 711/711 [05:13<00:00,  2.26it/s]
100%|██████████| 62/62 [00:27<00:00,  4.53it/s]
100%|██████████| 62/62 [00:27<00:00,  2.22it/s]
Epoch 17, Train Loss: 0.3951461861321359, Val Loss: 0.4310394860804081, F1 Score: 0.6456521739130434
100%|██████████| 711/711 [05:11<00:00,  2.35it/s]
100%|██████████| 711/711 [05:11<00:00,  2.28it/s]
100%|██████████| 62/62 [00:29<00:00,  3.16it/s]
100%|██████████| 62/62 [00:30<00:00,  2.05it/s]
Epoch 18, Train Loss: 0.3813003812786899, Val Loss: 0.3506679062641436, F1 Score: 0.7544578570542215
100%|██████████| 711/711 [05:36<00:00,  2.32it/s]
100%|██████████| 711/711 [05:37<00:00,  2.11it/s]
100%|██████████| 62/62 [00:31<00:00,  4.08it/s]
100%|██████████| 62/62 [00:31<00:00,  1.96it/s]
Epoch 19, Train Loss: 0.3689678097785609, Val Loss: 0.34217331029715076, F1 Score: 0.7205336824713987
100%|██████████| 711/711 [05:30<00:00,  2.17it/s]
100%|██████████| 711/711 [05:31<00:00,  2.15it/s]
100%|██████████| 62/62 [00:33<00:00,  2.35it/s]
100%|██████████| 62/62 [00:34<00:00,  1.80it/s]
Epoch 20, Train Loss: 0.35278510316451894, Val Loss: 0.3787339947997562, F1 Score: 0.7016136588037736
100%|██████████| 711/711 [05:30<00:00,  2.24it/s]
100%|██████████| 711/711 [05:30<00:00,  2.15it/s]
100%|██████████| 62/62 [00:30<00:00,  4.00it/s]
100%|██████████| 62/62 [00:31<00:00,  1.99it/s]
Epoch 21, Train Loss: 0.3532565588500932, Val Loss: 0.35806613163121287, F1 Score: 0.7170719645925798
100%|██████████| 711/711 [05:32<00:00,  1.98it/s]
100%|██████████| 711/711 [05:32<00:00,  2.14it/s]
100%|██████████| 62/62 [00:36<00:00,  2.20it/s]
100%|██████████| 62/62 [00:36<00:00,  1.70it/s]
Epoch 22, Train Loss: 0.3438531666176732, Val Loss: 0.344003880156144, F1 Score: 0.7415106698383149
Early stopping triggered.
100%|██████████| 245/245 [02:14<00:00,  1.39s/it]
100%|██████████| 245/245 [02:15<00:00,  1.81it/s]
saved
              precision    recall  f1-score   support

           0       0.44      0.84      0.58       253
           1       0.99      0.93      0.96      3663

    accuracy                           0.92      3916
   macro avg       0.72      0.88      0.77      3916
weighted avg       0.95      0.92      0.93      3916

Matthews Correlation Coefficient: 0.5750113432984718
Brier Score: 0.0700573434422179
AUC: 0.9499513886865665
Accuracy: 0.9210929519918284
Precision: 0.715130245023526, weighted: 0.9530478706203793
Recall: 0.8842300798822538, weighted: 0.9210929519918284
F1 Score: 0.7680261564961337, weighted: 0.9321122214569382
##################################################  Saliency Maps  ##################################################

Class 0:
Class 1:

100%|██████████| 217/217 [01:11<00:00,  3.03it/s]

saved
              precision    recall  f1-score   support

           0       0.44      0.86      0.58       223
           1       0.99      0.92      0.96      3236

    accuracy                           0.92      3459
   macro avg       0.71      0.89      0.77      3459
weighted avg       0.95      0.92      0.93      3459

Matthews Correlation Coefficient: 0.5793324298750514
Brier Score: 0.07056187387822394
AUC: 0.9495183113737271
Accuracy: 0.9204972535414859
Precision: 0.7147568267509616, weighted: 0.9540065009770713
Recall: 0.8907047675533655, weighted: 0.9204972535414859
F1 Score: 0.7687540248796821, weighted: 0.9319240277198018
##################################################  Saliency Maps  ##################################################

Class 0:
Class 1:

100%|██████████| 29/29 [00:10<00:00,  2.72it/s]

saved
              precision    recall  f1-score   support

           0       0.46      0.73      0.56        30
           1       0.98      0.94      0.96       427

    accuracy                           0.93       457
   macro avg       0.72      0.84      0.76       457
weighted avg       0.95      0.93      0.93       457

Matthews Correlation Coefficient: 0.543185326970682
Brier Score: 0.06623857718971721
AUC: 0.9528493364558938
Accuracy: 0.925601750547046
Precision: 0.7193867155664222, weighted: 0.9461661307667204
Recall: 0.8362217017954723, weighted: 0.925601750547046
F1 Score: 0.761716353821617, weighted: 0.9333852258532668
##################################################  Saliency Maps  ##################################################

Class 0:
Class 1:
