Using 2 GPUs!
loading csv file in /home/livieymli/brset_analysis/BRSET/data/train_brset_nooverlap.csv
loading csv file in /home/livieymli/brset_analysis/BRSET/data/val_brset_nooverlap.csv
loading csv file in /home/livieymli/brset_analysis/BRSET/data/test_brset_nooverlap.csv
Using 2 GPUs!

100%|██████████| 711/711 [04:10<00:00,  2.84it/s]
100%|██████████| 62/62 [00:21<00:00,  2.95it/s]
Epoch 1, Train Loss: 0.5521343671382731, Val Loss: 0.3733235442590329, F1 Score: 0.8209825262950394

100%|██████████| 711/711 [04:17<00:00,  2.76it/s]
100%|██████████| 62/62 [00:21<00:00,  2.93it/s]
Epoch 2, Train Loss: 0.4648982361902165, Val Loss: 0.38597179492635114, F1 Score: 0.7845315398886827

100%|██████████| 711/711 [04:11<00:00,  2.83it/s]
100%|██████████| 62/62 [00:21<00:00,  2.92it/s]
Epoch 3, Train Loss: 0.43080815495779073, Val Loss: 0.403161404714469, F1 Score: 0.7483254051767847

100%|██████████| 711/711 [04:25<00:00,  2.68it/s]
100%|██████████| 62/62 [00:27<00:00,  2.28it/s]
Epoch 4, Train Loss: 0.4072839303358698, Val Loss: 0.5529751921853712, F1 Score: 0.7310284822785822

100%|██████████| 711/711 [04:32<00:00,  2.61it/s]
100%|██████████| 62/62 [00:21<00:00,  2.90it/s]
Epoch 5, Train Loss: 0.39185948668338577, Val Loss: 0.38820074378482755, F1 Score: 0.7846203127189733

100%|██████████| 711/711 [04:50<00:00,  2.45it/s]
100%|██████████| 62/62 [00:38<00:00,  1.60it/s]
Epoch 6, Train Loss: 0.37698354379767773, Val Loss: 0.361814881524732, F1 Score: 0.7902164218702372

100%|██████████| 711/711 [07:48<00:00,  1.52it/s]
100%|██████████| 62/62 [00:55<00:00,  1.12it/s]
Epoch 7, Train Loss: 0.3432312523199536, Val Loss: 0.3037523441016674, F1 Score: 0.8348427002380772

100%|██████████| 711/711 [05:46<00:00,  2.05it/s]
100%|██████████| 62/62 [00:32<00:00,  1.93it/s]
Epoch 8, Train Loss: 0.34607882785405203, Val Loss: 0.36875620820829946, F1 Score: 0.8510735495660119

100%|██████████| 711/711 [04:52<00:00,  2.43it/s]
100%|██████████| 62/62 [00:27<00:00,  2.23it/s]
Epoch 9, Train Loss: 0.3191437125127401, Val Loss: 0.2901988498145534, F1 Score: 0.8372083732821988

100%|██████████| 711/711 [04:54<00:00,  2.41it/s]
100%|██████████| 62/62 [00:29<00:00,  2.10it/s]
Epoch 10, Train Loss: 0.3009157932943726, Val Loss: 0.331285523430955, F1 Score: 0.8215142350610074

100%|██████████| 711/711 [04:57<00:00,  2.39it/s]
100%|██████████| 62/62 [00:31<00:00,  1.99it/s]
Epoch 11, Train Loss: 0.2860878311626812, Val Loss: 0.30237388634873974, F1 Score: 0.8389434161122455

100%|██████████| 711/711 [04:45<00:00,  2.49it/s]
100%|██████████| 62/62 [00:30<00:00,  2.04it/s]
Epoch 12, Train Loss: 0.2809285449542619, Val Loss: 0.6840558357296451, F1 Score: 0.8925864909390445

100%|██████████| 711/711 [04:43<00:00,  2.51it/s]
100%|██████████| 62/62 [00:29<00:00,  2.10it/s]
Epoch 13, Train Loss: 0.2516780574183843, Val Loss: 0.7937941625714302, F1 Score: 0.8712785279949459

100%|██████████| 711/711 [04:35<00:00,  2.58it/s]
100%|██████████| 62/62 [00:32<00:00,  1.89it/s]
Epoch 14, Train Loss: 0.23418800021441843, Val Loss: 0.32616491916198886, F1 Score: 0.8557923882235365

100%|██████████| 711/711 [04:44<00:00,  2.50it/s]
100%|██████████| 62/62 [00:35<00:00,  1.72it/s]
Epoch 15, Train Loss: 0.22383488705263863, Val Loss: 0.31248808907525194, F1 Score: 0.8169984039918549

100%|██████████| 711/711 [04:40<00:00,  2.53it/s]
100%|██████████| 62/62 [00:33<00:00,  1.85it/s]
Epoch 16, Train Loss: 0.21467932189373318, Val Loss: 0.25799550888158623, F1 Score: 0.8830535227435787

100%|██████████| 711/711 [04:39<00:00,  2.55it/s]
100%|██████████| 62/62 [00:26<00:00,  2.38it/s]
Epoch 17, Train Loss: 0.20457761937231034, Val Loss: 0.35625396647881113, F1 Score: 0.8770959081475276

100%|██████████| 711/711 [04:59<00:00,  2.37it/s]
100%|██████████| 62/62 [00:34<00:00,  1.79it/s]
Epoch 18, Train Loss: 0.1891074274350927, Val Loss: 0.5687571813863131, F1 Score: 0.8846269797924632

100%|██████████| 711/711 [04:54<00:00,  2.41it/s]
100%|██████████| 62/62 [00:38<00:00,  1.63it/s]
Epoch 19, Train Loss: 0.18504310219709758, Val Loss: 0.34914930534338756, F1 Score: 0.8018000834475771
Early stopping triggered.

100%|██████████| 245/245 [03:09<00:00,  1.29it/s]

saved
              precision    recall  f1-score   support

           0       0.51      0.90      0.65       253
           1       0.99      0.94      0.97      3663

    accuracy                           0.94      3916
   macro avg       0.75      0.92      0.81      3916
weighted avg       0.96      0.94      0.95      3916

Matthews Correlation Coefficient: 0.6471993838380177
Brier Score: 0.05280038694380697
AUC: 0.9655555663460802
Accuracy: 0.9371807967313586
Precision: 0.7501675111550499, weighted: 0.9611917678774895
Recall: 0.9185865707604839, weighted: 0.9371807967313586
F1 Score: 0.807039500040061, weighted: 0.9450313600267913
##################################################  Saliency Maps  ##################################################

Class 0:
Class 1:

100%|██████████| 217/217 [01:12<00:00,  3.01it/s]

saved
              precision    recall  f1-score   support

           0       0.50      0.89      0.64       223
           1       0.99      0.94      0.97      3236

    accuracy                           0.94      3459
   macro avg       0.75      0.92      0.80      3459
weighted avg       0.96      0.94      0.94      3459

Matthews Correlation Coefficient: 0.6422984789627878
Brier Score: 0.05278151750286163
AUC: 0.9634576263670477
Accuracy: 0.9363978028331887
Precision: 0.7479822850910534, weighted: 0.9606821558130668
Recall: 0.9159040392002528, weighted: 0.9363978028331887
F1 Score: 0.804546155031592, weighted: 0.9443803735554255
##################################################  Saliency Maps  ##################################################

Class 0:
Class 1:

100%|██████████| 29/29 [00:10<00:00,  2.84it/s]
saved
              precision    recall  f1-score   support

           0       0.54      0.93      0.68        30
           1       1.00      0.94      0.97       427

    accuracy                           0.94       457
   macro avg       0.77      0.94      0.83       457
weighted avg       0.97      0.94      0.95       457

Matthews Correlation Coefficient: 0.6840817150380469
Brier Score: 0.05294320701069734
AUC: 0.9822014051522249
Accuracy: 0.9431072210065645
Precision: 0.7667616334283001, weighted: 0.965087974132467
Recall: 0.9385636221701796, weighted: 0.9431072210065645
F1 Score: 0.8258384146341463, weighted: 0.9499869909804131
##################################################  Saliency Maps  ##################################################

Class 0:
Class 1:
