Using 2 GPUs!
loading csv file in /home/livieymli/brset_analysis/BRSET/data/train_brset_nooverlap.csv
loading csv file in /home/livieymli/brset_analysis/BRSET/data/val_brset_nooverlap.csv
loading csv file in /home/livieymli/brset_analysis/BRSET/data/test_brset_nooverlap.csv
Using 2 GPUs!

100%|██████████| 711/711 [07:29<00:00,  1.58it/s]
100%|██████████| 62/62 [00:34<00:00,  1.81it/s]
Epoch 1, Train Loss: 0.7232910890535631, Val Loss: 0.7474814302498295, F1 Score: 0.38316025006985027
100%|██████████| 711/711 [07:06<00:00,  1.67it/s]
100%|██████████| 62/62 [00:45<00:00,  1.35it/s]
Epoch 2, Train Loss: 0.6768122055108035, Val Loss: 0.6886317614586123, F1 Score: 0.3789250360335076
100%|██████████| 711/711 [07:16<00:00,  1.63it/s]
100%|██████████| 62/62 [00:47<00:00,  1.31it/s]
Epoch 3, Train Loss: 0.646711426151788, Val Loss: 0.6819736202878337, F1 Score: 0.39923906836964684
100%|██████████| 711/711 [07:12<00:00,  1.64it/s]
100%|██████████| 62/62 [00:30<00:00,  2.02it/s]
Epoch 4, Train Loss: 0.6227426724888269, Val Loss: 0.5909161966654563, F1 Score: 0.504723706414985
100%|██████████| 711/711 [06:49<00:00,  1.74it/s]
100%|██████████| 62/62 [00:41<00:00,  1.49it/s]
Epoch 5, Train Loss: 0.6182700231692292, Val Loss: 0.5897894520913401, F1 Score: 0.4909824561403509
100%|██████████| 711/711 [06:59<00:00,  1.69it/s]
100%|██████████| 62/62 [00:30<00:00,  2.04it/s]
Epoch 6, Train Loss: 0.6005493341283624, Val Loss: 0.573937772262481, F1 Score: 0.5134365372180594
100%|██████████| 711/711 [06:58<00:00,  1.70it/s]
100%|██████████| 62/62 [00:39<00:00,  1.57it/s]
Epoch 7, Train Loss: 0.5896440603771625, Val Loss: 0.5383142302593877, F1 Score: 0.5626118067978533
100%|██████████| 711/711 [07:03<00:00,  1.68it/s]
100%|██████████| 62/62 [00:32<00:00,  1.88it/s]
Epoch 8, Train Loss: 0.5728777488994866, Val Loss: 0.5431277093387419, F1 Score: 0.5871511405632726
100%|██████████| 711/711 [07:01<00:00,  1.69it/s]
100%|██████████| 62/62 [00:38<00:00,  1.60it/s]
Epoch 9, Train Loss: 0.5588479418459489, Val Loss: 0.5091802345648888, F1 Score: 0.5832305517540451
100%|██████████| 711/711 [06:41<00:00,  1.77it/s]
100%|██████████| 62/62 [00:34<00:00,  1.80it/s]
Epoch 10, Train Loss: 0.5447982860684563, Val Loss: 0.5156784958897098, F1 Score: 0.5879918300359981
100%|██████████| 711/711 [06:15<00:00,  1.89it/s]
100%|██████████| 62/62 [00:36<00:00,  1.69it/s]
Epoch 11, Train Loss: 0.5322179592066508, Val Loss: 0.5382033084188739, F1 Score: 0.5849195608478743
100%|██████████| 711/711 [06:08<00:00,  1.93it/s]
100%|██████████| 62/62 [00:33<00:00,  1.85it/s]
Epoch 12, Train Loss: 0.5226056783259669, Val Loss: 0.5152352252794851, F1 Score: 0.6054893308746049
100%|██████████| 711/711 [06:13<00:00,  1.90it/s]
100%|██████████| 62/62 [00:36<00:00,  1.71it/s]
Epoch 13, Train Loss: 0.5086856865849341, Val Loss: 0.5284727934387422, F1 Score: 0.5615280363596539
100%|██████████| 711/711 [13:17<00:00,  1.12s/it]
100%|██████████| 62/62 [00:52<00:00,  1.18it/s]
Epoch 14, Train Loss: 0.5061639286839676, Val Loss: 0.7283743511765234, F1 Score: 0.6448948857474968
100%|██████████| 711/711 [07:22<00:00,  1.61it/s]
100%|██████████| 62/62 [00:31<00:00,  1.94it/s]
Epoch 15, Train Loss: 0.4896127517674375, Val Loss: 0.578939246073846, F1 Score: 0.6501246810100618
100%|██████████| 711/711 [06:58<00:00,  1.70it/s]
100%|██████████| 62/62 [00:40<00:00,  1.53it/s]
Epoch 16, Train Loss: 0.47798360810836493, Val Loss: 0.4544903849882464, F1 Score: 0.7246526700451615
100%|██████████| 711/711 [06:50<00:00,  1.73it/s]
100%|██████████| 62/62 [00:41<00:00,  1.48it/s]
Epoch 17, Train Loss: 0.46425519753692857, Val Loss: 0.4441791784859473, F1 Score: 0.6889141252829236
100%|██████████| 711/711 [07:08<00:00,  1.66it/s]
100%|██████████| 62/62 [00:33<00:00,  1.85it/s]
Epoch 18, Train Loss: 0.4706985146519839, Val Loss: 0.46022979626732485, F1 Score: 0.6861159252840362
100%|██████████| 711/711 [06:28<00:00,  1.83it/s]
100%|██████████| 62/62 [00:38<00:00,  1.62it/s]
Epoch 19, Train Loss: 0.4577824204384694, Val Loss: 0.42663569183599565, F1 Score: 0.7037389648606542
100%|██████████| 711/711 [06:30<00:00,  1.82it/s]
100%|██████████| 62/62 [00:39<00:00,  1.59it/s]
Epoch 20, Train Loss: 0.432893105542861, Val Loss: 0.42300849492030757, F1 Score: 0.73835907689275
100%|██████████| 711/711 [07:19<00:00,  1.62it/s]
100%|██████████| 62/62 [00:45<00:00,  1.36it/s]
Epoch 21, Train Loss: 0.43768435413785456, Val Loss: 0.41454039009348037, F1 Score: 0.7423094657795929
100%|██████████| 711/711 [07:48<00:00,  1.52it/s]
100%|██████████| 62/62 [00:45<00:00,  1.36it/s]
Epoch 22, Train Loss: 0.42512934443274963, Val Loss: 0.408553664121897, F1 Score: 0.7404228965761303
100%|██████████| 711/711 [07:15<00:00,  1.63it/s]
100%|██████████| 62/62 [00:25<00:00,  2.43it/s]
Epoch 23, Train Loss: 0.41616016915578885, Val Loss: 0.42061082345824086, F1 Score: 0.7270040907997113
100%|██████████| 711/711 [07:26<00:00,  1.59it/s]
100%|██████████| 62/62 [00:38<00:00,  1.61it/s]
Epoch 24, Train Loss: 0.4143117870480535, Val Loss: 0.4006432499135694, F1 Score: 0.7617622494432073
100%|██████████| 711/711 [07:08<00:00,  1.66it/s]
100%|██████████| 62/62 [00:30<00:00,  2.04it/s]
Epoch 25, Train Loss: 0.41350414309488237, Val Loss: 0.39218157097216577, F1 Score: 0.7063004264349637
100%|██████████| 711/711 [08:48<00:00,  1.34it/s]
100%|██████████| 62/62 [00:35<00:00,  1.72it/s]
Epoch 26, Train Loss: 0.4115514313244115, Val Loss: 0.4671205127191159, F1 Score: 0.7418202711306427
100%|██████████| 711/711 [08:18<00:00,  1.43it/s]
100%|██████████| 62/62 [00:43<00:00,  1.43it/s]
Epoch 27, Train Loss: 0.40482192213022256, Val Loss: 0.405543866897783, F1 Score: 0.7595861385775349
100%|██████████| 711/711 [09:05<00:00,  1.30it/s]
100%|██████████| 62/62 [00:39<00:00,  1.58it/s]
Epoch 28, Train Loss: 0.39608560915402385, Val Loss: 0.4005162491192741, F1 Score: 0.766084668739536
100%|██████████| 711/711 [08:57<00:00,  1.32it/s]
100%|██████████| 62/62 [00:45<00:00,  1.36it/s]
Epoch 29, Train Loss: 0.40011233828553167, Val Loss: 0.37180101991661135, F1 Score: 0.7269432990751163
100%|██████████| 711/711 [08:24<00:00,  1.41it/s]
100%|██████████| 62/62 [00:46<00:00,  1.33it/s]
Epoch 30, Train Loss: 0.39520566485057235, Val Loss: 0.41949557825442285, F1 Score: 0.787381399754647
100%|██████████| 711/711 [08:07<00:00,  1.46it/s]
100%|██████████| 62/62 [00:37<00:00,  1.63it/s]
Epoch 31, Train Loss: 0.37725985512849985, Val Loss: 0.39369721686647785, F1 Score: 0.7698903413189128
100%|██████████| 711/711 [07:26<00:00,  1.59it/s]
100%|██████████| 62/62 [00:39<00:00,  1.57it/s]
Epoch 32, Train Loss: 0.3756462724986794, Val Loss: 0.40022394541771183, F1 Score: 0.7397120254263111
100%|██████████| 711/711 [07:33<00:00,  1.57it/s]
100%|██████████| 62/62 [00:42<00:00,  1.47it/s]
Epoch 33, Train Loss: 0.385214655360131, Val Loss: 0.37227058398627466, F1 Score: 0.7638935831200812
100%|██████████| 711/711 [07:25<00:00,  1.60it/s]
100%|██████████| 62/62 [00:34<00:00,  1.79it/s]
Epoch 34, Train Loss: 0.3676253599959587, Val Loss: 0.39462001886098613, F1 Score: 0.766084668739536
100%|██████████| 711/711 [07:26<00:00,  1.59it/s]
100%|██████████| 62/62 [00:37<00:00,  1.63it/s]
Epoch 35, Train Loss: 0.36066217219087643, Val Loss: 0.4224940627332657, F1 Score: 0.7874469415725254
100%|██████████| 711/711 [07:28<00:00,  1.59it/s]
100%|██████████| 62/62 [00:32<00:00,  1.88it/s]
Epoch 36, Train Loss: 0.37591486439926214, Val Loss: 0.384693848269601, F1 Score: 0.7733945228414255
100%|██████████| 711/711 [07:56<00:00,  1.49it/s]
100%|██████████| 62/62 [00:42<00:00,  1.45it/s]
Epoch 37, Train Loss: 0.36846247871842563, Val Loss: 0.3640669012261975, F1 Score: 0.7867990795688506
100%|██████████| 711/711 [06:42<00:00,  1.77it/s]
100%|██████████| 62/62 [00:34<00:00,  1.81it/s]
Epoch 38, Train Loss: 0.35712579895549684, Val Loss: 0.3727061798976314, F1 Score: 0.7845814977973569
100%|██████████| 711/711 [06:56<00:00,  1.71it/s]
100%|██████████| 62/62 [00:35<00:00,  1.73it/s]
Epoch 39, Train Loss: 0.3661049980717369, Val Loss: 0.36978326605692985, F1 Score: 0.7582126451691669
100%|██████████| 711/711 [08:33<00:00,  1.39it/s]
100%|██████████| 62/62 [00:47<00:00,  1.30it/s]
Epoch 40, Train Loss: 0.3568404036274104, Val Loss: 0.37324136832068044, F1 Score: 0.7766467651952629
100%|██████████| 711/711 [07:52<00:00,  1.51it/s]
100%|██████████| 62/62 [00:44<00:00,  1.39it/s]
Epoch 41, Train Loss: 0.3373886413725536, Val Loss: 0.35890945035123056, F1 Score: 0.7622050256273929
100%|██████████| 711/711 [12:09<00:00,  1.03s/it]
100%|██████████| 62/62 [00:58<00:00,  1.06it/s]
Epoch 42, Train Loss: 0.352082129562622, Val Loss: 0.3558260898195928, F1 Score: 0.7775117858905304
Early stopping triggered.
100%|██████████| 245/245 [05:02<00:00,  1.23s/it]
saved
              precision    recall  f1-score   support

           0       0.48      0.68      0.56       253
           1       0.98      0.95      0.96      3663

    accuracy                           0.93      3916
   macro avg       0.73      0.81      0.76      3916
weighted avg       0.94      0.93      0.94      3916

Matthews Correlation Coefficient: 0.5320683167505295
Brier Score: 0.0615881107719451
AUC: 0.9154972435604848
Accuracy: 0.9310520939734422
Precision: 0.7266349925565581, weighted: 0.9446031963813158
Recall: 0.8122826383695949, weighted: 0.9310520939734422
F1 Score: 0.7607137037640541, weighted: 0.9365169454753173
##################################################  Saliency Maps  ##################################################

Class 0:
Class 1:

100%|██████████| 217/217 [03:38<00:00,  1.01s/it]

saved
              precision    recall  f1-score   support

           0       0.48      0.67      0.56       223
           1       0.98      0.95      0.96      3236

    accuracy                           0.93      3459
   macro avg       0.73      0.81      0.76      3459
weighted avg       0.95      0.93      0.94      3459

Matthews Correlation Coefficient: 0.5358192803736792
Brier Score: 0.06106569530031845
AUC: 0.9163169943516603
Accuracy: 0.9326394911824226
Precision: 0.7303445026070745, weighted: 0.945037986431493
Recall: 0.8116009910923634, weighted: 0.9326394911824226
F1 Score: 0.7631800023801094, weighted: 0.9376781020934963
##################################################  Saliency Maps  ##################################################

Class 0:
Class 1:

  0%|          | 0/29 [00:00<?, ?it/s]
  3%|▎         | 1/29 [00:03<01:40,  3.59s/it]
  7%|▋         | 2/29 [00:04<01:02,  2.30s/it]
 17%|█▋        | 5/29 [00:07<00:32,  1.35s/it]
 24%|██▍       | 7/29 [00:08<00:18,  1.22it/s]
 28%|██▊       | 8/29 [00:08<00:15,  1.32it/s]
 31%|███       | 9/29 [00:12<00:28,  1.42s/it]
 38%|███▊      | 11/29 [00:13<00:20,  1.13s/it]
 45%|████▍     | 13/29 [00:16<00:20,  1.27s/it]
 52%|█████▏    | 15/29 [00:16<00:12,  1.11it/s]
 59%|█████▊    | 17/29 [00:19<00:13,  1.11s/it]
 72%|███████▏  | 21/29 [00:23<00:07,  1.01it/s]
 86%|████████▌ | 25/29 [00:28<00:04,  1.15s/it]
100%|██████████| 29/29 [00:30<00:00,  1.21it/s]
100%|██████████| 29/29 [00:30<00:00,  1.04s/it]

saved
              precision    recall  f1-score   support

           0       0.43      0.70      0.53        30
           1       0.98      0.93      0.96       427

    accuracy                           0.92       457
   macro avg       0.70      0.82      0.74       457
weighted avg       0.94      0.92      0.93       457

Matthews Correlation Coefficient: 0.5078407814112229
Brier Score: 0.06556832086598555
AUC: 0.9097580015612803
Accuracy: 0.9190371991247265
Precision: 0.7032563025210083, weighted: 0.9418775168710809
Recall: 0.8172131147540984, weighted: 0.9190371991247265
F1 Score: 0.743667096187372, weighted: 0.9278520984787203
##################################################  Saliency Maps  ##################################################

Class 0:
Class 1:
