Using 4 GPUs!
loading csv file in /home/livieymli/brset_analysis/BRSET/data/train_brset_nooverlap.csv
loading csv file in /home/livieymli/brset_analysis/BRSET/data/val_brset_nooverlap.csv
loading csv file in /home/livieymli/brset_analysis/BRSET/data/test_brset_nooverlap.csv
Using 4 GPUs!

100%|██████████| 711/711 [08:05<00:00,  1.46it/s]
100%|██████████| 62/62 [00:25<00:00,  2.43it/s]
Epoch 1, Train Loss: 0.6621757330145011, Val Loss: 0.5847924647312011, F1 Score: 0.5389228057912387
100%|██████████| 711/711 [09:31<00:00,  1.24it/s]
100%|██████████| 62/62 [01:08<00:00,  1.29it/s]
100%|██████████| 62/62 [01:08<00:00,  1.10s/it]
Epoch 2, Train Loss: 0.5514619359864464, Val Loss: 0.7735155866511406, F1 Score: 0.3442912733663883
100%|██████████| 711/711 [11:28<00:00,  1.03it/s]
100%|██████████| 62/62 [00:25<00:00,  2.83it/s]
100%|██████████| 62/62 [00:26<00:00,  2.36it/s]
Epoch 3, Train Loss: 0.5087565230271149, Val Loss: 0.5650906856021574, F1 Score: 0.5352516781532245
100%|██████████| 711/711 [10:54<00:00,  1.09it/s]
100%|██████████| 62/62 [01:07<00:00,  1.09s/it]
Epoch 4, Train Loss: 0.4880886442655417, Val Loss: 0.5197112252635341, F1 Score: 0.6434993924665857
100%|██████████| 711/711 [10:29<00:00,  1.38it/s]
100%|██████████| 711/711 [10:29<00:00,  1.13it/s]
100%|██████████| 62/62 [00:23<00:00,  2.66it/s]
Epoch 5, Train Loss: 0.5052123538908744, Val Loss: 1.3188668729797486, F1 Score: 0.06411483253588517
100%|██████████| 711/711 [09:38<00:00,  1.23it/s]
100%|██████████| 62/62 [01:13<00:00,  1.18s/it]
Epoch 6, Train Loss: 0.4835660020216943, Val Loss: 0.5235045126849606, F1 Score: 0.7219785575048734
100%|██████████| 711/711 [10:04<00:00,  1.27s/it]
100%|██████████| 711/711 [10:04<00:00,  1.18it/s]
100%|██████████| 62/62 [00:24<00:00,  3.63it/s]
100%|██████████| 62/62 [00:24<00:00,  2.54it/s]
Epoch 7, Train Loss: 0.5203038679878588, Val Loss: 0.49870208770998065, F1 Score: 0.7711583959471555
100%|██████████| 711/711 [07:52<00:00,  1.50it/s]
100%|██████████| 62/62 [01:01<00:00,  1.00it/s]
Epoch 8, Train Loss: 0.4721858962511044, Val Loss: 0.6083957293341237, F1 Score: 0.6216634429400386
100%|██████████| 711/711 [08:56<00:00,  1.43it/s]
100%|██████████| 711/711 [08:57<00:00,  1.32it/s]
100%|██████████| 62/62 [00:21<00:00,  2.88it/s]
Epoch 9, Train Loss: 0.4852803868520612, Val Loss: 0.4901402740468902, F1 Score: 0.6738736627702623
100%|██████████| 711/711 [08:01<00:00,  1.26it/s]
100%|██████████| 711/711 [08:02<00:00,  1.47it/s]
100%|██████████| 62/62 [00:58<00:00,  1.05it/s]
Epoch 10, Train Loss: 0.4842950287897208, Val Loss: 0.4591584217644507, F1 Score: 0.7529576636273984
100%|██████████| 711/711 [08:51<00:00,  1.34it/s]
100%|██████████| 62/62 [00:20<00:00,  4.48it/s]
100%|██████████| 62/62 [00:20<00:00,  2.96it/s]
Epoch 11, Train Loss: 0.4696230701840209, Val Loss: 0.5780777710099374, F1 Score: 0.4867447195290859
100%|██████████| 711/711 [07:27<00:00,  1.59it/s]
100%|██████████| 62/62 [00:57<00:00,  1.76it/s]
100%|██████████| 62/62 [00:58<00:00,  1.06it/s]
Epoch 12, Train Loss: 0.555702756718325, Val Loss: 0.6475248807860959, F1 Score: 0.5548816208080608
100%|██████████| 711/711 [07:55<00:00,  1.58it/s]
100%|██████████| 711/711 [07:56<00:00,  1.49it/s]
100%|██████████| 62/62 [00:23<00:00,  4.36it/s]
100%|██████████| 62/62 [00:23<00:00,  2.67it/s]
Epoch 13, Train Loss: 0.4678229414209535, Val Loss: 0.4155352212969334, F1 Score: 0.7725097056366406
100%|██████████| 711/711 [07:05<00:00,  2.28it/s]
100%|██████████| 711/711 [07:06<00:00,  1.67it/s]
100%|██████████| 62/62 [00:48<00:00,  2.12it/s]
100%|██████████| 62/62 [00:48<00:00,  1.29it/s]
Epoch 14, Train Loss: 0.49877113211800445, Val Loss: 0.8274192776561023, F1 Score: 0.561926091825308
100%|██████████| 711/711 [07:09<00:00,  2.25it/s]
100%|██████████| 711/711 [07:09<00:00,  1.66it/s]
100%|██████████| 62/62 [00:30<00:00,  3.16it/s]
100%|██████████| 62/62 [00:30<00:00,  2.02it/s]
Epoch 15, Train Loss: 0.4650562425705954, Val Loss: 0.4119054814500193, F1 Score: 0.7732625131922697
100%|██████████| 711/711 [06:48<00:00,  1.74it/s]
100%|██████████| 62/62 [00:44<00:00,  2.31it/s]
100%|██████████| 62/62 [00:44<00:00,  1.39it/s]
Epoch 16, Train Loss: 0.4562869419968581, Val Loss: 0.5755036223319269, F1 Score: 0.6397974320937132
100%|██████████| 711/711 [07:03<00:00,  1.68it/s]
100%|██████████| 62/62 [00:33<00:00,  2.96it/s]
100%|██████████| 62/62 [00:33<00:00,  1.83it/s]
Epoch 17, Train Loss: 0.43923260013765425, Val Loss: 0.4080225975523072, F1 Score: 0.7375239161614092
100%|██████████| 711/711 [06:55<00:00,  1.71it/s]
100%|██████████| 62/62 [00:44<00:00,  1.38it/s]
Epoch 18, Train Loss: 0.4077523153919711, Val Loss: 0.4426857403689815, F1 Score: 0.7644097017216541
100%|██████████| 711/711 [07:09<00:00,  1.66it/s]
100%|██████████| 62/62 [00:33<00:00,  1.82it/s]
Epoch 19, Train Loss: 0.4074007272825127, Val Loss: 0.3944585479555591, F1 Score: 0.7665931344092264
100%|██████████| 711/711 [07:03<00:00,  1.68it/s]
100%|██████████| 62/62 [00:45<00:00,  1.37it/s]
Epoch 20, Train Loss: 0.3624932770833436, Val Loss: 0.5364459628059018, F1 Score: 0.5882019990060191
100%|██████████| 711/711 [06:55<00:00,  1.71it/s]
100%|██████████| 62/62 [00:31<00:00,  1.94it/s]
Epoch 21, Train Loss: 0.36408810004193737, Val Loss: 0.32535862616233285, F1 Score: 0.7853260602486609
100%|██████████| 711/711 [06:48<00:00,  1.52it/s]
100%|██████████| 711/711 [06:48<00:00,  1.74it/s]
100%|██████████| 62/62 [00:42<00:00,  1.46it/s]
Epoch 22, Train Loss: 0.3574744277016775, Val Loss: 0.3888995637816767, F1 Score: 0.7587748146376465
100%|██████████| 711/711 [06:53<00:00,  1.72it/s]
100%|██████████| 62/62 [00:37<00:00,  1.92it/s]
100%|██████████| 62/62 [00:38<00:00,  1.62it/s]
Epoch 23, Train Loss: 0.3340442491493564, Val Loss: 0.33960069097097845, F1 Score: 0.7972927727555363
100%|██████████| 711/711 [06:51<00:00,  1.73it/s]
100%|██████████| 62/62 [00:39<00:00,  1.58it/s]
Epoch 24, Train Loss: 0.3308698375579677, Val Loss: 0.35384877819207405, F1 Score: 0.7929528344283788
100%|██████████| 711/711 [06:40<00:00,  1.78it/s]
100%|██████████| 62/62 [00:34<00:00,  1.82it/s]
Epoch 25, Train Loss: 0.30594480064934654, Val Loss: 0.34846881037998584, F1 Score: 0.7493353996542886
100%|██████████| 711/711 [06:33<00:00,  1.81it/s]
100%|██████████| 62/62 [00:38<00:00,  3.04it/s]
100%|██████████| 62/62 [00:39<00:00,  1.59it/s]
Epoch 26, Train Loss: 0.3122752302872481, Val Loss: 0.30826141691255954, F1 Score: 0.8101619640666491
100%|██████████| 711/711 [06:26<00:00,  1.56it/s]
100%|██████████| 711/711 [06:26<00:00,  1.84it/s]
100%|██████████| 62/62 [00:32<00:00,  3.10it/s]
100%|██████████| 62/62 [00:32<00:00,  1.91it/s]
Epoch 27, Train Loss: 0.30248072052848657, Val Loss: 0.4522358854751914, F1 Score: 0.733058089955825
100%|██████████| 711/711 [06:30<00:00,  1.82it/s]
100%|██████████| 62/62 [00:37<00:00,  1.67it/s]
Epoch 28, Train Loss: 0.3061181267542678, Val Loss: 0.9577012131771734, F1 Score: 0.6455731489741302
100%|██████████| 711/711 [06:29<00:00,  1.67it/s]
100%|██████████| 711/711 [06:29<00:00,  1.82it/s]
100%|██████████| 62/62 [00:33<00:00,  2.99it/s]
100%|██████████| 62/62 [00:33<00:00,  1.86it/s]
Epoch 29, Train Loss: 0.3256954482288929, Val Loss: 0.49931890721763333, F1 Score: 0.5804652697574658
100%|██████████| 711/711 [06:52<00:00,  1.72it/s]
100%|██████████| 62/62 [00:42<00:00,  1.45it/s]
Epoch 30, Train Loss: 0.3121871671648552, Val Loss: 0.3836129877355791, F1 Score: 0.6978015903389038
100%|██████████| 711/711 [06:41<00:00,  1.77it/s]
100%|██████████| 62/62 [00:33<00:00,  1.83it/s]
Epoch 31, Train Loss: 0.30863063021153003, Val Loss: 0.3038160709003287, F1 Score: 0.7482242531331547
100%|██████████| 711/711 [06:29<00:00,  1.83it/s]
100%|██████████| 62/62 [00:39<00:00,  1.57it/s]
Epoch 32, Train Loss: 0.28399607529221876, Val Loss: 0.34436339230066343, F1 Score: 0.7461893804391079
100%|██████████| 711/711 [06:46<00:00,  1.75it/s]
100%|██████████| 62/62 [00:36<00:00,  1.72it/s]
Epoch 33, Train Loss: 0.2838355454573023, Val Loss: 0.35368656718562685, F1 Score: 0.747337950354058
Early stopping triggered.
100%|██████████| 245/245 [02:47<00:00,  1.46it/s]
saved
              precision    recall  f1-score   support

           0       0.53      0.82      0.64       253
           1       0.99      0.95      0.97      3663

    accuracy                           0.94      3916
   macro avg       0.76      0.89      0.80      3916
weighted avg       0.96      0.94      0.95      3916

Matthews Correlation Coefficient: 0.628502956301612
Brier Score: 0.05145475685481346
AUC: 0.9394284690727379
Accuracy: 0.9405005107252298
Precision: 0.7562342171717171, weighted: 0.9573699601350584
Recall: 0.8854051680138637, weighted: 0.9405005107252298
F1 Score: 0.8042742161931302, weighted: 0.9464632778259614
##################################################  Saliency Maps  ##################################################

Class 0:
Class 1:

100%|██████████| 217/217 [01:11<00:00,  3.04it/s]

saved
              precision    recall  f1-score   support

           0       0.53      0.83      0.65       223
           1       0.99      0.95      0.97      3236

    accuracy                           0.94      3459
   macro avg       0.76      0.89      0.81      3459
weighted avg       0.96      0.94      0.95      3459

Matthews Correlation Coefficient: 0.6369059770310849
Brier Score: 0.0510313525642551
AUC: 0.9402448352890963
Accuracy: 0.9416016189650188
Precision: 0.759004884004884, weighted: 0.9585565569954122
Recall: 0.8915459211671387, weighted: 0.9416016189650188
F1 Score: 0.8081212569917089, weighted: 0.9475237979364517
##################################################  Saliency Maps  ##################################################

Class 0:
Class 1:

100%|██████████| 29/29 [00:10<00:00,  2.81it/s]

saved
              precision    recall  f1-score   support

           0       0.49      0.73      0.59        30
           1       0.98      0.95      0.96       427

    accuracy                           0.93       457
   macro avg       0.73      0.84      0.77       457
weighted avg       0.95      0.93      0.94       457

Matthews Correlation Coefficient: 0.5647931913168974
Brier Score: 0.05465947358633107
AUC: 0.9328649492583918
Accuracy: 0.9321663019693655
Precision: 0.7347357065803668, weighted: 0.9483050427368585
Recall: 0.8397345823575332, weighted: 0.9321663019693655
F1 Score: 0.7748589590782677, weighted: 0.9383432918734662
##################################################  Saliency Maps  ##################################################

Class 0:
Class 1:
