Using 2 GPUs!
loading csv file in /home/livieymli/brset_analysis/BRSET/data/train_brset_nooverlap.csv
loading csv file in /home/livieymli/brset_analysis/BRSET/data/val_brset_nooverlap.csv
loading csv file in /home/livieymli/brset_analysis/BRSET/data/test_brset_nooverlap.csv
Using cache found in /home/livieymli/.cache/torch/hub/facebookresearch_dinov2_main
Using 2 GPUs!

100%|██████████| 711/711 [08:34<00:00,  1.38it/s]
100%|██████████| 62/62 [00:40<00:00,  1.51it/s]
Epoch 1, Train Loss: 0.5948163310560999, Val Loss: 0.4471720769520729, F1 Score: 0.8115529130021883

100%|██████████| 711/711 [04:33<00:00,  2.60it/s]
100%|██████████| 62/62 [00:21<00:00,  2.94it/s]
Epoch 2, Train Loss: 0.5464528547560615, Val Loss: 0.716844959845466, F1 Score: 0.48226574907358394

100%|██████████| 711/711 [04:32<00:00,  2.61it/s]
100%|██████████| 62/62 [00:21<00:00,  2.94it/s]
Epoch 3, Train Loss: 0.6441246161732492, Val Loss: 0.658384465882855, F1 Score: 0.3450719577677831

100%|██████████| 711/711 [04:32<00:00,  2.61it/s]
100%|██████████| 62/62 [00:21<00:00,  2.95it/s]
Epoch 4, Train Loss: 0.5867428186280147, Val Loss: 0.6038856809177706, F1 Score: 0.5950174590384099

100%|██████████| 711/711 [04:32<00:00,  2.61it/s]
100%|██████████| 62/62 [00:21<00:00,  2.94it/s]
Epoch 5, Train Loss: 0.6320285166911099, Val Loss: 0.5378824534916109, F1 Score: 0.7111849390919158

100%|██████████| 711/711 [04:32<00:00,  2.61it/s]
100%|██████████| 62/62 [00:21<00:00,  2.94it/s]
Epoch 6, Train Loss: 0.6135970761294774, Val Loss: 0.47507868562975236, F1 Score: 0.7226361295069903
100%|██████████| 711/711 [04:32<00:00,  2.61it/s]
100%|██████████| 62/62 [00:21<00:00,  2.93it/s]
Epoch 7, Train Loss: 0.5668818020535589, Val Loss: 0.5004919719311499, F1 Score: 0.7404317290940766

100%|██████████| 711/711 [04:32<00:00,  2.61it/s]
100%|██████████| 62/62 [00:21<00:00,  2.94it/s]
Epoch 8, Train Loss: 0.5128424964981407, Val Loss: 0.6563173866560382, F1 Score: 0.6495893719806763
Early stopping triggered.


100%|██████████| 245/245 [02:57<00:00,  1.38it/s]

saved
              precision    recall  f1-score   support

           0       0.23      0.87      0.37       253
           1       0.99      0.80      0.88      3663

    accuracy                           0.80      3916
   macro avg       0.61      0.83      0.62      3916
weighted avg       0.94      0.80      0.85      3916

Matthews Correlation Coefficient: 0.38381351411919645
Brier Score: 0.1872694315508783
AUC: 0.9296069335595027
Accuracy: 0.8046475995914198
Precision: 0.6099794168679618, weighted: 0.9399090903704428
Recall: 0.8348645087775522, weighted: 0.8046475995914198
F1 Score: 0.624854189481356, weighted: 0.8510052512575706
##################################################  Saliency Maps  ##################################################

Class 0:
Class 1:

100%|██████████| 217/217 [01:12<00:00,  3.01it/s]

saved
              precision    recall  f1-score   support

           0       0.24      0.87      0.37       223
           1       0.99      0.81      0.89      3236

    accuracy                           0.81      3459
   macro avg       0.61      0.84      0.63      3459
weighted avg       0.94      0.81      0.86      3459

Matthews Correlation Coefficient: 0.38995331928196514
Brier Score: 0.18279901830392203
AUC: 0.9296174760402868
Accuracy: 0.8117953165654813
Precision: 0.6128792910456426, weighted: 0.940205334132084
Recall: 0.836783633672751, weighted: 0.8117953165654813
F1 Score: 0.6307660598003114, weighted: 0.8559688470147858
##################################################  Saliency Maps  ##################################################

Class 0:
Class 1:

100%|██████████| 29/29 [00:10<00:00,  2.81it/s]

saved
              precision    recall  f1-score   support

           0       0.20      0.90      0.32        30
           1       0.99      0.74      0.85       427

    accuracy                           0.75       457
   macro avg       0.59      0.82      0.58       457
weighted avg       0.94      0.75      0.81       457

Matthews Correlation Coefficient: 0.34526411061182766
Brier Score: 0.22110568067242106
AUC: 0.931615925058548
Accuracy: 0.75054704595186
Precision: 0.593123892599155, weighted: 0.9384111405606128
Recall: 0.8200234192037471, weighted: 0.75054704595186
F1 Score: 0.5843067790118728, weighted: 0.8126714363654193
##################################################  Saliency Maps  ##################################################

Class 0:
Class 1:
