Using 4 GPUs!
loading csv file in /home/livieymli/brset_analysis/BRSET/data/train_brset.csv
loading csv file in /home/livieymli/brset_analysis/BRSET/data/val_brset.csv
loading csv file in /home/livieymli/brset_analysis/BRSET/data/test_brset.csv
Using 4 GPUs!

100%|██████████| 712/712 [05:52<00:00,  2.02it/s]
100%|██████████| 61/61 [00:31<00:00,  1.94it/s]
Epoch 1, Train Loss: 0.5657907786224498, Val Loss: 0.4821054622775219, F1 Score: 0.4595791805094131

100%|██████████| 712/712 [03:59<00:00,  2.98it/s]
100%|██████████| 61/61 [00:21<00:00,  2.90it/s]
Epoch 2, Train Loss: 0.47962322663725093, Val Loss: 0.35019905156776554, F1 Score: 0.7831526527485155

100%|██████████| 712/712 [03:59<00:00,  2.98it/s]
100%|██████████| 61/61 [00:20<00:00,  2.91it/s]
Epoch 3, Train Loss: 0.4448246585618537, Val Loss: 0.3434261794461579, F1 Score: 0.8511898478824342

100%|██████████| 712/712 [03:57<00:00,  2.99it/s]
100%|██████████| 61/61 [00:20<00:00,  2.91it/s]
Epoch 4, Train Loss: 0.42919726064428687, Val Loss: 0.2712945334735464, F1 Score: 0.907565059087226

100%|██████████| 712/712 [03:59<00:00,  2.97it/s]
100%|██████████| 61/61 [00:20<00:00,  2.92it/s]
Epoch 5, Train Loss: 0.40397817582896584, Val Loss: 0.3669678390514655, F1 Score: 0.8864279896047477

100%|██████████| 712/712 [03:57<00:00,  2.99it/s]
100%|██████████| 61/61 [00:20<00:00,  2.91it/s]
Epoch 6, Train Loss: 0.38834226970675956, Val Loss: 0.2992632367083284, F1 Score: 0.8573777079603988

100%|██████████| 712/712 [03:58<00:00,  2.99it/s]
100%|██████████| 61/61 [00:20<00:00,  2.91it/s]
Epoch 7, Train Loss: 0.3758947612283479, Val Loss: 0.26059200358195383, F1 Score: 0.8669312690309191

100%|██████████| 712/712 [03:58<00:00,  2.99it/s]
100%|██████████| 61/61 [00:21<00:00,  2.88it/s]
Epoch 8, Train Loss: 0.3517129160777739, Val Loss: 0.2606725907716595, F1 Score: 0.9053566580039564

100%|██████████| 712/712 [03:58<00:00,  2.98it/s]
100%|██████████| 61/61 [00:21<00:00,  2.90it/s]
Epoch 9, Train Loss: 0.3357200818554906, Val Loss: 0.28441583975905277, F1 Score: 0.9076631977294228

100%|██████████| 712/712 [03:58<00:00,  2.99it/s]
100%|██████████| 61/61 [00:20<00:00,  2.92it/s]
Epoch 10, Train Loss: 0.33872036393103977, Val Loss: 0.256861154295382, F1 Score: 0.9215204678362574

100%|██████████| 712/712 [03:58<00:00,  2.99it/s]
100%|██████████| 61/61 [00:20<00:00,  2.92it/s]
Epoch 11, Train Loss: 0.3009085802602048, Val Loss: 0.2524244519042187, F1 Score: 0.9153975163472592

100%|██████████| 712/712 [03:57<00:00,  2.99it/s]
100%|██████████| 61/61 [00:20<00:00,  2.92it/s]
Epoch 12, Train Loss: 0.3057877186926479, Val Loss: 0.2586013898253441, F1 Score: 0.8788445929816185

100%|██████████| 712/712 [03:57<00:00,  3.00it/s]
100%|██████████| 61/61 [00:21<00:00,  2.90it/s]
Epoch 13, Train Loss: 0.2706929062848932, Val Loss: 0.211370371892804, F1 Score: 0.9012398980018619

100%|██████████| 712/712 [03:58<00:00,  2.99it/s]
100%|██████████| 61/61 [00:20<00:00,  2.92it/s]
Epoch 14, Train Loss: 0.24960497465884585, Val Loss: 0.2146358344032139, F1 Score: 0.9242481972256325

100%|██████████| 712/712 [03:58<00:00,  2.99it/s]
100%|██████████| 61/61 [00:20<00:00,  2.92it/s]
Epoch 15, Train Loss: 0.24533448160332993, Val Loss: 0.18512023759425664, F1 Score: 0.906804168712828

100%|██████████| 712/712 [03:57<00:00,  3.00it/s]
100%|██████████| 61/61 [00:20<00:00,  2.93it/s]
Epoch 16, Train Loss: 0.23601725949183777, Val Loss: 0.4058722005393661, F1 Score: 0.9007180264270205

100%|██████████| 712/712 [04:17<00:00,  1.79it/s]
100%|██████████| 61/61 [00:29<00:00,  2.08it/s]
Epoch 17, Train Loss: 0.218969265629506, Val Loss: 0.20134222452513506, F1 Score: 0.8864279896047477

100%|██████████| 712/712 [07:34<00:00,  1.57it/s]
100%|██████████| 61/61 [00:30<00:00,  2.00it/s]
Epoch 18, Train Loss: 0.21332859623198805, Val Loss: 0.1810593933599894, F1 Score: 0.8985021553531591

100%|██████████| 712/712 [04:35<00:00,  2.59it/s]
100%|██████████| 61/61 [00:20<00:00,  2.93it/s]
Epoch 19, Train Loss: 0.19697174330744263, Val Loss: 0.25113780848437645, F1 Score: 0.9301109917651271

100%|██████████| 712/712 [03:56<00:00,  3.01it/s]
100%|██████████| 61/61 [00:20<00:00,  2.93it/s]
Epoch 20, Train Loss: 0.17674486788010665, Val Loss: 0.19154892617561778, F1 Score: 0.8985021553531591

100%|██████████| 712/712 [03:57<00:00,  3.00it/s]
100%|██████████| 61/61 [00:20<00:00,  2.92it/s]
Epoch 21, Train Loss: 0.1690050223515254, Val Loss: 0.16728019001359334, F1 Score: 0.9078239048017378

100%|██████████| 712/712 [03:57<00:00,  3.00it/s]
100%|██████████| 61/61 [00:20<00:00,  2.92it/s]
Epoch 22, Train Loss: 0.16902388275922747, Val Loss: 0.21211972041818938, F1 Score: 0.9366753811804667

100%|██████████| 712/712 [03:57<00:00,  3.00it/s]
100%|██████████| 61/61 [00:20<00:00,  2.92it/s]
Epoch 23, Train Loss: 0.16320827926686976, Val Loss: 0.19029485371696656, F1 Score: 0.9382386551869182

100%|██████████| 712/712 [03:57<00:00,  2.99it/s]
100%|██████████| 61/61 [00:20<00:00,  2.93it/s]
Epoch 24, Train Loss: 0.15322522467572577, Val Loss: 0.18430911683950757, F1 Score: 0.9272714369355783

100%|██████████| 712/712 [03:57<00:00,  3.00it/s]
100%|██████████| 61/61 [00:20<00:00,  2.94it/s]
Epoch 25, Train Loss: 0.14163915387464665, Val Loss: 0.18624080902301385, F1 Score: 0.9295031998035335

100%|██████████| 712/712 [03:56<00:00,  3.00it/s]
100%|██████████| 61/61 [00:20<00:00,  2.93it/s]
Epoch 26, Train Loss: 0.1216139826195032, Val Loss: 0.2846237693409451, F1 Score: 0.9143255157147492

100%|██████████| 712/712 [03:57<00:00,  3.00it/s]
100%|██████████| 61/61 [00:20<00:00,  2.93it/s]
Epoch 27, Train Loss: 0.119562603884476, Val Loss: 0.22159557105576405, F1 Score: 0.8923643605037701

100%|██████████| 712/712 [03:56<00:00,  3.01it/s]
100%|██████████| 61/61 [00:20<00:00,  2.93it/s]
Epoch 28, Train Loss: 0.14605777600931863, Val Loss: 0.17995641589714367, F1 Score: 0.9357894736842105

100%|██████████| 712/712 [03:56<00:00,  3.00it/s]
100%|██████████| 61/61 [00:20<00:00,  2.94it/s]
Epoch 29, Train Loss: 0.10331163933668076, Val Loss: 0.19519433664677086, F1 Score: 0.9334230886603121

100%|██████████| 712/712 [03:57<00:00,  2.99it/s]
100%|██████████| 61/61 [00:20<00:00,  2.94it/s]
Epoch 30, Train Loss: 0.1121125480747426, Val Loss: 0.2562647089743834, F1 Score: 0.9242481972256325
Early stopping triggered.

100%|██████████| 244/244 [01:46<00:00,  2.29it/s]
saved
              precision    recall  f1-score   support

           0       0.71      0.85      0.78       243
           1       0.99      0.98      0.98      3661

    accuracy                           0.97      3904
   macro avg       0.85      0.91      0.88      3904
weighted avg       0.97      0.97      0.97      3904

Matthews Correlation Coefficient: 0.7624800604489226
Brier Score: 0.027921890626143656
AUC: 0.9675896419044921
Accuracy: 0.9692622950819673
Precision: 0.8506880936823213, weighted: 0.9726888824794284
Recall: 0.9144536505913179, weighted: 0.9692622950819673
F1 Score: 0.8793918929355902, weighted: 0.9705423482876129
##################################################  Saliency Maps  ##################################################

Class 0:
Class 1:

100%|██████████| 215/215 [01:09<00:00,  3.11it/s]
saved
              precision    recall  f1-score   support

           0       0.70      0.85      0.77       214
           1       0.99      0.98      0.98      3212

    accuracy                           0.97      3426
   macro avg       0.85      0.91      0.88      3426
weighted avg       0.97      0.97      0.97      3426

Matthews Correlation Coefficient: 0.7552819731902266
Brier Score: 0.028957490065406565
AUC: 0.9653897184623085
Accuracy: 0.9681844716870986
Precision: 0.8469333880135015, weighted: 0.9717653759439425
Recall: 0.9110665611433759, weighted: 0.9681844716870986
F1 Score: 0.8757477663086174, weighted: 0.9695295743372765
##################################################  Saliency Maps  ##################################################

Class 0:
Class 1:

100%|██████████| 30/30 [00:10<00:00,  2.75it/s]

saved
              precision    recall  f1-score   support

           0       0.76      0.90      0.83        29
           1       0.99      0.98      0.99       449

    accuracy                           0.98       478
   macro avg       0.88      0.94      0.91       478
weighted avg       0.98      0.98      0.98       478

Matthews Correlation Coefficient: 0.8161102461564496
Brier Score: 0.020499372898085587
AUC: 0.9845633975885109
Accuracy: 0.9769874476987448
Precision: 0.8789745627980922, weighted: 0.9793780058670534
Recall: 0.9393671761001459, weighted: 0.9769874476987448
F1 Score: 0.9065393981407419, weighted: 0.9778362193801664
##################################################  Saliency Maps  ##################################################

Class 0:
Class 1:
