Using 2 GPUs!
loading csv file in /home/livieymli/brset_analysis/BRSET/data/train_brset.csv
loading csv file in /home/livieymli/brset_analysis/BRSET/data/val_brset.csv
loading csv file in /home/livieymli/brset_analysis/BRSET/data/test_brset.csv
Using 2 GPUs!

100%|██████████| 712/712 [09:01<00:00,  1.32it/s]
100%|██████████| 61/61 [00:43<00:00,  1.41it/s]
Epoch 1, Train Loss: 0.711223631846101, Val Loss: 0.7141874100341171, F1 Score: 0.42456274393699184
100%|██████████| 712/712 [06:26<00:00,  1.84it/s]
100%|██████████| 61/61 [00:32<00:00,  1.88it/s]
Epoch 2, Train Loss: 0.661122531075491, Val Loss: 0.6232304255493352, F1 Score: 0.4858451672010994
100%|██████████| 712/712 [08:09<00:00,  1.45it/s]
100%|██████████| 61/61 [00:44<00:00,  1.37it/s]
Epoch 3, Train Loss: 0.6227434766217229, Val Loss: 0.5873717396962838, F1 Score: 0.5416487128962134
100%|██████████| 712/712 [06:44<00:00,  1.76it/s]
100%|██████████| 61/61 [00:33<00:00,  1.84it/s]
Epoch 4, Train Loss: 0.6116151021521413, Val Loss: 0.5592298141268434, F1 Score: 0.5386215372979106
100%|██████████| 712/712 [07:25<00:00,  1.60it/s]
100%|██████████| 61/61 [00:43<00:00,  1.42it/s]
Epoch 5, Train Loss: 0.5973466654004675, Val Loss: 0.5551870333366706, F1 Score: 0.5553472246207691
100%|██████████| 712/712 [06:25<00:00,  1.85it/s]
100%|██████████| 61/61 [00:31<00:00,  1.92it/s]
Epoch 6, Train Loss: 0.579248287578982, Val Loss: 0.5793669067445348, F1 Score: 0.5306800911854104
100%|██████████| 712/712 [07:34<00:00,  1.57it/s]
100%|██████████| 61/61 [00:42<00:00,  1.44it/s]
Epoch 7, Train Loss: 0.5629589465352591, Val Loss: 0.5354226202261253, F1 Score: 0.53647197640118
100%|██████████| 712/712 [06:46<00:00,  1.75it/s]
100%|██████████| 61/61 [00:31<00:00,  1.92it/s]
Epoch 8, Train Loss: 0.5550673031614403, Val Loss: 0.48876538359728017, F1 Score: 0.6670975154387476
100%|██████████| 712/712 [07:24<00:00,  1.60it/s]
100%|██████████| 61/61 [00:41<00:00,  1.47it/s]
Epoch 9, Train Loss: 0.5479023448411333, Val Loss: 0.49160297141700493, F1 Score: 0.6486776097726417
100%|██████████| 712/712 [06:30<00:00,  1.82it/s]
100%|██████████| 61/61 [00:33<00:00,  1.80it/s]
Epoch 10, Train Loss: 0.5176517703266961, Val Loss: 0.5013203686866604, F1 Score: 0.692126168168038
100%|██████████| 712/712 [06:03<00:00,  1.96it/s]
100%|██████████| 61/61 [00:41<00:00,  1.46it/s]
Epoch 11, Train Loss: 0.5192010295943598, Val Loss: 0.4343379462351564, F1 Score: 0.6419995932850217
100%|██████████| 712/712 [05:43<00:00,  2.07it/s]
100%|██████████| 61/61 [00:41<00:00,  1.47it/s]
Epoch 12, Train Loss: 0.5098518934519438, Val Loss: 0.4250759409099329, F1 Score: 0.7260625501202888
100%|██████████| 712/712 [06:00<00:00,  1.98it/s]
100%|██████████| 61/61 [00:34<00:00,  1.77it/s]
Epoch 13, Train Loss: 0.4950192385049683, Val Loss: 0.42403625196120776, F1 Score: 0.6717162952822286
100%|██████████| 712/712 [12:51<00:00,  1.08s/it]
100%|██████████| 61/61 [01:00<00:00,  1.01it/s]
Epoch 14, Train Loss: 0.4773271902558509, Val Loss: 0.436536687319396, F1 Score: 0.7002341920374708
100%|██████████| 712/712 [07:01<00:00,  1.69it/s]
100%|██████████| 61/61 [00:35<00:00,  1.74it/s]
Epoch 15, Train Loss: 0.4732138972855016, Val Loss: 0.4099497243029172, F1 Score: 0.67055020815646
100%|██████████| 712/712 [06:37<00:00,  1.79it/s]
100%|██████████| 61/61 [00:45<00:00,  1.35it/s]
Epoch 16, Train Loss: 0.46543054187440136, Val Loss: 0.41000382993064943, F1 Score: 0.6196394347549876
100%|██████████| 712/712 [06:28<00:00,  1.83it/s]
100%|██████████| 61/61 [00:38<00:00,  1.57it/s]
Epoch 17, Train Loss: 0.457559670237929, Val Loss: 0.40531123124185153, F1 Score: 0.719769204073633
100%|██████████| 712/712 [06:47<00:00,  1.75it/s]
100%|██████████| 61/61 [00:41<00:00,  1.45it/s]
Epoch 18, Train Loss: 0.45422713884435006, Val Loss: 0.4093274624377001, F1 Score: 0.7292056074766355
100%|██████████| 712/712 [06:23<00:00,  1.86it/s]
100%|██████████| 61/61 [00:35<00:00,  1.70it/s]
Epoch 19, Train Loss: 0.4476838360613819, Val Loss: 0.386576952137908, F1 Score: 0.7533312541002118
100%|██████████| 712/712 [06:13<00:00,  1.91it/s]
100%|██████████| 61/61 [00:27<00:00,  2.21it/s]
Epoch 20, Train Loss: 0.43939662856583517, Val Loss: 0.38724138795352375, F1 Score: 0.7612073088001423
100%|██████████| 712/712 [06:32<00:00,  1.81it/s]
100%|██████████| 61/61 [00:41<00:00,  1.46it/s]
Epoch 21, Train Loss: 0.4289829714453957, Val Loss: 0.3787550090766344, F1 Score: 0.7469709956297684
100%|██████████| 712/712 [07:37<00:00,  1.56it/s]
100%|██████████| 61/61 [00:44<00:00,  1.36it/s]
Epoch 22, Train Loss: 0.4158906867581137, Val Loss: 0.3569287054362844, F1 Score: 0.7272486590902405
100%|██████████| 712/712 [07:13<00:00,  1.64it/s]
100%|██████████| 61/61 [00:34<00:00,  1.79it/s]
Epoch 23, Train Loss: 0.41198347336246394, Val Loss: 0.33990241391736953, F1 Score: 0.7447881951209507
100%|██████████| 712/712 [06:58<00:00,  1.70it/s]
100%|██████████| 61/61 [00:34<00:00,  1.75it/s]
Epoch 24, Train Loss: 0.4029689029570711, Val Loss: 0.36296659488169875, F1 Score: 0.7731393240667566
100%|██████████| 712/712 [06:55<00:00,  1.71it/s]
100%|██████████| 61/61 [00:36<00:00,  1.66it/s]
Epoch 25, Train Loss: 0.3907741640244475, Val Loss: 0.34763445851744196, F1 Score: 0.7920091574422485
100%|██████████| 712/712 [07:37<00:00,  1.56it/s]
100%|██████████| 61/61 [00:49<00:00,  1.24it/s]
Epoch 26, Train Loss: 0.38729480673883404, Val Loss: 0.34547187192518203, F1 Score: 0.7621880079232443
100%|██████████| 712/712 [07:51<00:00,  1.51it/s]
100%|██████████| 61/61 [00:45<00:00,  1.34it/s]
Epoch 27, Train Loss: 0.3867574776365851, Val Loss: 0.3440452483100969, F1 Score: 0.7999602318787378
100%|██████████| 712/712 [08:19<00:00,  1.42it/s]
100%|██████████| 61/61 [00:52<00:00,  1.16it/s]
Epoch 28, Train Loss: 0.38156380863295175, Val Loss: 0.3287211971693352, F1 Score: 0.7238562694517229
100%|██████████| 712/712 [08:59<00:00,  1.32it/s]
100%|██████████| 61/61 [00:34<00:00,  1.78it/s]
Epoch 29, Train Loss: 0.3782444012068798, Val Loss: 0.4088844743053444, F1 Score: 0.7726029033992472
100%|██████████| 712/712 [08:25<00:00,  1.41it/s]
100%|██████████| 61/61 [00:51<00:00,  1.18it/s]
Epoch 30, Train Loss: 0.36590569689242025, Val Loss: 0.4001188226899163, F1 Score: 0.8025669642857143
100%|██████████| 712/712 [08:26<00:00,  1.41it/s]
100%|██████████| 61/61 [00:25<00:00,  2.39it/s]
Epoch 31, Train Loss: 0.35936786357857536, Val Loss: 0.3682991239379664, F1 Score: 0.8046124279308136
100%|██████████| 712/712 [07:19<00:00,  1.62it/s]
100%|██████████| 61/61 [00:43<00:00,  1.41it/s]
Epoch 32, Train Loss: 0.36749885868532267, Val Loss: 0.453974323927379, F1 Score: 0.7786306986718194
100%|██████████| 712/712 [07:10<00:00,  1.65it/s]
100%|██████████| 61/61 [00:35<00:00,  1.71it/s]
Epoch 33, Train Loss: 0.35273636463673763, Val Loss: 0.36047512433323703, F1 Score: 0.7881736638214246
100%|██████████| 712/712 [07:19<00:00,  1.62it/s]
100%|██████████| 61/61 [00:41<00:00,  1.48it/s]
Epoch 34, Train Loss: 0.3519153461760182, Val Loss: 0.3678570487460152, F1 Score: 0.8109216518743987
100%|██████████| 712/712 [06:54<00:00,  1.72it/s]
100%|██████████| 61/61 [00:42<00:00,  1.42it/s]
Epoch 35, Train Loss: 0.34607527284160927, Val Loss: 0.35849973034174715, F1 Score: 0.7859430940267571
100%|██████████| 712/712 [07:04<00:00,  1.68it/s]
100%|██████████| 61/61 [00:39<00:00,  1.54it/s]
Epoch 36, Train Loss: 0.33943524605102754, Val Loss: 0.32402538550926036, F1 Score: 0.8188984438984439
100%|██████████| 712/712 [07:05<00:00,  1.67it/s]
100%|██████████| 61/61 [00:46<00:00,  1.32it/s]
Epoch 37, Train Loss: 0.3378782538759909, Val Loss: 0.33885697263186093, F1 Score: 0.8176382660687593
100%|██████████| 712/712 [07:39<00:00,  1.55it/s]
100%|██████████| 61/61 [00:39<00:00,  1.54it/s]
Epoch 38, Train Loss: 0.3407953863157734, Val Loss: 0.36931578021069045, F1 Score: 0.8206075234696603
100%|██████████| 712/712 [06:17<00:00,  1.88it/s]
100%|██████████| 61/61 [00:41<00:00,  1.48it/s]
Epoch 39, Train Loss: 0.32746848327976263, Val Loss: 0.4165418622251905, F1 Score: 0.8318451489183196
100%|██████████| 712/712 [06:40<00:00,  1.78it/s]
100%|██████████| 61/61 [00:44<00:00,  1.37it/s]
Epoch 40, Train Loss: 0.3230120184611571, Val Loss: 0.36413192303210007, F1 Score: 0.8023517115233865
100%|██████████| 712/712 [07:02<00:00,  1.68it/s]
100%|██████████| 61/61 [00:48<00:00,  1.25it/s]
Epoch 41, Train Loss: 0.3216128000319841, Val Loss: 0.34037393551380907, F1 Score: 0.8218546628745516
100%|██████████| 712/712 [08:16<00:00,  1.43it/s]
100%|██████████| 61/61 [00:44<00:00,  1.36it/s]
Epoch 42, Train Loss: 0.329036002434539, Val Loss: 0.3994606220331348, F1 Score: 0.8169670271482731
100%|██████████| 712/712 [11:17<00:00,  1.05it/s]
100%|██████████| 61/61 [01:02<00:00,  1.02s/it]
Epoch 43, Train Loss: 0.31359477866221264, Val Loss: 0.3735448304624831, F1 Score: 0.8330196749358426
100%|██████████| 712/712 [12:34<00:00,  1.06s/it]
100%|██████████| 61/61 [01:20<00:00,  1.33s/it]
Epoch 44, Train Loss: 0.3208364625592203, Val Loss: 0.41097772090894275, F1 Score: 0.8216374269005848
100%|██████████| 712/712 [12:45<00:00,  1.08s/it]
100%|██████████| 61/61 [01:01<00:00,  1.00s/it]
Epoch 45, Train Loss: 0.313351889528083, Val Loss: 0.34194390897135263, F1 Score: 0.8176382660687593
100%|██████████| 712/712 [13:07<00:00,  1.11s/it]
100%|██████████| 61/61 [01:22<00:00,  1.35s/it]
Epoch 46, Train Loss: 0.32019552545297597, Val Loss: 0.3337646504772491, F1 Score: 0.8081802895639071
100%|██████████| 712/712 [14:20<00:00,  1.21s/it]
100%|██████████| 61/61 [01:05<00:00,  1.07s/it]
Epoch 47, Train Loss: 0.31059917568731427, Val Loss: 0.3058634182346649, F1 Score: 0.8018754450015906
100%|██████████| 712/712 [14:36<00:00,  1.23s/it]
100%|██████████| 61/61 [01:34<00:00,  1.55s/it]
Epoch 48, Train Loss: 0.2970769686619176, Val Loss: 0.3421542761145068, F1 Score: 0.8409161057183779
100%|██████████| 712/712 [14:57<00:00,  1.26s/it]
100%|██████████| 61/61 [01:05<00:00,  1.07s/it]
Epoch 49, Train Loss: 0.30154244100486627, Val Loss: 0.331101073074292, F1 Score: 0.8416098669263227
100%|██████████| 712/712 [15:48<00:00,  1.33s/it]
100%|██████████| 61/61 [01:39<00:00,  1.62s/it]
Epoch 50, Train Loss: 0.29022655423123683, Val Loss: 0.41693095484229387, F1 Score: 0.8191587919214378
Training completed without early stopping.
100%|██████████| 244/244 [08:58<00:00,  2.21s/it]
saved
              precision    recall  f1-score   support

           0       0.64      0.65      0.65       243
           1       0.98      0.98      0.98      3661

    accuracy                           0.96      3904
   macro avg       0.81      0.81      0.81      3904
weighted avg       0.96      0.96      0.96      3904

Matthews Correlation Coefficient: 0.6211834728683115
Brier Score: 0.04038199947428899
AUC: 0.9163381567248148
Accuracy: 0.9551741803278688
Precision: 0.8065057471264367, weighted: 0.955785625117769
Recall: 0.8147321955480018, weighted: 0.9551741803278688
F1 Score: 0.8105534904937062, weighted: 0.9554709686095573
##################################################  Saliency Maps  ##################################################

Class 0:
Class 1:

100%|██████████| 215/215 [01:44<00:00,  2.05it/s]

saved
              precision    recall  f1-score   support

           0       0.64      0.64      0.64       214
           1       0.98      0.98      0.98      3212

    accuracy                           0.95      3426
   macro avg       0.81      0.81      0.81      3426
weighted avg       0.96      0.95      0.95      3426

Matthews Correlation Coefficient: 0.6162499355562899
Brier Score: 0.04134842884907531
AUC: 0.9087533897417394
Accuracy: 0.9547577349678926
Precision: 0.8061306549982552, weighted: 0.955055783925051
Recall: 0.8101322726690797, weighted: 0.9547577349678926
F1 Score: 0.8081158437854907, weighted: 0.9549046216702456
##################################################  Saliency Maps  ##################################################

Class 0:
Class 1:

100%|██████████| 30/30 [00:16<00:00,  1.85it/s]

saved
              precision    recall  f1-score   support

           0       0.64      0.72      0.68        29
           1       0.98      0.97      0.98       449

    accuracy                           0.96       478
   macro avg       0.81      0.85      0.83       478
weighted avg       0.96      0.96      0.96       478

Matthews Correlation Coefficient: 0.6567113628433302
Brier Score: 0.03345304694964196
AUC: 0.9688195991091314
Accuracy: 0.9581589958158996
Precision: 0.8091930541368744, weighted: 0.9610515383727738
Recall: 0.8487059365640119, weighted: 0.9581589958158996
F1 Score: 0.8275239950927329, weighted: 0.9594151015920838
##################################################  Saliency Maps  ##################################################

Class 0:
Class 1:
