Using 2 GPUs!
loading csv file in /home/livieymli/brset_analysis/mBRSET/data/train_mbrset_nooverlap.csv
loading csv file in /home/livieymli/brset_analysis/mBRSET/data/test_mbrset_nooverlap.csv
loading csv file in /home/livieymli/brset_analysis/mBRSET/data/val_mbrset_nooverlap.csv
Using 2 GPUs!

100%|██████████| 213/213 [02:20<00:00,  1.51it/s]
100%|██████████| 31/31 [00:21<00:00,  1.42it/s]
Epoch 1, Train Loss: 0.6797616485278931, Val Loss: 0.6121689388828893, F1 Score: 0.7373536358610986
100%|██████████| 213/213 [00:58<00:00,  3.62it/s]
100%|██████████| 31/31 [00:06<00:00,  4.87it/s]
Epoch 2, Train Loss: 0.6283024092655227, Val Loss: 0.5525936205540934, F1 Score: 0.7606240672907338
100%|██████████| 213/213 [00:59<00:00,  3.59it/s]
100%|██████████| 31/31 [00:06<00:00,  4.91it/s]
Epoch 3, Train Loss: 0.575745822328357, Val Loss: 0.5789303769988399, F1 Score: 0.7709683132394516
100%|██████████| 213/213 [00:59<00:00,  3.57it/s]
100%|██████████| 31/31 [00:06<00:00,  4.79it/s]
Epoch 4, Train Loss: 0.5318594769063131, Val Loss: 0.6190917883669177, F1 Score: 0.8321737845616201
100%|██████████| 213/213 [00:59<00:00,  3.57it/s]
100%|██████████| 31/31 [00:06<00:00,  4.90it/s]
Epoch 5, Train Loss: 0.48795876665994037, Val Loss: 0.5502671755609974, F1 Score: 0.7803718294284332
100%|██████████| 213/213 [00:59<00:00,  3.57it/s]
100%|██████████| 31/31 [00:06<00:00,  4.87it/s]
Epoch 6, Train Loss: 0.49606513714706396, Val Loss: 0.6221922607191147, F1 Score: 0.7933511817255745
100%|██████████| 213/213 [01:00<00:00,  3.55it/s]
100%|██████████| 31/31 [00:06<00:00,  4.94it/s]
Epoch 7, Train Loss: 0.5030983681550049, Val Loss: 0.48586216064230087, F1 Score: 0.7965503434905381
100%|██████████| 213/213 [00:59<00:00,  3.55it/s]
100%|██████████| 31/31 [00:06<00:00,  4.94it/s]
Epoch 8, Train Loss: 0.44688805021310635, Val Loss: 0.4853053928142594, F1 Score: 0.7786079041883803
100%|██████████| 213/213 [01:00<00:00,  3.54it/s]
100%|██████████| 31/31 [00:06<00:00,  4.94it/s]
Epoch 9, Train Loss: 0.41036103169123334, Val Loss: 0.5772911384701729, F1 Score: 0.7829482585196201
100%|██████████| 213/213 [00:59<00:00,  3.71it/s]
100%|██████████| 213/213 [00:59<00:00,  3.58it/s]
100%|██████████| 31/31 [00:06<00:00,  4.92it/s]
Epoch 10, Train Loss: 0.3665029136857516, Val Loss: 0.5858993751387442, F1 Score: 0.7459602606851128
100%|██████████| 213/213 [00:59<00:00,  3.59it/s]
100%|██████████| 31/31 [00:06<00:00,  4.96it/s]
Epoch 11, Train Loss: 0.37031501524605104, Val Loss: 0.5548197254538536, F1 Score: 0.8139142609469601
Early stopping triggered.
100%|██████████| 62/62 [03:15<00:00,  3.15s/it]
saved
              precision    recall  f1-score   support

           0       0.71      0.58      0.64       188
           1       0.91      0.95      0.93       749
           2       0.64      0.64      0.64        42

    accuracy                           0.86       979
   macro avg       0.75      0.72      0.74       979
weighted avg       0.86      0.86      0.86       979

Matthews Correlation Coefficient: 0.6216527873509358
Brier Score: 0.07253667126471507
AUC: 0.8700941096071259
Accuracy: 0.86414708886619
Precision: 0.7524727294842237, weighted: 0.8572367666799001
Recall: 0.7235249836661648, weighted: 0.86414708886619
F1 Score: 0.7357256646111944, weighted: 0.8591206099624961
##################################################  Saliency Maps  ##################################################

Class 0:
Class 1:
Class 2: