Using 2 GPUs!
loading csv file in /home/livieymli/brset_analysis/mBRSET/data/train_mbrset_nooverlap.csv
loading csv file in /home/livieymli/brset_analysis/mBRSET/data/test_mbrset_nooverlap.csv
loading csv file in /home/livieymli/brset_analysis/mBRSET/data/val_mbrset_nooverlap.csv
Using cache found in /home/livieymli/.cache/torch/hub/facebookresearch_dinov2_main
Using 2 GPUs!

100%|██████████| 213/213 [01:28<00:00,  2.41it/s]
100%|██████████| 31/31 [00:06<00:00,  4.75it/s]
Epoch 1, Train Loss: 0.9043665559079166, Val Loss: 0.8838493708641298, F1 Score: 0.5668972976973905
100%|██████████| 213/213 [01:23<00:00,  2.54it/s]
100%|██████████| 31/31 [00:06<00:00,  4.86it/s]
Epoch 2, Train Loss: 0.8545879668473078, Val Loss: 0.8251106349691268, F1 Score: 0.5999127227865712
100%|██████████| 213/213 [01:24<00:00,  2.53it/s]
100%|██████████| 31/31 [00:06<00:00,  4.72it/s]
Epoch 3, Train Loss: 0.8375120191646853, Val Loss: 0.8926541968699424, F1 Score: 0.60406396141995
100%|██████████| 213/213 [01:24<00:00,  2.53it/s]
100%|██████████| 31/31 [00:06<00:00,  4.77it/s]
Epoch 4, Train Loss: 0.9190480920350608, Val Loss: 1.0857297047491996, F1 Score: 0.22496956336816062
100%|██████████| 213/213 [01:24<00:00,  2.53it/s]
100%|██████████| 31/31 [00:06<00:00,  4.71it/s]
Epoch 5, Train Loss: 0.8754203662346226, Val Loss: 0.8670193129970182, F1 Score: 0.5728252923976608
100%|██████████| 213/213 [01:24<00:00,  2.53it/s]
100%|██████████| 31/31 [00:06<00:00,  4.81it/s]
Epoch 6, Train Loss: 0.8259039158132714, Val Loss: 0.8549291243956935, F1 Score: 0.6306943154982584
100%|██████████| 213/213 [01:24<00:00,  2.53it/s]
100%|██████████| 31/31 [00:06<00:00,  4.77it/s]
Epoch 7, Train Loss: 0.8269295608493644, Val Loss: 0.8269564442096218, F1 Score: 0.6506627219709515
100%|██████████| 213/213 [01:24<00:00,  2.53it/s]
100%|██████████| 31/31 [00:06<00:00,  4.74it/s]
Epoch 8, Train Loss: 0.771306648850441, Val Loss: 0.768826860573984, F1 Score: 0.6412106412106412
100%|██████████| 213/213 [01:24<00:00,  2.53it/s]
100%|██████████| 31/31 [00:06<00:00,  4.71it/s]
Epoch 9, Train Loss: 0.7462403329325394, Val Loss: 0.7702558838552044, F1 Score: 0.6445540039310319
100%|██████████| 213/213 [01:24<00:00,  2.52it/s]
100%|██████████| 31/31 [00:06<00:00,  4.62it/s]
Epoch 10, Train Loss: 0.743655553656005, Val Loss: 0.7632002431538797, F1 Score: 0.6422166710452152
100%|██████████| 213/213 [01:24<00:00,  2.53it/s]
100%|██████████| 31/31 [00:06<00:00,  4.78it/s]
Epoch 11, Train Loss: 0.7242162655776655, Val Loss: 0.7573064755528204, F1 Score: 0.657056277056277
100%|██████████| 213/213 [01:24<00:00,  2.53it/s]
100%|██████████| 31/31 [00:06<00:00,  4.67it/s]
Epoch 12, Train Loss: 0.7249778499345825, Val Loss: 0.7566606277419675, F1 Score: 0.638491743412014
100%|██████████| 213/213 [01:24<00:00,  2.53it/s]
100%|██████████| 31/31 [00:06<00:00,  4.78it/s]
Epoch 13, Train Loss: 0.6920111976878743, Val Loss: 0.7464810580976547, F1 Score: 0.646109443787349
100%|██████████| 213/213 [01:24<00:00,  2.53it/s]
100%|██████████| 31/31 [00:06<00:00,  4.72it/s]
Epoch 14, Train Loss: 0.6910040375772216, Val Loss: 0.748579743648729, F1 Score: 0.6313789437503498
100%|██████████| 213/213 [01:24<00:00,  2.52it/s]
100%|██████████| 31/31 [00:06<00:00,  4.87it/s]
Epoch 15, Train Loss: 0.696522810509507, Val Loss: 0.753272321435713, F1 Score: 0.6265845106172833
100%|██████████| 213/213 [01:24<00:00,  2.52it/s]
100%|██████████| 31/31 [00:06<00:00,  4.56it/s]
Epoch 16, Train Loss: 0.676925789092628, Val Loss: 0.8300929920327279, F1 Score: 0.5879788769356643
100%|██████████| 213/213 [01:24<00:00,  2.53it/s]
100%|██████████| 31/31 [00:06<00:00,  4.68it/s]
Epoch 17, Train Loss: 0.668294769147752, Val Loss: 0.7487213604392544, F1 Score: 0.6811131603356415
100%|██████████| 213/213 [01:24<00:00,  2.53it/s]
100%|██████████| 31/31 [00:06<00:00,  4.68it/s]
Epoch 18, Train Loss: 0.6581125535735501, Val Loss: 0.7134336567213458, F1 Score: 0.6831412718736662
100%|██████████| 213/213 [01:24<00:00,  2.53it/s]
100%|██████████| 31/31 [00:06<00:00,  4.75it/s]
Epoch 19, Train Loss: 0.6611824658974795, Val Loss: 0.711732262805585, F1 Score: 0.7129762062174505
100%|██████████| 213/213 [01:24<00:00,  2.54it/s]
100%|██████████| 31/31 [00:06<00:00,  4.80it/s]
Epoch 20, Train Loss: 0.654304831030783, Val Loss: 0.723222931065867, F1 Score: 0.6763860165736676
100%|██████████| 213/213 [01:23<00:00,  2.54it/s]
100%|██████████| 31/31 [00:06<00:00,  4.85it/s]
Epoch 21, Train Loss: 0.6773354639889488, Val Loss: 0.8922335769860975, F1 Score: 0.6797217939430338
100%|██████████| 213/213 [01:24<00:00,  2.53it/s]
100%|██████████| 31/31 [00:06<00:00,  4.84it/s]
Epoch 22, Train Loss: 0.6526830068356554, Val Loss: 0.7134459191753019, F1 Score: 0.7173994346597087
100%|██████████| 213/213 [01:26<00:00,  2.48it/s]
100%|██████████| 31/31 [00:06<00:00,  4.80it/s]
Epoch 23, Train Loss: 0.6424882719074616, Val Loss: 0.6940605342388153, F1 Score: 0.6943916114505305
100%|██████████| 213/213 [01:24<00:00,  2.53it/s]
100%|██████████| 31/31 [00:06<00:00,  4.68it/s]
Epoch 24, Train Loss: 0.6531947136205127, Val Loss: 0.7145125257872766, F1 Score: 0.6941152428939082
100%|██████████| 213/213 [01:29<00:00,  2.39it/s]
100%|██████████| 31/31 [00:06<00:00,  4.71it/s]
Epoch 25, Train Loss: 0.6336879595904283, Val Loss: 0.735609866919056, F1 Score: 0.6628305793195047
100%|██████████| 213/213 [01:24<00:00,  2.53it/s]
100%|██████████| 31/31 [00:06<00:00,  4.76it/s]
Epoch 26, Train Loss: 0.6252896831209112, Val Loss: 0.6898172228567062, F1 Score: 0.7015455466519297
100%|██████████| 213/213 [01:24<00:00,  2.53it/s]
100%|██████████| 31/31 [00:06<00:00,  4.78it/s]
Epoch 27, Train Loss: 0.6354729118341571, Val Loss: 0.6846210639322957, F1 Score: 0.7297576161212526
100%|██████████| 213/213 [01:24<00:00,  2.53it/s]
100%|██████████| 31/31 [00:06<00:00,  4.75it/s]
Epoch 28, Train Loss: 0.6103653686007423, Val Loss: 0.7106095812013072, F1 Score: 0.6614358514827322
100%|██████████| 213/213 [01:24<00:00,  2.53it/s]
100%|██████████| 31/31 [00:06<00:00,  4.67it/s]
Epoch 29, Train Loss: 0.6122778395252049, Val Loss: 0.6830852646981517, F1 Score: 0.6954256997175451
100%|██████████| 213/213 [01:24<00:00,  2.53it/s]
100%|██████████| 31/31 [00:06<00:00,  4.71it/s]
Epoch 30, Train Loss: 0.6009478031749457, Val Loss: 0.6896858474900646, F1 Score: 0.6928709133533509
100%|██████████| 213/213 [01:24<00:00,  2.53it/s]
100%|██████████| 31/31 [00:06<00:00,  4.76it/s]
Epoch 31, Train Loss: 0.6117849341580566, Val Loss: 0.6839529167740576, F1 Score: 0.7110696130303973
100%|██████████| 213/213 [01:24<00:00,  2.51it/s]
100%|██████████| 31/31 [00:06<00:00,  4.76it/s]
Epoch 32, Train Loss: 0.5746068552905965, Val Loss: 0.6563751659085674, F1 Score: 0.7034195678435603
100%|██████████| 213/213 [01:24<00:00,  2.53it/s]
100%|██████████| 31/31 [00:06<00:00,  4.73it/s]
Epoch 33, Train Loss: 0.5793659464574196, Val Loss: 0.7590061060843929, F1 Score: 0.6902456160338755
100%|██████████| 213/213 [01:24<00:00,  2.53it/s]
100%|██████████| 31/31 [00:06<00:00,  4.73it/s]
Epoch 34, Train Loss: 0.6151234704843709, Val Loss: 0.6830676089852087, F1 Score: 0.7135204441204058
Early stopping triggered.
100%|██████████| 62/62 [00:21<00:00,  2.83it/s]
saved
              precision    recall  f1-score   support

           0       0.40      0.69      0.51       188
           1       0.91      0.76      0.83       749
           2       0.63      0.52      0.57        42

    accuracy                           0.74       979
   macro avg       0.65      0.66      0.64       979
weighted avg       0.80      0.74      0.76       979

Matthews Correlation Coefficient: 0.4329343839295215
Brier Score: 0.13709390483059167
AUC: 0.8156329559510974
Accuracy: 0.7364657814096016
Precision: 0.6489594948903991, weighted: 0.8034889921720976
Recall: 0.6583261527584455, weighted: 0.7364657814096016
F1 Score: 0.6372267121836105, weighted: 0.7571874731618919
##################################################  Saliency Maps  ##################################################

Class 0:
Class 1:
Class 2:
