Backbone: resnet200d
Backbone mode: fine_tune
Using 2 GPUs!
loading csv file in /home/livieymli/brset_analysis/mBRSET/data/train_mbrset_nooverlap.csv
loading csv file in /home/livieymli/brset_analysis/mBRSET/data/test_mbrset_nooverlap.csv
loading csv file in /home/livieymli/brset_analysis/mBRSET/data/val_mbrset_nooverlap.csv
Using 2 GPUs!

100%|██████████| 213/213 [01:10<00:00,  3.03it/s]
100%|██████████| 31/31 [00:10<00:00,  2.91it/s]
Epoch 1, Train Loss: 0.951610539615714, Val Loss: 1.0460797816274627, F1 Score: 0.6512146997163645
100%|██████████| 213/213 [00:42<00:00,  4.98it/s]
100%|██████████| 31/31 [00:04<00:00,  6.44it/s]
Epoch 2, Train Loss: 0.8752228255283105, Val Loss: 0.9132857079948148, F1 Score: 0.6689682532854202
100%|██████████| 213/213 [00:41<00:00,  5.19it/s]
100%|██████████| 31/31 [00:05<00:00,  6.14it/s]
Epoch 3, Train Loss: 0.7906641174160259, Val Loss: 0.9684349785168325, F1 Score: 0.673382911610987
100%|██████████| 213/213 [00:40<00:00,  5.24it/s]
100%|██████████| 31/31 [00:05<00:00,  6.17it/s]
Epoch 4, Train Loss: 0.7433816854242987, Val Loss: 0.9922227692459861, F1 Score: 0.7228032536869503
100%|██████████| 213/213 [00:41<00:00,  5.17it/s]
100%|██████████| 31/31 [00:05<00:00,  6.04it/s]
Epoch 5, Train Loss: 0.7050460015244328, Val Loss: 0.999586409859119, F1 Score: 0.701158301158301
100%|██████████| 213/213 [00:41<00:00,  5.17it/s]
100%|██████████| 31/31 [00:05<00:00,  6.04it/s]
Epoch 6, Train Loss: 0.6986266140227027, Val Loss: 0.857625782369606, F1 Score: 0.7135824652382902
100%|██████████| 213/213 [00:41<00:00,  5.13it/s]
100%|██████████| 31/31 [00:04<00:00,  6.43it/s]
Epoch 7, Train Loss: 0.6691627013431468, Val Loss: 0.9480721692164098, F1 Score: 0.70946029748123
100%|██████████| 213/213 [00:40<00:00,  5.27it/s]
100%|██████████| 31/31 [00:04<00:00,  6.42it/s]
Epoch 8, Train Loss: 0.658937613414207, Val Loss: 0.8781595768467072, F1 Score: 0.7215156516096304
100%|██████████| 213/213 [00:40<00:00,  5.20it/s]
100%|██████████| 31/31 [00:04<00:00,  6.24it/s]
Epoch 9, Train Loss: 0.6271582253871949, Val Loss: 0.8401888272454662, F1 Score: 0.7151341046274742
100%|██████████| 213/213 [00:40<00:00,  5.24it/s]
100%|██████████| 31/31 [00:04<00:00,  6.55it/s]
Epoch 10, Train Loss: 0.6123025517368541, Val Loss: 0.9126619908117479, F1 Score: 0.7071379194762706
100%|██████████| 213/213 [00:41<00:00,  5.19it/s]
100%|██████████| 31/31 [00:05<00:00,  6.07it/s]
Epoch 11, Train Loss: 0.5862344377127612, Val Loss: 0.9055874114555698, F1 Score: 0.7197985086466763
Early stopping triggered.
100%|██████████| 62/62 [00:19<00:00,  3.25it/s]
saved
              precision    recall  f1-score   support

           0       0.68      0.40      0.51       188
           1       0.88      0.97      0.92       749
           2       0.62      0.60      0.61        42

    accuracy                           0.84       979
   macro avg       0.73      0.66      0.68       979
weighted avg       0.83      0.84      0.83       979

Matthews Correlation Coefficient: 0.5403743953602845
Brier Score: 0.08510258048772812
AUC: 0.847541051124555
Accuracy: 0.8426966292134831
Precision: 0.7263416249208269, weighted: 0.8269009803560027
Recall: 0.6553718590902923, weighted: 0.8426966292134831
F1 Score: 0.6784014967053223, weighted: 0.8263846804098567
##################################################  Saliency Maps  ##################################################

Class 0:
Class 1:
Class 2:

100%|██████████| 61/61 [00:09<00:00,  6.23it/s]

              precision    recall  f1-score   support

           0       0.68      0.40      0.51       188
           1       0.87      0.97      0.92       745
           2       0.62      0.60      0.61        42

    accuracy                           0.84       975
   macro avg       0.73      0.66      0.68       975
weighted avg       0.83      0.84      0.83       975

Matthews Correlation Coefficient: 0.5400368159395484
Brier Score: 0.08516956120729446
AUC: 0.8482063013601054
Accuracy: 0.8420512820512821
Precision: 0.726139848405948, weighted: 0.826239256895393
Recall: 0.6553121224690552, weighted: 0.8420512820512821
F1 Score: 0.678263370388806, weighted: 0.825688987590033
##################################################  Saliency Maps  ##################################################

Class 0:
Class 1:
Class 2:

