Backbone: retfound
Backbone mode: fine_tune
Using 2 GPUs!
loading csv file in /home/livieymli/brset_analysis/mBRSET/data/train_mbrset_nooverlap.csv
loading csv file in /home/livieymli/brset_analysis/mBRSET/data/test_mbrset_nooverlap.csv
loading csv file in /home/livieymli/brset_analysis/mBRSET/data/val_mbrset_nooverlap.csv
Using 2 GPUs!

100%|██████████| 213/213 [01:22<00:00,  2.57it/s]
100%|██████████| 31/31 [00:07<00:00,  3.88it/s]
Epoch 1, Train Loss: 0.8949631465152955, Val Loss: 0.774778320904701, F1 Score: 0.6340731428677979
100%|██████████| 213/213 [01:22<00:00,  2.59it/s]
100%|██████████| 31/31 [00:06<00:00,  5.10it/s]
Epoch 2, Train Loss: 0.8338213407657515, Val Loss: 0.7727804092630264, F1 Score: 0.6614874293423552
100%|██████████| 213/213 [01:21<00:00,  2.60it/s]
100%|██████████| 31/31 [00:06<00:00,  5.08it/s]
Epoch 3, Train Loss: 0.824054866609439, Val Loss: 0.7706888284414045, F1 Score: 0.6561435361142159
100%|██████████| 213/213 [01:21<00:00,  2.62it/s]
100%|██████████| 31/31 [00:06<00:00,  5.10it/s]
Epoch 4, Train Loss: 0.7782648138596978, Val Loss: 0.7705725445862739, F1 Score: 0.6944714417047008
100%|██████████| 213/213 [01:21<00:00,  2.62it/s]
100%|██████████| 31/31 [00:05<00:00,  5.39it/s]
Epoch 5, Train Loss: 0.781993515544654, Val Loss: 0.7551678130703587, F1 Score: 0.5689485997625533
100%|██████████| 213/213 [01:21<00:00,  2.62it/s]
100%|██████████| 31/31 [00:05<00:00,  5.46it/s]
Epoch 6, Train Loss: 0.7625155005376664, Val Loss: 0.7370081976536782, F1 Score: 0.6526614877255948
100%|██████████| 213/213 [01:21<00:00,  2.61it/s]
100%|██████████| 31/31 [00:05<00:00,  5.41it/s]
Epoch 7, Train Loss: 0.7790983126197063, Val Loss: 0.7153389626933683, F1 Score: 0.6509477602500858
100%|██████████| 213/213 [01:21<00:00,  2.62it/s]
100%|██████████| 31/31 [00:05<00:00,  5.41it/s]
Epoch 8, Train Loss: 0.7537082266499738, Val Loss: 0.739163720319348, F1 Score: 0.6159916472416472
100%|██████████| 213/213 [01:21<00:00,  2.62it/s]
100%|██████████| 31/31 [00:05<00:00,  5.25it/s]
Epoch 9, Train Loss: 0.7505395322898184, Val Loss: 0.7491368060150454, F1 Score: 0.6333172586142192
100%|██████████| 213/213 [01:21<00:00,  2.62it/s]
100%|██████████| 31/31 [00:05<00:00,  5.35it/s]
Epoch 10, Train Loss: 0.7449490679821498, Val Loss: 0.778301784107762, F1 Score: 0.5866021427283349
100%|██████████| 213/213 [01:21<00:00,  2.62it/s]
100%|██████████| 31/31 [00:05<00:00,  5.32it/s]
Epoch 11, Train Loss: 0.732961011044856, Val Loss: 0.6876464827406791, F1 Score: 0.6866786087475742
Early stopping triggered.
100%|██████████| 62/62 [00:13<00:00,  4.50it/s]
saved

              precision    recall  f1-score   support

           0       0.53      0.46      0.49       188
           1       0.88      0.89      0.89       749
           2       0.39      0.57      0.47        42

    accuracy                           0.79       979
   macro avg       0.60      0.64      0.62       979
weighted avg       0.79      0.79      0.79       979

Matthews Correlation Coefficient: 0.4525525270523636
Brier Score: 0.10879393666982651
AUC: 0.8193110778391611
Accuracy: 0.7936670071501533
Precision: 0.6017258338726564, weighted: 0.7948049175542692
Recall: 0.6411267032165819, weighted: 0.7936670071501533
F1 Score: 0.6152516136886015, weighted: 0.7931233254562254
##################################################  Saliency Maps  ##################################################

Class 0:
Class 1:
Class 2:

100%|██████████| 61/61 [00:10<00:00,  5.65it/s]

              precision    recall  f1-score   support

           0       0.53      0.46      0.49       188
           1       0.88      0.89      0.89       745
           2       0.39      0.57      0.47        42

    accuracy                           0.79       975
   macro avg       0.60      0.64      0.62       975
weighted avg       0.79      0.79      0.79       975

Matthews Correlation Coefficient: 0.4520211538445026
Brier Score: 0.10883147269487381
AUC: 0.819603580249181
Accuracy: 0.7928205128205128
Precision: 0.601520159019776, weighted: 0.7939656229578094
Recall: 0.6409283776340752, weighted: 0.7928205128205128
F1 Score: 0.6150495924062536, weighted: 0.7922758438454757
##################################################  Saliency Maps  ##################################################

Class 0:
Class 1:
Class 2:

