Using 2 GPUs!
loading csv file in /home/livieymli/brset_analysis/mBRSET/data/train_mbrset_nooverlap.csv
loading csv file in /home/livieymli/brset_analysis/mBRSET/data/test_mbrset_nooverlap.csv
loading csv file in /home/livieymli/brset_analysis/mBRSET/data/val_mbrset_nooverlap.csv
Using 2 GPUs!

100%|██████████| 213/213 [00:42<00:00,  4.96it/s]
100%|██████████| 31/31 [00:05<00:00,  5.18it/s]
Epoch 1, Train Loss: 0.849692014041641, Val Loss: 0.9034667476530998, F1 Score: 0.6151552515664743
100%|██████████| 213/213 [00:40<00:00,  5.31it/s]
100%|██████████| 31/31 [00:05<00:00,  5.18it/s]
Epoch 2, Train Loss: 0.7846583988465053, Val Loss: 0.8272746676398862, F1 Score: 0.542592492060476
100%|██████████| 213/213 [00:40<00:00,  5.31it/s]
100%|██████████| 31/31 [00:05<00:00,  5.19it/s]
Epoch 3, Train Loss: 0.7890994399086411, Val Loss: 0.9303380125953306, F1 Score: 0.4755294929075417
100%|██████████| 213/213 [00:40<00:00,  5.32it/s]
100%|██████████| 31/31 [00:06<00:00,  5.15it/s]
Epoch 4, Train Loss: 0.7849833836577867, Val Loss: 0.7798391532513403, F1 Score: 0.5887050023214327
100%|██████████| 213/213 [00:40<00:00,  5.31it/s]
100%|██████████| 31/31 [00:05<00:00,  5.18it/s]
Epoch 5, Train Loss: 0.7583967736909087, Val Loss: 0.7512525228723403, F1 Score: 0.6502101965355823
100%|██████████| 213/213 [00:40<00:00,  5.31it/s]
100%|██████████| 31/31 [00:06<00:00,  5.14it/s]
Epoch 6, Train Loss: 0.7061743071661309, Val Loss: 0.7501511727609942, F1 Score: 0.6799315791677963
100%|██████████| 213/213 [00:40<00:00,  5.30it/s]
100%|██████████| 31/31 [00:05<00:00,  5.19it/s]
Epoch 7, Train Loss: 0.7035940102008587, Val Loss: 0.772645290580488, F1 Score: 0.5957100510726828
100%|██████████| 213/213 [00:40<00:00,  5.31it/s]
100%|██████████| 31/31 [00:05<00:00,  5.20it/s]
Epoch 8, Train Loss: 0.6856800566116968, Val Loss: 0.870031968239815, F1 Score: 0.5310178244211228
100%|██████████| 213/213 [00:40<00:00,  5.29it/s]
100%|██████████| 31/31 [00:05<00:00,  5.17it/s]
Epoch 9, Train Loss: 0.7077740931035208, Val Loss: 0.8372461074782956, F1 Score: 0.5713353881360889
100%|██████████| 213/213 [00:40<00:00,  5.29it/s]
100%|██████████| 31/31 [00:05<00:00,  5.19it/s]
Epoch 10, Train Loss: 0.6417202526974566, Val Loss: 0.7717615007873504, F1 Score: 0.6231829706583597
100%|██████████| 213/213 [00:40<00:00,  5.30it/s]
100%|██████████| 31/31 [00:06<00:00,  5.14it/s]
Epoch 11, Train Loss: 0.6463593018586646, Val Loss: 0.7707343281757447, F1 Score: 0.5744937389232692
100%|██████████| 213/213 [00:40<00:00,  5.32it/s]
100%|██████████| 31/31 [00:06<00:00,  5.16it/s]
Epoch 12, Train Loss: 0.6096989097589618, Val Loss: 0.7207340910550086, F1 Score: 0.6489393181628741
100%|██████████| 213/213 [00:40<00:00,  5.28it/s]
100%|██████████| 31/31 [00:06<00:00,  5.16it/s]
Epoch 13, Train Loss: 0.5735321769691969, Val Loss: 0.7094481301403814, F1 Score: 0.672667649907369
Early stopping triggered.
100%|██████████| 62/62 [00:18<00:00,  3.41it/s]
saved
              precision    recall  f1-score   support

           0       0.42      0.51      0.46       188
           1       0.89      0.83      0.86       749
           2       0.53      0.71      0.61        42

    accuracy                           0.76       979
   macro avg       0.61      0.68      0.64       979
weighted avg       0.78      0.76      0.77       979

Matthews Correlation Coefficient: 0.41958190575003496
Brier Score: 0.12597743432812145
AUC: 0.8185727474372636
Accuracy: 0.7609805924412666
Precision: 0.6134874555425284, weighted: 0.7845762660780534
Recall: 0.6837864197180165, weighted: 0.7609805924412666
F1 Score: 0.6421920422823085, weighted: 0.7705278421654961
##################################################  Saliency Maps  ##################################################

Class 0:
Class 1:
Class 2:
