Using 2 GPUs!
loading csv file in /home/livieymli/brset_analysis/BRSET/data/labels_brset.csv
Train data shape: (11386, 35)
Test data shape: (4880, 35)
Getting validation set...
Train data shape: (3904, 35)
Test data shape: (976, 35)
Using 2 GPUs!


100%|██████████| 712/712 [08:32<00:00,  1.39it/s]
100%|██████████| 61/61 [00:48<00:00,  1.27it/s]
Epoch 1, Train Loss: 1.1308334210280622, Val Loss: 1.1415430971833527, F1 Score: 0.17541408448967444

100%|██████████| 712/712 [07:14<00:00,  1.64it/s]
100%|██████████| 61/61 [00:33<00:00,  1.82it/s]
Epoch 2, Train Loss: 1.068955190144898, Val Loss: 1.0838039243807558, F1 Score: 0.23320218044398563

100%|██████████| 712/712 [06:24<00:00,  1.85it/s]
100%|██████████| 61/61 [00:35<00:00,  1.73it/s]
Epoch 3, Train Loss: 1.0252431594253926, Val Loss: 1.044385441014024, F1 Score: 0.2396485912468118

100%|██████████| 712/712 [06:54<00:00,  1.72it/s]
100%|██████████| 61/61 [00:50<00:00,  1.21it/s]
Epoch 4, Train Loss: 0.9939622547519341, Val Loss: 1.038701732627681, F1 Score: 0.23001780703451588

100%|██████████| 712/712 [06:05<00:00,  1.95it/s]
100%|██████████| 61/61 [00:24<00:00,  2.45it/s]
Epoch 5, Train Loss: 0.9568191009542245, Val Loss: 0.9692770486972371, F1 Score: 0.277508608692526

100%|██████████| 712/712 [04:24<00:00,  2.69it/s]
100%|██████████| 61/61 [00:21<00:00,  2.88it/s]
Epoch 6, Train Loss: 0.9358193433602874, Val Loss: 0.9598463192337849, F1 Score: 0.2770526023866376

100%|██████████| 712/712 [04:10<00:00,  2.85it/s]
100%|██████████| 61/61 [00:21<00:00,  2.87it/s]
Epoch 7, Train Loss: 0.9104993244988865, Val Loss: 0.912330254668095, F1 Score: 0.32908002924294394

100%|██████████| 712/712 [04:13<00:00,  2.81it/s]
100%|██████████| 61/61 [00:20<00:00,  2.92it/s]
Epoch 8, Train Loss: 0.8733766487475192, Val Loss: 0.874993590546436, F1 Score: 0.3451351602925043

100%|██████████| 712/712 [04:11<00:00,  2.83it/s]
100%|██████████| 61/61 [00:20<00:00,  2.92it/s]
Epoch 9, Train Loss: 0.8506532454172547, Val Loss: 0.8363029912846988, F1 Score: 0.38482335033838927

100%|██████████| 712/712 [04:07<00:00,  2.88it/s]
100%|██████████| 61/61 [00:21<00:00,  2.82it/s]
Epoch 10, Train Loss: 0.8376611338488842, Val Loss: 0.8298770497079755, F1 Score: 0.40858175109276434

100%|██████████| 712/712 [04:13<00:00,  2.81it/s]
100%|██████████| 61/61 [00:21<00:00,  2.88it/s]
Epoch 11, Train Loss: 0.8107055525682615, Val Loss: 0.7697334441005207, F1 Score: 0.47940453822806767

100%|██████████| 712/712 [04:10<00:00,  2.84it/s]
100%|██████████| 61/61 [00:21<00:00,  2.86it/s]
Epoch 12, Train Loss: 0.781286951593971, Val Loss: 0.8066319280960521, F1 Score: 0.4282561854763229

100%|██████████| 712/712 [04:18<00:00,  2.75it/s]
100%|██████████| 61/61 [00:21<00:00,  2.84it/s]
Epoch 13, Train Loss: 0.7713784321598457, Val Loss: 0.7820922458758119, F1 Score: 0.4218622702874672

100%|██████████| 712/712 [04:17<00:00,  2.77it/s]
100%|██████████| 61/61 [00:21<00:00,  2.89it/s]
Epoch 14, Train Loss: 0.7339984155103062, Val Loss: 0.6943515443899593, F1 Score: 0.5449029356810337

100%|██████████| 712/712 [04:12<00:00,  2.82it/s]
100%|██████████| 61/61 [00:21<00:00,  2.90it/s]
Epoch 15, Train Loss: 0.708048554346635, Val Loss: 0.6642751249133564, F1 Score: 0.5348775730848785

100%|██████████| 712/712 [04:10<00:00,  2.85it/s]
100%|██████████| 61/61 [00:21<00:00,  2.89it/s]
Epoch 16, Train Loss: 0.6897817294667946, Val Loss: 0.7226176078690857, F1 Score: 0.5019786582555379

100%|██████████| 712/712 [04:06<00:00,  2.88it/s]
100%|██████████| 61/61 [00:21<00:00,  2.86it/s]
Epoch 17, Train Loss: 0.6560080683256468, Val Loss: 0.6313304935322434, F1 Score: 0.5847028249855105

100%|██████████| 712/712 [04:13<00:00,  2.81it/s]
100%|██████████| 61/61 [00:21<00:00,  2.88it/s]
Epoch 18, Train Loss: 0.6435753767054235, Val Loss: 0.6099798254302291, F1 Score: 0.6243244661992146

100%|██████████| 712/712 [04:13<00:00,  2.81it/s]
100%|██████████| 61/61 [00:21<00:00,  2.88it/s]
Epoch 19, Train Loss: 0.6212349147378896, Val Loss: 0.6511831708618852, F1 Score: 0.5510754203944564

100%|██████████| 712/712 [04:33<00:00,  2.60it/s]
100%|██████████| 61/61 [00:44<00:00,  1.37it/s]
Epoch 20, Train Loss: 0.5829068543598726, Val Loss: 0.6422640026592817, F1 Score: 0.5619245435807941

100%|██████████| 712/712 [06:15<00:00,  1.90it/s]
100%|██████████| 61/61 [00:21<00:00,  2.86it/s]
Epoch 21, Train Loss: 0.5612873732939028, Val Loss: 0.5848284544514828, F1 Score: 0.6425621426035756

100%|██████████| 712/712 [04:12<00:00,  2.82it/s]
100%|██████████| 61/61 [00:21<00:00,  2.84it/s]
Epoch 22, Train Loss: 0.5420977440871968, Val Loss: 0.572118668771181, F1 Score: 0.6306623824065684

100%|██████████| 712/712 [04:08<00:00,  2.87it/s]
100%|██████████| 61/61 [00:21<00:00,  2.85it/s]
Epoch 23, Train Loss: 0.5164903196181809, Val Loss: 0.6056050212412584, F1 Score: 0.6227683361116645

100%|██████████| 712/712 [04:10<00:00,  2.84it/s]
100%|██████████| 61/61 [00:21<00:00,  2.85it/s]
Epoch 24, Train Loss: 0.49317037471664255, Val Loss: 0.5645007958910504, F1 Score: 0.6862462073528938

100%|██████████| 712/712 [04:14<00:00,  2.80it/s]
100%|██████████| 61/61 [00:21<00:00,  2.90it/s]
Epoch 25, Train Loss: 0.48265056236218035, Val Loss: 0.6187635321231162, F1 Score: 0.6510631615036888

100%|██████████| 712/712 [04:11<00:00,  2.83it/s]
100%|██████████| 61/61 [00:21<00:00,  2.90it/s]
Epoch 26, Train Loss: 0.4571471812538384, Val Loss: 0.5580254119561344, F1 Score: 0.7245261339534811

100%|██████████| 712/712 [04:08<00:00,  2.87it/s]
100%|██████████| 61/61 [00:20<00:00,  2.92it/s]
Epoch 27, Train Loss: 0.4374014007377574, Val Loss: 0.600134516837167, F1 Score: 0.6763392857142857

100%|██████████| 712/712 [04:11<00:00,  2.83it/s]
100%|██████████| 61/61 [00:21<00:00,  2.89it/s]
Epoch 28, Train Loss: 0.4182328258044599, Val Loss: 0.6153203327758391, F1 Score: 0.6203860154414099

100%|██████████| 712/712 [04:07<00:00,  2.88it/s]
100%|██████████| 61/61 [00:20<00:00,  2.91it/s]
Epoch 29, Train Loss: 0.40991743194106756, Val Loss: 0.5423292259945244, F1 Score: 0.671249012425483

100%|██████████| 712/712 [04:09<00:00,  2.86it/s]
100%|██████████| 61/61 [00:21<00:00,  2.88it/s]
Epoch 30, Train Loss: 0.39749978090835253, Val Loss: 0.5648905123110677, F1 Score: 0.6856215895950996

100%|██████████| 712/712 [04:08<00:00,  2.87it/s]
100%|██████████| 61/61 [00:21<00:00,  2.80it/s]
Epoch 31, Train Loss: 0.3599365539796483, Val Loss: 0.5744587122539028, F1 Score: 0.6968839142135489

100%|██████████| 712/712 [04:05<00:00,  2.90it/s]
100%|██████████| 61/61 [00:21<00:00,  2.89it/s]
Epoch 32, Train Loss: 0.3490363597514087, Val Loss: 0.6283848137274141, F1 Score: 0.6840936424582336

100%|██████████| 712/712 [04:11<00:00,  2.83it/s]
100%|██████████| 61/61 [00:21<00:00,  2.84it/s]
Epoch 33, Train Loss: 0.3467748211068886, Val Loss: 0.569427838579553, F1 Score: 0.70591766868121
Early stopping triggered.


100%|██████████| 244/244 [02:21<00:00,  1.73it/s]
              precision    recall  f1-score   support

           0       0.59      0.50      0.54       165
           1       0.98      0.98      0.98      3644
           2       0.64      0.78      0.70        95

    accuracy                           0.96      3904
   macro avg       0.74      0.75      0.74      3904
weighted avg       0.95      0.96      0.95      3904

Matthews Correlation Coefficient: 0.6445926654700315
Brier Score: 0.03286803127880348
AUC: 0.9239919657129633
Accuracy: 0.9554303278688525
Precision: 0.7362129900871902, weighted: 0.9546301382702554
Recall: 0.75223580189205, weighted: 0.9554303278688525
F1 Score: 0.7408615813630278, weighted: 0.9547191079980929
##################################################  Saliency Maps  ##################################################

Class 0:
Class 1:
Class 2:

100%|██████████| 214/214 [01:16<00:00,  2.81it/s]
              precision    recall  f1-score   support

           0       0.59      0.50      0.54       147
           1       0.98      0.98      0.98      3178
           2       0.64      0.77      0.70        84

    accuracy                           0.96      3409
   macro avg       0.74      0.75      0.74      3409
weighted avg       0.95      0.96      0.95      3409

Matthews Correlation Coefficient: 0.6475143441962625
Brier Score: 0.03299202262009602
AUC: 0.922607211439888
Accuracy: 0.9551188031680845
Precision: 0.7382764003073258, weighted: 0.95429365846822
Recall: 0.752672140809334, weighted: 0.9551188031680845
F1 Score: 0.7422849785061608, weighted: 0.9544037062717166
##################################################  Saliency Maps  ##################################################

Class 0:
Class 1:
Class 2:

100%|██████████| 31/31 [00:12<00:00,  2.57it/s]
              precision    recall  f1-score   support

           0       0.53      0.44      0.48        18
           1       0.98      0.98      0.98       466
           2       0.64      0.82      0.72        11

    accuracy                           0.96       495
   macro avg       0.72      0.75      0.73       495
weighted avg       0.96      0.96      0.96       495

Matthews Correlation Coefficient: 0.6214463344093533
Brier Score: 0.03201402442552701
AUC: 0.9351691068505165
Accuracy: 0.9575757575757575
Precision: 0.7189590571564821, weighted: 0.9569119769119769
Recall: 0.747770985968411, weighted: 0.9575757575757575
F1 Score: 0.7285117267091517, weighted: 0.9568631772268137
##################################################  Saliency Maps  ##################################################

Class 0:
Class 1:
Class 2:
