Using 2 GPUs!
loading csv file in /home/livieymli/brset_analysis/BRSET/data/labels_brset.csv
Train data shape: (11386, 35)
Test data shape: (4880, 35)
Getting validation set...
Train data shape: (3904, 35)
Test data shape: (976, 35)
Using 2 GPUs!


100%|██████████| 712/712 [05:07<00:00,  2.32it/s]
100%|██████████| 61/61 [00:28<00:00,  2.11it/s]
Epoch 1, Train Loss: 1.1241837136363715, Val Loss: 1.0827334777253572, F1 Score: 0.21244701475449576

100%|██████████| 712/712 [04:08<00:00,  2.87it/s]
100%|██████████| 61/61 [00:22<00:00,  2.75it/s]
Epoch 2, Train Loss: 1.1020565018727537, Val Loss: 1.0565439531060516, F1 Score: 0.2156390130256016

100%|██████████| 712/712 [04:05<00:00,  2.90it/s]
100%|██████████| 61/61 [00:22<00:00,  2.74it/s]
Epoch 3, Train Loss: 1.0762261879745494, Val Loss: 1.1745656093613046, F1 Score: 0.12181583302106984

100%|██████████| 712/712 [04:04<00:00,  2.91it/s]
100%|██████████| 61/61 [00:22<00:00,  2.74it/s]
Epoch 4, Train Loss: 1.041055614484495, Val Loss: 1.0178756645468414, F1 Score: 0.27813545016566305

100%|██████████| 712/712 [04:04<00:00,  2.92it/s]
100%|██████████| 61/61 [00:22<00:00,  2.75it/s]
Epoch 5, Train Loss: 1.0069897715211584, Val Loss: 0.9041088247885469, F1 Score: 0.3754309201785693

100%|██████████| 712/712 [04:04<00:00,  2.91it/s]
100%|██████████| 61/61 [00:21<00:00,  2.79it/s]
Epoch 6, Train Loss: 0.9869309928728623, Val Loss: 0.9188831634208804, F1 Score: 0.33318193041055816

100%|██████████| 712/712 [04:06<00:00,  2.89it/s]
100%|██████████| 61/61 [00:23<00:00,  2.65it/s]
Epoch 7, Train Loss: 0.9648812440004242, Val Loss: 0.8274209792496728, F1 Score: 0.4029691806664284

100%|██████████| 712/712 [04:45<00:00,  2.50it/s]
100%|██████████| 61/61 [00:33<00:00,  1.80it/s]
Epoch 8, Train Loss: 0.936959883930643, Val Loss: 0.7855588129309358, F1 Score: 0.4941578602195662

100%|██████████| 712/712 [04:45<00:00,  2.49it/s]
100%|██████████| 61/61 [00:22<00:00,  2.71it/s]
Epoch 9, Train Loss: 0.9138675260075023, Val Loss: 0.7923566401004791, F1 Score: 0.44626038098523874

100%|██████████| 712/712 [04:12<00:00,  2.82it/s]
100%|██████████| 61/61 [00:23<00:00,  2.61it/s]
Epoch 10, Train Loss: 0.9155345938764932, Val Loss: 0.811076178658204, F1 Score: 0.3870875520510557

100%|██████████| 712/712 [04:08<00:00,  2.86it/s]
100%|██████████| 61/61 [00:22<00:00,  2.73it/s]
Epoch 11, Train Loss: 0.8766078288886654, Val Loss: 0.7356467466862475, F1 Score: 0.5149455631383343

100%|██████████| 712/712 [04:13<00:00,  2.81it/s]
100%|██████████| 61/61 [00:22<00:00,  2.74it/s]
Epoch 12, Train Loss: 0.8419340836156285, Val Loss: 0.9042910098052416, F1 Score: 0.3831953369841568

100%|██████████| 712/712 [04:06<00:00,  2.88it/s]
100%|██████████| 61/61 [00:22<00:00,  2.76it/s]
Epoch 13, Train Loss: 0.8197129656968827, Val Loss: 0.6924526454483877, F1 Score: 0.5102976786285464

100%|██████████| 712/712 [04:05<00:00,  2.91it/s]
100%|██████████| 61/61 [00:22<00:00,  2.75it/s]
Epoch 14, Train Loss: 0.8055195849012123, Val Loss: 0.6976013872467104, F1 Score: 0.5474052776180436

100%|██████████| 712/712 [04:10<00:00,  2.84it/s]
100%|██████████| 61/61 [00:24<00:00,  2.54it/s]
Epoch 15, Train Loss: 0.8041540622669324, Val Loss: 0.678299439002256, F1 Score: 0.5282508568222853

100%|██████████| 712/712 [04:13<00:00,  2.80it/s]
100%|██████████| 61/61 [00:23<00:00,  2.58it/s]
Epoch 16, Train Loss: 0.7756788430086682, Val Loss: 0.6391795839442581, F1 Score: 0.5296398909045105

100%|██████████| 712/712 [04:14<00:00,  2.80it/s]
100%|██████████| 61/61 [00:23<00:00,  2.65it/s]
Epoch 17, Train Loss: 0.7515047834872195, Val Loss: 0.6138338248749249, F1 Score: 0.6143606764659396

100%|██████████| 712/712 [04:04<00:00,  2.91it/s]
100%|██████████| 61/61 [00:22<00:00,  2.66it/s]
Epoch 18, Train Loss: 0.742035097536746, Val Loss: 0.709806993359425, F1 Score: 0.48868208779713557

100%|██████████| 712/712 [04:06<00:00,  2.89it/s]
100%|██████████| 61/61 [00:22<00:00,  2.75it/s]
Epoch 19, Train Loss: 0.7350971918301971, Val Loss: 0.6426954635831176, F1 Score: 0.573811671004863

100%|██████████| 712/712 [04:04<00:00,  2.91it/s]
100%|██████████| 61/61 [00:22<00:00,  2.75it/s]
Epoch 20, Train Loss: 0.724031264203067, Val Loss: 0.5697069356187445, F1 Score: 0.5971050994586592

100%|██████████| 712/712 [04:04<00:00,  2.91it/s]
100%|██████████| 61/61 [00:21<00:00,  2.80it/s]
Epoch 21, Train Loss: 0.6819742446597875, Val Loss: 0.514065047512289, F1 Score: 0.6108383248129164

100%|██████████| 712/712 [04:04<00:00,  2.91it/s]
100%|██████████| 61/61 [00:22<00:00,  2.77it/s]
Epoch 22, Train Loss: 0.6662286354249782, Val Loss: 0.5419352753240554, F1 Score: 0.5610703366121323

100%|██████████| 712/712 [04:04<00:00,  2.91it/s]
100%|██████████| 61/61 [00:22<00:00,  2.73it/s]
Epoch 23, Train Loss: 0.6507070229043451, Val Loss: 0.49064822275130476, F1 Score: 0.6755426461641623

100%|██████████| 712/712 [04:04<00:00,  2.91it/s]
100%|██████████| 61/61 [00:22<00:00,  2.72it/s]
Epoch 24, Train Loss: 0.6343807074544805, Val Loss: 0.5715165127251969, F1 Score: 0.5455389283377781

100%|██████████| 712/712 [04:04<00:00,  2.91it/s]
100%|██████████| 61/61 [00:22<00:00,  2.73it/s]
Epoch 25, Train Loss: 0.6405730587587263, Val Loss: 0.5014638855564789, F1 Score: 0.7234221066105123

100%|██████████| 712/712 [04:04<00:00,  2.91it/s]
100%|██████████| 61/61 [00:22<00:00,  2.74it/s]
Epoch 26, Train Loss: 0.6224098692051647, Val Loss: 0.4815744264203994, F1 Score: 0.648208171055696

100%|██████████| 712/712 [04:04<00:00,  2.91it/s]
100%|██████████| 61/61 [00:22<00:00,  2.75it/s]
Epoch 27, Train Loss: 0.7184563213436121, Val Loss: 0.5885417874230713, F1 Score: 0.6002508026140139

100%|██████████| 712/712 [04:04<00:00,  2.91it/s]
100%|██████████| 61/61 [00:22<00:00,  2.74it/s]
Epoch 28, Train Loss: 0.6414187667221668, Val Loss: 0.5436999634152553, F1 Score: 0.5772112696795461

100%|██████████| 712/712 [04:04<00:00,  2.92it/s]
100%|██████████| 61/61 [00:22<00:00,  2.74it/s]
Epoch 29, Train Loss: 0.6007028279533044, Val Loss: 0.4800286739453918, F1 Score: 0.7168696936138798

100%|██████████| 712/712 [04:04<00:00,  2.92it/s]
100%|██████████| 61/61 [00:22<00:00,  2.77it/s]
Epoch 30, Train Loss: 0.5787827796355057, Val Loss: 0.5162798163832211, F1 Score: 0.6886246372366088

100%|██████████| 712/712 [04:04<00:00,  2.91it/s]
100%|██████████| 61/61 [00:22<00:00,  2.73it/s]
Epoch 31, Train Loss: 0.595911322151091, Val Loss: 0.44819931893563664, F1 Score: 0.7202251069359468

100%|██████████| 712/712 [04:04<00:00,  2.92it/s]
100%|██████████| 61/61 [00:21<00:00,  2.79it/s]
Epoch 32, Train Loss: 0.5751690564446905, Val Loss: 0.4747211235712786, F1 Score: 0.6339542055802857
Early stopping triggered.

100%|██████████| 244/244 [02:15<00:00,  1.79it/s]
              precision    recall  f1-score   support

           0       0.21      0.70      0.33       165
           1       0.99      0.87      0.92      3644
           2       0.51      0.83      0.63        95

    accuracy                           0.86      3904
   macro avg       0.57      0.80      0.63      3904
weighted avg       0.94      0.86      0.89      3904

Matthews Correlation Coefficient: 0.444444131928644
Brier Score: 0.08344642680569542
AUC: 0.9076791786622751
Accuracy: 0.8603995901639344
Precision: 0.5700400672573392, weighted: 0.942875836509123
Recall: 0.8009619564995382, weighted: 0.8603995901639344
F1 Score: 0.6277173131496724, weighted: 0.8916071419833128
##################################################  Saliency Maps  ##################################################

Class 0:
Class 1:
Class 2:

100%|██████████| 213/213 [01:10<00:00,  3.01it/s]
              precision    recall  f1-score   support

           0       0.21      0.71      0.33       147
           1       0.99      0.87      0.92      3172
           2       0.53      0.81      0.64        86

    accuracy                           0.86      3405
   macro avg       0.58      0.80      0.63      3405
weighted avg       0.94      0.86      0.89      3405

Matthews Correlation Coefficient: 0.44877360871204414
Brier Score: 0.08415236024155669
AUC: 0.906696600602705
Accuracy: 0.8587371512481644
Precision: 0.5774850392009795, weighted: 0.9425235254686508
Recall: 0.7982949506967807, weighted: 0.8587371512481644
F1 Score: 0.6318310892111748, weighted: 0.8904108745466189
##################################################  Saliency Maps  ##################################################

Class 0:
Class 1:
Class 2:

100%|██████████| 32/32 [00:11<00:00,  2.67it/s]
              precision    recall  f1-score   support

           0       0.20      0.61      0.30        18
           1       0.99      0.88      0.93       472
           2       0.39      1.00      0.56         9

    accuracy                           0.87       499
   macro avg       0.53      0.83      0.60       499
weighted avg       0.95      0.87      0.90       499

Matthews Correlation Coefficient: 0.4088781651061749
Brier Score: 0.07862938372471273
AUC: 0.9211833082494908
Accuracy: 0.8717434869739479
Precision: 0.5256841887844675, weighted: 0.9466831628764086
Recall: 0.8301161330822348, weighted: 0.8717434869739479
F1 Score: 0.5977737169358839, weighted: 0.9001766841142134
##################################################  Saliency Maps  ##################################################

Class 0:
Class 1:
Class 2:
