Using 4 GPUs!
loading csv file in /home/livieymli/brset_analysis/BRSET/data/labels_brset.csv
Train data shape: (11386, 35)
Test data shape: (4880, 35)
Getting validation set...
Train data shape: (3904, 35)
Test data shape: (976, 35)
Using cache found in /home/livieymli/.cache/torch/hub/facebookresearch_dinov2_main
Using 4 GPUs!


100%|██████████| 712/712 [10:34<00:00,  1.12it/s]
100%|██████████| 61/61 [00:52<00:00,  1.15it/s]
Epoch 1, Train Loss: 1.1498474842042066, Val Loss: 1.1051837772619528, F1 Score: 0.05278206229295567

100%|██████████| 712/712 [05:03<00:00,  2.35it/s]
100%|██████████| 61/61 [00:21<00:00,  2.80it/s]
Epoch 2, Train Loss: 1.1008593772401971, Val Loss: 1.1647179195138275, F1 Score: 0.016

100%|██████████| 712/712 [07:33<00:00,  1.57it/s]
100%|██████████| 61/61 [00:54<00:00,  1.12it/s]
Epoch 3, Train Loss: 1.0620127605755678, Val Loss: 0.872418538468783, F1 Score: 0.6441197691197692

100%|██████████| 712/712 [08:27<00:00,  1.40it/s]
100%|██████████| 61/61 [00:43<00:00,  1.40it/s]
Epoch 4, Train Loss: 1.0042466463918767, Val Loss: 1.6011641475020861, F1 Score: 0.016227180527383367

100%|██████████| 712/712 [08:43<00:00,  1.36it/s]
100%|██████████| 61/61 [00:42<00:00,  1.43it/s]
Epoch 5, Train Loss: 1.0355496319910784, Val Loss: 1.0826615143994816, F1 Score: 0.22960673128551787

100%|██████████| 712/712 [09:35<00:00,  1.24it/s]
100%|██████████| 61/61 [00:43<00:00,  1.41it/s]
Epoch 6, Train Loss: 1.0061867083475162, Val Loss: 0.8843672172945054, F1 Score: 0.577665889861165

100%|██████████| 712/712 [10:37<00:00,  1.12it/s]
100%|██████████| 61/61 [01:08<00:00,  1.12s/it]
Epoch 7, Train Loss: 1.0026815264286955, Val Loss: 1.074299834790777, F1 Score: 0.15790401711499544

100%|██████████| 712/712 [09:36<00:00,  1.24it/s]
100%|██████████| 61/61 [00:48<00:00,  1.27it/s]
Epoch 8, Train Loss: 0.9900431877650907, Val Loss: 1.1303321015639383, F1 Score: 0.12462963179165447

100%|██████████| 712/712 [10:22<00:00,  1.14it/s]
100%|██████████| 61/61 [01:00<00:00,  1.01it/s]
Epoch 9, Train Loss: 0.9813005894087674, Val Loss: 0.9451445819901638, F1 Score: 0.35578748795056553

100%|██████████| 712/712 [09:19<00:00,  1.27it/s]
100%|██████████| 61/61 [00:51<00:00,  1.20it/s]
Epoch 10, Train Loss: 0.9248308009478483, Val Loss: 0.7869854718446732, F1 Score: 0.6593320904326557

100%|██████████| 712/712 [09:02<00:00,  1.31it/s]
100%|██████████| 61/61 [00:46<00:00,  1.30it/s]
Epoch 11, Train Loss: 0.9240061168381003, Val Loss: 0.8323142628689282, F1 Score: 0.498233346970655

100%|██████████| 712/712 [07:42<00:00,  1.54it/s]
100%|██████████| 61/61 [00:50<00:00,  1.21it/s]
Epoch 12, Train Loss: 0.9391401481050788, Val Loss: 1.1160646481592147, F1 Score: 0.44393880832571475

100%|██████████| 712/712 [08:10<00:00,  1.45it/s]
100%|██████████| 61/61 [00:48<00:00,  1.26it/s]
Epoch 13, Train Loss: 0.8872736009319176, Val Loss: 0.799494485874645, F1 Score: 0.530157040852228

100%|██████████| 712/712 [06:20<00:00,  1.87it/s]
100%|██████████| 61/61 [00:24<00:00,  2.48it/s]
Epoch 14, Train Loss: 0.8425546802287356, Val Loss: 1.2704507327470622, F1 Score: 0.042292026528479736

100%|██████████| 712/712 [05:44<00:00,  2.07it/s]
100%|██████████| 61/61 [00:31<00:00,  1.95it/s]
Epoch 15, Train Loss: 0.9052617111442129, Val Loss: 0.7146545995454319, F1 Score: 0.5303986710963454

100%|██████████| 712/712 [05:53<00:00,  2.02it/s]
100%|██████████| 61/61 [00:29<00:00,  2.08it/s]
Epoch 16, Train Loss: 0.8356945610322645, Val Loss: 0.6948945014203181, F1 Score: 0.6361503678610335

100%|██████████| 712/712 [05:38<00:00,  2.11it/s]
100%|██████████| 61/61 [00:28<00:00,  2.18it/s]
Epoch 17, Train Loss: 0.8294944412420305, Val Loss: 0.7104717881464567, F1 Score: 0.6158879965744672
Early stopping triggered.

100%|██████████| 244/244 [02:40<00:00,  1.52it/s]
