Using 4 GPUs!
loading csv file in /home/livieymli/brset_analysis/BRSET/data/train_brset.csv
loading csv file in /home/livieymli/brset_analysis/BRSET/data/test_brset.csv
loading csv file in /home/livieymli/brset_analysis/BRSET/data/val_brset.csv
Using 4 GPUs!

100%|██████████| 712/712 [06:48<00:00,  1.74it/s]
100%|██████████| 61/61 [00:35<00:00,  1.71it/s]
Epoch 1, Train Loss: 1.0623900856446014, Val Loss: 0.9640984818583629, F1 Score: 0.5209576412406601
100%|██████████| 712/712 [04:12<00:00,  2.82it/s]
100%|██████████| 61/61 [00:21<00:00,  2.81it/s]
Epoch 2, Train Loss: 0.9537384440766626, Val Loss: 1.593413505397859, F1 Score: 0.15574842341208261
100%|██████████| 712/712 [04:32<00:00,  2.61it/s]
100%|██████████| 61/61 [00:23<00:00,  2.61it/s]
Epoch 3, Train Loss: 0.8866507137884919, Val Loss: 0.7380265947736677, F1 Score: 0.5691083481349911
100%|██████████| 712/712 [04:21<00:00,  2.72it/s]
100%|██████████| 61/61 [00:20<00:00,  2.92it/s]
Epoch 4, Train Loss: 0.8655348258155785, Val Loss: 0.7009119420755104, F1 Score: 0.47914545482851495
100%|██████████| 712/712 [04:06<00:00,  2.89it/s]
100%|██████████| 61/61 [00:20<00:00,  2.91it/s]
Epoch 5, Train Loss: 0.9127092351613755, Val Loss: 0.8081698383464188, F1 Score: 0.5416345624656027
100%|██████████| 712/712 [04:04<00:00,  2.92it/s]
100%|██████████| 61/61 [00:20<00:00,  2.91it/s]
Epoch 6, Train Loss: 0.8495315934499997, Val Loss: 0.691269402376941, F1 Score: 0.5340333004199019
100%|██████████| 712/712 [04:08<00:00,  2.87it/s]
100%|██████████| 61/61 [00:20<00:00,  2.92it/s]
Epoch 7, Train Loss: 0.9862470777516954, Val Loss: 0.9309571678521203, F1 Score: 0.45843764667277953
100%|██████████| 712/712 [04:11<00:00,  2.83it/s]
100%|██████████| 61/61 [00:20<00:00,  2.91it/s]
Epoch 8, Train Loss: 0.9079848278439446, Val Loss: 0.8755319235754795, F1 Score: 0.3617607237639618
100%|██████████| 712/712 [04:09<00:00,  2.86it/s]
100%|██████████| 61/61 [00:20<00:00,  2.92it/s]
Epoch 9, Train Loss: 0.8528555028475402, Val Loss: 0.711434112220514, F1 Score: 0.5421592637054822
100%|██████████| 712/712 [04:04<00:00,  2.91it/s]
100%|██████████| 61/61 [00:20<00:00,  2.92it/s]
Epoch 10, Train Loss: 0.8231937298446559, Val Loss: 0.7085710272925799, F1 Score: 0.6008673947468564
100%|██████████| 712/712 [04:01<00:00,  2.95it/s]
100%|██████████| 61/61 [00:21<00:00,  2.88it/s]
Epoch 11, Train Loss: 0.8793016270305334, Val Loss: 0.7297175494862385, F1 Score: 0.5353149850104784
100%|██████████| 712/712 [04:05<00:00,  2.90it/s]
100%|██████████| 61/61 [00:21<00:00,  2.90it/s]
Epoch 12, Train Loss: 0.7772589567420858, Val Loss: 0.662258151613298, F1 Score: 0.5959587478835201
100%|██████████| 712/712 [05:39<00:00,  2.10it/s]
100%|██████████| 61/61 [00:49<00:00,  1.23it/s]
Epoch 13, Train Loss: 0.7862850211435155, Val Loss: 0.6805615600992422, F1 Score: 0.6070294538857125
100%|██████████| 712/712 [09:50<00:00,  1.21it/s]
100%|██████████| 61/61 [00:46<00:00,  1.31it/s]
Epoch 14, Train Loss: 0.7446993848497279, Val Loss: 0.7486204844517786, F1 Score: 0.6584679322597485
100%|██████████| 712/712 [06:06<00:00,  1.94it/s]
100%|██████████| 61/61 [00:27<00:00,  2.21it/s]
Epoch 15, Train Loss: 0.7461154516367765, Val Loss: 1.193946075244028, F1 Score: 0.18019744740075336
100%|██████████| 712/712 [07:20<00:00,  1.62it/s]
100%|██████████| 61/61 [00:45<00:00,  1.36it/s]
Epoch 16, Train Loss: 0.7225917052435741, Val Loss: 0.6663305141398164, F1 Score: 0.6732275740104235
100%|██████████| 712/712 [06:35<00:00,  1.80it/s]
100%|██████████| 61/61 [00:30<00:00,  2.02it/s]
Epoch 17, Train Loss: 0.6772018187794457, Val Loss: 0.6912070642240712, F1 Score: 0.6240795117588784
100%|██████████| 712/712 [07:52<00:00,  1.51it/s]
100%|██████████| 61/61 [00:42<00:00,  1.42it/s]
Epoch 18, Train Loss: 0.6765709975001852, Val Loss: 0.6224616118630425, F1 Score: 0.692385729527007
100%|██████████| 712/712 [06:29<00:00,  1.83it/s]
100%|██████████| 61/61 [00:27<00:00,  2.18it/s]
Epoch 19, Train Loss: 0.7057035033266699, Val Loss: 0.7438208109042683, F1 Score: 0.6226035817139364
100%|██████████| 712/712 [06:52<00:00,  1.72it/s]
100%|██████████| 61/61 [00:36<00:00,  1.67it/s]
Epoch 20, Train Loss: 0.6282694121362286, Val Loss: 0.5658142406676636, F1 Score: 0.6760718981388689
100%|██████████| 712/712 [06:53<00:00,  1.72it/s]
100%|██████████| 61/61 [00:37<00:00,  1.62it/s]
Epoch 21, Train Loss: 0.6506216249146154, Val Loss: 0.6849340254166087, F1 Score: 0.6616824481093623
100%|██████████| 712/712 [07:28<00:00,  1.59it/s]
100%|██████████| 61/61 [00:34<00:00,  1.79it/s]
Epoch 22, Train Loss: 0.6746813752950075, Val Loss: 1.3607959507918748, F1 Score: 0.5501244375076301
100%|██████████| 712/712 [06:56<00:00,  1.71it/s]
100%|██████████| 61/61 [00:48<00:00,  1.26it/s]
Epoch 23, Train Loss: 0.7560975472809056, Val Loss: 1.3861606235875459, F1 Score: 0.5533394118987919
100%|██████████| 712/712 [07:55<00:00,  1.50it/s]
100%|██████████| 61/61 [00:35<00:00,  1.71it/s]
Epoch 24, Train Loss: 0.7060750786403425, Val Loss: 1.5872365398729433, F1 Score: 0.6450530655205683
100%|██████████| 712/712 [06:06<00:00,  1.94it/s]
100%|██████████| 61/61 [00:30<00:00,  2.01it/s]
Epoch 25, Train Loss: 0.6495691894898924, Val Loss: 0.8043055998497322, F1 Score: 0.6117046765249092
Early stopping triggered.

100%|██████████| 244/244 [02:29<00:00,  1.63it/s]
saved
              precision    recall  f1-score   support

           0       0.18      0.52      0.27       159
           1       0.98      0.89      0.93      3661
           2       0.41      0.63      0.50        84

    accuracy                           0.87      3904
   macro avg       0.52      0.68      0.57      3904
weighted avg       0.93      0.87      0.89      3904

Matthews Correlation Coefficient: 0.35746799856106104
Brier Score: 0.10207881071612294
AUC: 0.8769289261933494
Accuracy: 0.8650102459016393
Precision: 0.5239277028946625, weighted: 0.9330646690077857
Recall: 0.6794140687408842, weighted: 0.8650102459016393
F1 Score: 0.5656425717667949, weighted: 0.8930123226562993
##################################################  Saliency Maps  ##################################################

Class 0:
Class 1:
Class 2:

100%|██████████| 215/215 [01:09<00:00,  3.08it/s]
[[0. 1. 0.]
 [0. 1. 0.]
 [0. 1. 0.]
 ...
 [1. 0. 0.]
 [0. 1. 0.]
 [0. 1. 0.]] [[0.37700155 0.4103569  0.21264149]
 [0.17134266 0.6773106  0.15134671]
 [0.20219284 0.63921696 0.15859012]
 ...
 [0.5698729  0.10754409 0.322583  ]
 [0.22294545 0.63720167 0.1398529 ]
 [0.26706266 0.5557716  0.17716575]]
saved
              precision    recall  f1-score   support

           0       0.19      0.52      0.28       141
           1       0.98      0.89      0.93      3212
           2       0.41      0.66      0.51        73

    accuracy                           0.87      3426
   macro avg       0.53      0.69      0.57      3426
weighted avg       0.93      0.87      0.90      3426

Matthews Correlation Coefficient: 0.3718472214768168
Brier Score: 0.10072052264614502
AUC: 0.8762257950898853
Accuracy: 0.8704028021015762
Precision: 0.5268043520158691, weighted: 0.9339611592491404
Recall: 0.6909226335049711, weighted: 0.8704028021015762
F1 Score: 0.5728178035763505, weighted: 0.8964411207996893
##################################################  Saliency Maps  ##################################################

Class 0:
Class 1:
Class 2:

100%|██████████| 30/30 [00:10<00:00,  2.73it/s]
[[0. 1. 0.]
 [0. 1. 0.]
 [0. 1. 0.]
 ...
 [0. 1. 0.]
 [0. 1. 0.]
 [0. 1. 0.]] [[2.96222776e-01 5.23315549e-01 1.80461705e-01]
 [1.86752295e-05 8.91454145e-02 9.10835862e-01]
 [2.07429677e-01 6.59272969e-01 1.33297309e-01]
 ...
 [1.36057347e-01 7.44631827e-01 1.19310796e-01]
 [3.42291176e-01 4.87390935e-01 1.70317903e-01]
 [2.07024500e-01 6.89488351e-01 1.03487156e-01]]
saved
              precision    recall  f1-score   support

           0       0.12      0.50      0.19        18
           1       0.97      0.85      0.91       449
           2       0.45      0.45      0.45        11

    accuracy                           0.83       478
   macro avg       0.52      0.60      0.52       478
weighted avg       0.93      0.83      0.87       478

Matthews Correlation Coefficient: 0.2651530562360369
Brier Score: 0.11181415556779094
AUC: 0.8822656494641604
Accuracy: 0.8263598326359832
Precision: 0.5154947433518863, weighted: 0.927950858167535
Recall: 0.6010325976918405, weighted: 0.8263598326359832
F1 Score: 0.5180526836389673, weighted: 0.8688424705691844
##################################################  Saliency Maps  ##################################################

Class 0:
Class 1:
Class 2:
