Using 2 GPUs!
loading csv file in /home/livieymli/brset_analysis/BRSET/data/train_brset_nooverlap.csv
loading csv file in /home/livieymli/brset_analysis/BRSET/data/val_brset_nooverlap.csv
loading csv file in /home/livieymli/brset_analysis/BRSET/data/test_brset_nooverlap.csv
Using 2 GPUs!

100%|██████████| 711/711 [16:13<00:00,  1.37s/it]
100%|██████████| 62/62 [01:35<00:00,  1.53s/it]
Epoch 1, Train Loss: 1.1153409852424923, Val Loss: 1.0597228792405897, F1 Score: 0.20997718857195535
100%|██████████| 711/711 [10:54<00:00,  1.09it/s]
100%|██████████| 62/62 [00:45<00:00,  1.35it/s]
Epoch 2, Train Loss: 1.00400715890313, Val Loss: 1.0112933583797947, F1 Score: 0.32884651761056255
100%|██████████| 711/711 [09:43<00:00,  1.22it/s]
100%|██████████| 62/62 [00:58<00:00,  1.07it/s]
Epoch 3, Train Loss: 0.9368377712708486, Val Loss: 0.9008857124755459, F1 Score: 0.40012529934512925
100%|██████████| 711/711 [07:43<00:00,  1.53it/s]
100%|██████████| 62/62 [00:29<00:00,  2.10it/s]
Epoch 4, Train Loss: 0.9522194717545718, Val Loss: 1.0275436284080628, F1 Score: 0.31412569513619065
100%|██████████| 711/711 [08:15<00:00,  1.43it/s]
100%|██████████| 62/62 [01:00<00:00,  1.03it/s]
Epoch 5, Train Loss: 0.9148885982029884, Val Loss: 0.8151392040233458, F1 Score: 0.5460747709216522
100%|██████████| 711/711 [09:19<00:00,  1.27it/s]
100%|██████████| 62/62 [00:49<00:00,  1.26it/s]
Epoch 6, Train Loss: 0.8707300959424799, Val Loss: 0.8454051231664996, F1 Score: 0.48173676396908066
100%|██████████| 711/711 [08:15<00:00,  1.43it/s]
100%|██████████| 62/62 [00:55<00:00,  1.12it/s]
Epoch 7, Train Loss: 0.925443756429455, Val Loss: 0.9113884246157061, F1 Score: 0.5136050762121526
100%|██████████| 711/711 [08:24<00:00,  1.41it/s]
100%|██████████| 62/62 [00:45<00:00,  1.35it/s]
Epoch 8, Train Loss: 0.8633914588414835, Val Loss: 0.6932732277820187, F1 Score: 0.6028700419219607
100%|██████████| 711/711 [08:42<00:00,  1.36it/s]
100%|██████████| 62/62 [00:58<00:00,  1.07it/s]
Epoch 9, Train Loss: 0.8401926984138126, Val Loss: 0.6489912719736176, F1 Score: 0.6293674425554169
100%|██████████| 711/711 [08:47<00:00,  1.35it/s]
100%|██████████| 62/62 [00:49<00:00,  1.26it/s]
Epoch 10, Train Loss: 0.8434096037628949, Val Loss: 0.8895646987422821, F1 Score: 0.43478843692976454
100%|██████████| 711/711 [08:49<00:00,  1.34it/s]
100%|██████████| 62/62 [00:58<00:00,  1.07it/s]
Epoch 11, Train Loss: 0.8000130562737856, Val Loss: 0.7932544598175634, F1 Score: 0.4711537897565776
100%|██████████| 711/711 [09:28<00:00,  1.25it/s]
100%|██████████| 62/62 [00:54<00:00,  1.14it/s]
Epoch 12, Train Loss: 0.7657122151551535, Val Loss: 1.6616670441242956, F1 Score: 0.35044382832929943
100%|██████████| 711/711 [10:12<00:00,  1.16it/s]
100%|██████████| 62/62 [00:54<00:00,  1.14it/s]
Epoch 13, Train Loss: 0.7614117755165583, Val Loss: 0.7274495132507817, F1 Score: 0.6050569922124116
100%|██████████| 711/711 [13:21<00:00,  1.13s/it]
100%|██████████| 62/62 [01:16<00:00,  1.24s/it]
Epoch 14, Train Loss: 0.7186458602065611, Val Loss: 0.6868038727871834, F1 Score: 0.5920162783729487
100%|██████████| 711/711 [09:56<00:00,  1.19it/s]
100%|██████████| 62/62 [00:23<00:00,  2.61it/s]
Epoch 15, Train Loss: 0.7603020956726685, Val Loss: 0.658191550402872, F1 Score: 0.6004448902951229
100%|██████████| 711/711 [05:06<00:00,  2.32it/s]
100%|██████████| 62/62 [00:30<00:00,  2.02it/s]
Epoch 16, Train Loss: 0.7654519608315034, Val Loss: 0.7489071244434002, F1 Score: 0.5778295213410211
Early stopping triggered.
100%|██████████| 245/245 [02:39<00:00,  1.53it/s]
saved
              precision    recall  f1-score   support

           0       0.30      0.55      0.39       164
           1       0.98      0.91      0.95      3663
           2       0.34      0.84      0.48        89

    accuracy                           0.89      3916
   macro avg       0.54      0.77      0.61      3916
weighted avg       0.94      0.89      0.91      3916

Matthews Correlation Coefficient: 0.4638827480999779
Brier Score: 0.11620164187615184
AUC: 0.8921740753382755
Accuracy: 0.8947906026557712
Precision: 0.5417307972900162, weighted: 0.9403336553921995
Recall: 0.769616529756294, weighted: 0.8947906026557712
F1 Score: 0.607093290019874, weighted: 0.9122809627298009
##################################################  Saliency Maps  ##################################################

Class 0:
Class 1:
Class 2:

100%|██████████| 217/217 [01:14<00:00,  2.90it/s]

              precision    recall  f1-score   support

           0       0.30      0.58      0.40       144
           1       0.98      0.92      0.95      3236
           2       0.38      0.84      0.52        79

    accuracy                           0.90      3459
   macro avg       0.56      0.78      0.62      3459
weighted avg       0.94      0.90      0.92      3459

Matthews Correlation Coefficient: 0.48091995355497263
Brier Score: 0.114462424837404
AUC: 0.8962577637431068
Accuracy: 0.8999710899103788
Precision: 0.5567453661067225, weighted: 0.9423058431991143
Recall: 0.778137653229578, weighted: 0.8999710899103788
F1 Score: 0.6241922449415244, weighted: 0.9162161454829871
##################################################  Saliency Maps  ##################################################

Class 0:
Class 1:
Class 2:

100%|██████████| 29/29 [00:10<00:00,  2.69it/s]
0
              precision    recall  f1-score   support

           0       0.28      0.35      0.31        20
           1       0.98      0.88      0.92       427
           2       0.19      0.90      0.31        10

    accuracy                           0.86       457
   macro avg       0.48      0.71      0.52       457
weighted avg       0.93      0.86      0.88       457

Matthews Correlation Coefficient: 0.35225503915024364
Brier Score: 0.12936565057092805
AUC: 0.8633487285353788
Accuracy: 0.8555798687089715
Precision: 0.4813541666666667, weighted: 0.9288122264770241
Recall: 0.7094067135050741, weighted: 0.8555798687089715
F1 Score: 0.5154133852377826, weighted: 0.8844825627219453
##################################################  Saliency Maps  ##################################################

Class 0:
Class 1:
Class 2:
