Using 2 GPUs!
loading csv file in /home/livieymli/brset_analysis/BRSET/data/train_brset_nooverlap.csv
loading csv file in /home/livieymli/brset_analysis/BRSET/data/val_brset_nooverlap.csv
loading csv file in /home/livieymli/brset_analysis/BRSET/data/test_brset_nooverlap.csv
Using cache found in /home/livieymli/.cache/torch/hub/facebookresearch_dinov2_main
Using 2 GPUs!

100%|██████████| 711/711 [07:40<00:00,  1.54it/s]
100%|██████████| 62/62 [00:42<00:00,  1.47it/s]
Epoch 1, Train Loss: 1.1043024547660065, Val Loss: 1.120806130670732, F1 Score: 0.11073997944501542
100%|██████████| 711/711 [04:41<00:00,  2.52it/s]
100%|██████████| 62/62 [00:21<00:00,  2.94it/s]
Epoch 2, Train Loss: 1.0618885859490783, Val Loss: 1.1628675412747167, F1 Score: 0.0705027022378626
100%|██████████| 711/711 [07:27<00:00,  1.59it/s]
100%|██████████| 62/62 [00:42<00:00,  1.46it/s]
Epoch 3, Train Loss: 1.0147393010504302, Val Loss: 1.011593287029574, F1 Score: 0.43151211566585806
100%|██████████| 711/711 [06:19<00:00,  1.87it/s]
100%|██████████| 62/62 [00:25<00:00,  2.39it/s]
Epoch 4, Train Loss: 1.0067620869678786, Val Loss: 1.1382143997376966, F1 Score: 0.015968063872255488
100%|██████████| 711/711 [06:06<00:00,  1.94it/s]
100%|██████████| 62/62 [00:44<00:00,  1.41it/s]
Epoch 5, Train Loss: 1.0371199316448636, Val Loss: 0.9224601609091605, F1 Score: 0.548889676876025
100%|██████████| 711/711 [08:17<00:00,  1.43it/s]
100%|██████████| 62/62 [00:43<00:00,  1.43it/s]
Epoch 6, Train Loss: 0.9877445056887786, Val Loss: 1.0643644467476876, F1 Score: 0.22467295062852158
100%|██████████| 711/711 [08:50<00:00,  1.34it/s]
100%|██████████| 62/62 [00:58<00:00,  1.06it/s]
Epoch 7, Train Loss: 0.9729512496923428, Val Loss: 1.122479514729592, F1 Score: 0.24017523631391866
100%|██████████| 711/711 [09:33<00:00,  1.24it/s]
100%|██████████| 62/62 [00:40<00:00,  1.53it/s]
Epoch 8, Train Loss: 1.0222546748303496, Val Loss: 1.0444189694619948, F1 Score: 0.07482771920710261
100%|██████████| 711/711 [08:11<00:00,  1.45it/s]
100%|██████████| 62/62 [00:50<00:00,  1.22it/s]
Epoch 9, Train Loss: 0.939431948228392, Val Loss: 0.9521330349868343, F1 Score: 0.5187607789143818
100%|██████████| 711/711 [07:01<00:00,  1.69it/s]
100%|██████████| 62/62 [00:26<00:00,  2.36it/s]
Epoch 10, Train Loss: 0.9733826049437168, Val Loss: 1.0774081753146263, F1 Score: 0.03034797424620865
100%|██████████| 711/711 [05:42<00:00,  2.08it/s]
100%|██████████| 62/62 [00:34<00:00,  1.80it/s]
Epoch 11, Train Loss: 1.00354578516822, Val Loss: 0.9262110379434401, F1 Score: 0.33771029421125315
100%|██████████| 711/711 [05:02<00:00,  2.35it/s]
100%|██████████| 62/62 [00:21<00:00,  2.90it/s]
Epoch 12, Train Loss: 0.9399259304614678, Val Loss: 0.903506122769848, F1 Score: 0.4497762405746435
Early stopping triggered.
100%|██████████| 245/245 [16:00<00:00,  3.92s/it]

saved
              precision    recall  f1-score   support

           0       0.15      0.63      0.25       164
           1       0.99      0.81      0.89      3663
           2       0.27      0.76      0.40        89

    accuracy                           0.80      3916
   macro avg       0.47      0.73      0.51      3916
weighted avg       0.94      0.80      0.85      3916

Matthews Correlation Coefficient: 0.34323860049768945
Brier Score: 0.1688402405789502
AUC: 0.9040968871072658
Accuracy: 0.7985188968335035
Precision: 0.4717568466437927, weighted: 0.9353055007842821
Recall: 0.7349690306664821, weighted: 0.7985188968335035
F1 Score: 0.5132951024525961, weighted: 0.8497724407698145
##################################################  Saliency Maps  ##################################################

Class 0:
Class 1:
Class 2:

100%|██████████| 217/217 [15:52<00:00,  4.39s/it]
saved
              precision    recall  f1-score   support

           0       0.16      0.66      0.26       144
           1       0.99      0.82      0.90      3236
           2       0.32      0.75      0.44        79

    accuracy                           0.81      3459
   macro avg       0.49      0.74      0.53      3459
weighted avg       0.94      0.81      0.86      3459

Matthews Correlation Coefficient: 0.3613027766077219
Brier Score: 0.1669138013131839
AUC: 0.910026389588069
Accuracy: 0.8120844174616941
Precision: 0.4885757031746152, weighted: 0.9373594099767805
Recall: 0.7423383400063862, weighted: 0.8120844174616941
F1 Score: 0.5337894369652884, weighted: 0.8593099357965074
##################################################  Saliency Maps  ##################################################

Class 0:
Class 1:
Class 2:

100%|██████████| 29/29 [02:07<00:00,  4.41s/it]
saved

              precision    recall  f1-score   support

           0       0.10      0.45      0.16        20
           1       0.98      0.70      0.82       427
           2       0.15      0.90      0.25        10

    accuracy                           0.70       457
   macro avg       0.41      0.68      0.41       457
weighted avg       0.92      0.70      0.78       457

Matthews Correlation Coefficient: 0.23625486574844506
Brier Score: 0.18342132048103985
AUC: 0.8640773717433259
Accuracy: 0.6958424507658644
Precision: 0.40931104682310077, weighted: 0.923638645112599
Recall: 0.684192037470726, weighted: 0.6958424507658644
F1 Score: 0.41190379284263184, weighted: 0.7775283342937778
##################################################  Saliency Maps  ##################################################

Class 0:
Class 1:
Class 2: