Using 2 GPUs!
loading csv file in /home/livieymli/brset_analysis/BRSET/data/train_brset_nooverlap.csv
loading csv file in /home/livieymli/brset_analysis/BRSET/data/val_brset_nooverlap.csv
loading csv file in /home/livieymli/brset_analysis/BRSET/data/test_brset_nooverlap.csv
Using 2 GPUs!

100%|██████████| 711/711 [06:39<00:00,  1.78it/s]
100%|██████████| 62/62 [00:38<00:00,  1.63it/s]
Epoch 1, Train Loss: 1.1278300726296362, Val Loss: 1.062387288578095, F1 Score: 0.2473724145948283
100%|██████████| 711/711 [04:10<00:00,  2.84it/s]
100%|██████████| 62/62 [00:21<00:00,  2.88it/s]
Epoch 2, Train Loss: 1.0742815523794766, Val Loss: 1.0379684846247397, F1 Score: 0.2619892823776504
100%|██████████| 711/711 [04:18<00:00,  2.75it/s]
100%|██████████| 62/62 [00:22<00:00,  2.76it/s]
Epoch 3, Train Loss: 1.0409675554048832, Val Loss: 0.9966159294689855, F1 Score: 0.30741081766279393
100%|██████████| 711/711 [04:15<00:00,  2.78it/s]
100%|██████████| 62/62 [00:21<00:00,  5.36it/s]
100%|██████████| 62/62 [00:21<00:00,  2.89it/s]
Epoch 4, Train Loss: 1.0138644809126016, Val Loss: 0.9360351077010555, F1 Score: 0.3601329634222898
100%|██████████| 711/711 [04:10<00:00,  2.84it/s]
100%|██████████| 62/62 [00:21<00:00,  2.89it/s]
Epoch 5, Train Loss: 1.0141923563389839, Val Loss: 1.0513683980511082, F1 Score: 0.28561420384230646
100%|██████████| 711/711 [04:11<00:00,  2.82it/s]
100%|██████████| 62/62 [00:21<00:00,  2.84it/s]
Epoch 6, Train Loss: 0.9770117872374974, Val Loss: 0.9457412419780609, F1 Score: 0.3491278529423447
100%|██████████| 711/711 [04:12<00:00,  2.82it/s]
100%|██████████| 62/62 [00:21<00:00,  2.90it/s]
Epoch 7, Train Loss: 0.9606911557217019, Val Loss: 0.8842128404686528, F1 Score: 0.4330217170469209
100%|██████████| 711/711 [04:11<00:00,  2.83it/s]
100%|██████████| 62/62 [00:21<00:00,  2.89it/s]
Epoch 8, Train Loss: 0.9239475482710638, Val Loss: 1.0180380745760855, F1 Score: 0.3303239650389909
100%|██████████| 711/711 [04:10<00:00,  2.84it/s]
100%|██████████| 62/62 [00:21<00:00,  2.90it/s]
Epoch 9, Train Loss: 0.8911621036157327, Val Loss: 0.8114165288786734, F1 Score: 0.4838162559440284
100%|██████████| 711/711 [04:10<00:00,  2.84it/s]
100%|██████████| 62/62 [00:21<00:00,  2.90it/s]
Epoch 10, Train Loss: 0.8891470045605793, Val Loss: 0.7877904832843812, F1 Score: 0.48408382078968165
100%|██████████| 711/711 [04:10<00:00,  2.84it/s]
100%|██████████| 62/62 [00:21<00:00,  2.90it/s]
Epoch 11, Train Loss: 0.847843732595779, Val Loss: 0.8411906291880915, F1 Score: 0.4947455467840434
100%|██████████| 711/711 [04:10<00:00,  2.84it/s]
100%|██████████| 62/62 [00:21<00:00,  5.41it/s]
100%|██████████| 62/62 [00:21<00:00,  2.89it/s]
Epoch 12, Train Loss: 0.8193903132413846, Val Loss: 0.7833890339299556, F1 Score: 0.4680939142514496
100%|██████████| 711/711 [04:10<00:00,  2.84it/s]
100%|██████████| 62/62 [00:21<00:00,  2.91it/s]
Epoch 13, Train Loss: 0.8526920235693538, Val Loss: 0.8843576975407139, F1 Score: 0.4586025291995684
100%|██████████| 711/711 [04:10<00:00,  2.94it/s]
100%|██████████| 711/711 [04:10<00:00,  2.84it/s]
100%|██████████| 62/62 [00:21<00:00,  2.88it/s]
Epoch 14, Train Loss: 0.882531629856964, Val Loss: 0.8503523363221076, F1 Score: 0.45761429966934
100%|██████████| 711/711 [04:14<00:00,  2.71it/s]
100%|██████████| 711/711 [04:15<00:00,  2.79it/s]
100%|██████████| 62/62 [00:21<00:00,  5.40it/s]
100%|██████████| 62/62 [00:21<00:00,  2.90it/s]
Epoch 15, Train Loss: 0.7850948014884727, Val Loss: 0.8827651662211264, F1 Score: 0.48286714002102255
100%|██████████| 711/711 [04:21<00:00,  2.72it/s]
100%|██████████| 62/62 [00:21<00:00,  2.91it/s]
Epoch 16, Train Loss: 0.7831370273261802, Val Loss: 0.7820173939389568, F1 Score: 0.6138811694353689
100%|██████████| 711/711 [04:10<00:00,  2.84it/s]
100%|██████████| 62/62 [00:21<00:00,  2.90it/s]
Epoch 17, Train Loss: 0.7545856639596145, Val Loss: 0.703525259730316, F1 Score: 0.5248236283101931
100%|██████████| 711/711 [04:10<00:00,  2.84it/s]
100%|██████████| 62/62 [00:21<00:00,  2.93it/s]
Epoch 18, Train Loss: 0.7488162256200941, Val Loss: 0.8562150179378448, F1 Score: 0.45648900805536025
100%|██████████| 711/711 [04:14<00:00,  2.79it/s]
100%|██████████| 62/62 [00:21<00:00,  2.93it/s]
Epoch 19, Train Loss: 0.7093520835356371, Val Loss: 0.7292549635373777, F1 Score: 0.5484843967402108
100%|██████████| 711/711 [04:15<00:00,  2.78it/s]
100%|██████████| 62/62 [00:21<00:00,  2.93it/s]
Epoch 20, Train Loss: 0.6933644601941612, Val Loss: 0.691747012518106, F1 Score: 0.5583616249423649
100%|██████████| 711/711 [04:15<00:00,  2.78it/s]
100%|██████████| 62/62 [00:20<00:00,  5.41it/s]
100%|██████████| 62/62 [00:21<00:00,  2.92it/s]
Epoch 21, Train Loss: 0.688384760448869, Val Loss: 0.6946657516302601, F1 Score: 0.6298457291190962
100%|██████████| 711/711 [04:19<00:00,  2.74it/s]
100%|██████████| 62/62 [00:21<00:00,  2.87it/s]
Epoch 22, Train Loss: 0.678189814834739, Val Loss: 0.6681324737446923, F1 Score: 0.5528182704457899
100%|██████████| 711/711 [04:16<00:00,  2.77it/s]
100%|██████████| 62/62 [00:21<00:00,  5.39it/s]
100%|██████████| 62/62 [00:21<00:00,  2.89it/s]
Epoch 23, Train Loss: 0.7460796260674459, Val Loss: 0.6797667089248857, F1 Score: 0.5568953419966892
100%|██████████| 711/711 [04:14<00:00,  2.80it/s]
100%|██████████| 62/62 [00:21<00:00,  5.35it/s]
100%|██████████| 62/62 [00:21<00:00,  2.90it/s]
Epoch 24, Train Loss: 0.6600312920897654, Val Loss: 0.7132450686467271, F1 Score: 0.5695251677458274
100%|██████████| 711/711 [04:14<00:00,  2.80it/s]
100%|██████████| 62/62 [00:21<00:00,  2.90it/s]
Epoch 25, Train Loss: 0.6557620940559692, Val Loss: 1.0929174644331778, F1 Score: 0.4716031693234058
100%|██████████| 711/711 [04:15<00:00,  2.78it/s]
100%|██████████| 62/62 [00:21<00:00,  2.91it/s]
Epoch 26, Train Loss: 0.6271395647869499, Val Loss: 0.7452807213149725, F1 Score: 0.5675642069090252
100%|██████████| 711/711 [04:14<00:00,  2.80it/s]
100%|██████████| 62/62 [00:21<00:00,  2.91it/s]
Epoch 27, Train Loss: 0.6303803886479467, Val Loss: 0.7225326905327458, F1 Score: 0.41723630312339993
100%|██████████| 711/711 [04:13<00:00,  2.90it/s]
100%|██████████| 711/711 [04:13<00:00,  2.80it/s]
100%|██████████| 62/62 [00:21<00:00,  5.35it/s]
100%|██████████| 62/62 [00:21<00:00,  2.91it/s]
Epoch 28, Train Loss: 0.6268978833041446, Val Loss: 0.7325506218138241, F1 Score: 0.5856479136933537
Early stopping triggered.
100%|██████████| 245/245 [02:21<00:00,  1.73it/s]
saved
              precision    recall  f1-score   support

           0       0.27      0.73      0.39       164
           1       0.99      0.89      0.94      3663
           2       0.43      0.84      0.57        89

    accuracy                           0.88      3916
   macro avg       0.56      0.82      0.63      3916
weighted avg       0.95      0.88      0.90      3916

Matthews Correlation Coefficient: 0.4798481945980328
Brier Score: 0.08069686916638927
AUC: 0.9226217158729223
Accuracy: 0.8810010214504597
Precision: 0.561610645091608, weighted: 0.9457789183954549
Recall: 0.8190650913999776, weighted: 0.8810010214504597
F1 Score: 0.6315889680743065, weighted: 0.9049095202659356
##################################################  Saliency Maps  ##################################################

Class 0:
Class 1:
Class 2:

100%|██████████| 217/217 [01:12<00:00,  2.99it/s]

saved
              precision    recall  f1-score   support

           0       0.26      0.74      0.39       144
           1       0.99      0.89      0.94      3236
           2       0.45      0.85      0.59        79

    accuracy                           0.88      3459
   macro avg       0.57      0.82      0.64      3459
weighted avg       0.95      0.88      0.91      3459

Matthews Correlation Coefficient: 0.48310392131077207
Brier Score: 0.0797524432333054
AUC: 0.9208927433498341
Accuracy: 0.8808904307603354
Precision: 0.5677050633635594, weighted: 0.9467555324488035
Recall: 0.8241152916932517, weighted: 0.8808904307603354
F1 Score: 0.6372556078856262, weighted: 0.905188916617268
##################################################  Saliency Maps  ##################################################

Class 0:
Class 1:
Class 2:

100%|██████████| 29/29 [00:10<00:00,  2.73it/s]

saved
              precision    recall  f1-score   support

           0       0.30      0.65      0.41        20
           1       0.98      0.89      0.94       427
           2       0.31      0.80      0.44        10

    accuracy                           0.88       457
   macro avg       0.53      0.78      0.60       457
weighted avg       0.94      0.88      0.90       457

Matthews Correlation Coefficient: 0.45607042701219774
Brier Score: 0.08784516093731014
AUC: 0.9371234220855044
Accuracy: 0.8818380743982495
Precision: 0.5315179905206279, weighted: 0.9398694571582602
Recall: 0.7815378610460577, weighted: 0.8818380743982495
F1 Score: 0.5981887233420975, weighted: 0.9036721385112465
##################################################  Saliency Maps  ##################################################

Class 0:
Class 1:
Class 2:
