Using 2 GPUs!
loading csv file in /home/livieymli/brset_analysis/BRSET/data/train_brset_nooverlap.csv
loading csv file in /home/livieymli/brset_analysis/BRSET/data/test_brset_nooverlap.csv
loading csv file in /home/livieymli/brset_analysis/BRSET/data/val_brset_nooverlap.csv
Using 2 GPUs!

100%|██████████| 711/711 [07:27<00:00,  1.59it/s]
100%|██████████| 62/62 [00:38<00:00,  1.60it/s]
Epoch 1, Train Loss: 1.1184925691823249, Val Loss: 1.2695741989920217, F1 Score: 0.134089496606385
100%|██████████| 711/711 [04:38<00:00,  2.56it/s]
100%|██████████| 62/62 [00:24<00:00,  2.51it/s]
Epoch 2, Train Loss: 1.0427804388493593, Val Loss: 1.269000845570718, F1 Score: 0.14121712800081318
100%|██████████| 711/711 [05:15<00:00,  2.25it/s]
100%|██████████| 62/62 [00:27<00:00,  2.26it/s]
Epoch 3, Train Loss: 1.0146174468990787, Val Loss: 1.1058389054190727, F1 Score: 0.2443805322615414
100%|██████████| 711/711 [05:21<00:00,  2.21it/s]
100%|██████████| 62/62 [00:27<00:00,  2.26it/s]
Epoch 4, Train Loss: 0.9867169117206595, Val Loss: 1.1593631376181879, F1 Score: 0.1952148328331673
100%|██████████| 711/711 [05:28<00:00,  2.17it/s]
100%|██████████| 62/62 [00:28<00:00,  2.18it/s]
Epoch 5, Train Loss: 0.9539866740861187, Val Loss: 1.1477448368264782, F1 Score: 0.22826825206656207
100%|██████████| 711/711 [05:19<00:00,  2.23it/s]
100%|██████████| 62/62 [00:28<00:00,  2.15it/s]
Epoch 6, Train Loss: 0.9304239336616044, Val Loss: 1.091541114834047, F1 Score: 0.27818061384486703
100%|██████████| 711/711 [05:15<00:00,  2.26it/s]
100%|██████████| 62/62 [00:27<00:00,  2.23it/s]
Epoch 7, Train Loss: 0.8976722917560116, Val Loss: 1.08357177794941, F1 Score: 0.3099947038324127
100%|██████████| 711/711 [05:10<00:00,  2.29it/s]
100%|██████████| 62/62 [00:27<00:00,  2.25it/s]
Epoch 8, Train Loss: 0.8571767909910776, Val Loss: 1.163663457237905, F1 Score: 0.30229387241827294
100%|██████████| 711/711 [05:13<00:00,  2.27it/s]
100%|██████████| 62/62 [00:28<00:00,  2.20it/s]
Epoch 9, Train Loss: 0.8282307704960411, Val Loss: 1.1972750927652083, F1 Score: 0.2630510890107507
100%|██████████| 711/711 [05:15<00:00,  2.25it/s]
100%|██████████| 62/62 [00:29<00:00,  2.12it/s]
Epoch 10, Train Loss: 0.8002586473727863, Val Loss: 1.178078197062977, F1 Score: 0.32951272284271116
100%|██████████| 711/711 [05:12<00:00,  2.28it/s]
100%|██████████| 62/62 [00:26<00:00,  2.30it/s]
Epoch 11, Train Loss: 0.7980213925640627, Val Loss: 0.9725513982196008, F1 Score: 0.3722914801601617
100%|██████████| 711/711 [05:07<00:00,  2.31it/s]
100%|██████████| 62/62 [00:25<00:00,  2.45it/s]
Epoch 12, Train Loss: 0.7771530207325135, Val Loss: 0.9537063551045233, F1 Score: 0.3855221437728334
100%|██████████| 711/711 [05:15<00:00,  2.26it/s]
100%|██████████| 62/62 [00:27<00:00,  2.28it/s]
Epoch 13, Train Loss: 0.751683448374523, Val Loss: 0.7970067637581979, F1 Score: 0.46899648971271174
100%|██████████| 711/711 [05:04<00:00,  2.34it/s]
100%|██████████| 62/62 [00:25<00:00,  2.42it/s]
Epoch 14, Train Loss: 0.7174966272946484, Val Loss: 0.9630705216719259, F1 Score: 0.4125008565287966
100%|██████████| 711/711 [04:53<00:00,  2.42it/s]
100%|██████████| 62/62 [00:26<00:00,  2.36it/s]
Epoch 15, Train Loss: 0.7156781102366924, Val Loss: 0.8653500747055777, F1 Score: 0.4756300554438233
100%|██████████| 711/711 [05:13<00:00,  2.27it/s]
100%|██████████| 62/62 [00:26<00:00,  2.32it/s]
Epoch 16, Train Loss: 0.6747107780872518, Val Loss: 0.9387824331680613, F1 Score: 0.5225591192854016
100%|██████████| 711/711 [05:00<00:00,  2.37it/s]
100%|██████████| 62/62 [00:24<00:00,  2.51it/s]
Epoch 17, Train Loss: 0.6636459286810644, Val Loss: 1.0131320334490268, F1 Score: 0.4961859835381583
100%|██████████| 711/711 [04:58<00:00,  2.39it/s]
100%|██████████| 62/62 [00:24<00:00,  2.49it/s]
Epoch 18, Train Loss: 0.6385873634415337, Val Loss: 0.9267006316973317, F1 Score: 0.485766297543953
100%|██████████| 711/711 [04:50<00:00,  2.45it/s]
100%|██████████| 62/62 [00:25<00:00,  2.42it/s]
Epoch 19, Train Loss: 0.6132228802234647, Val Loss: 0.7461165724502455, F1 Score: 0.5481381531456494
100%|██████████| 711/711 [04:52<00:00,  2.43it/s]
100%|██████████| 62/62 [00:24<00:00,  2.50it/s]
Epoch 20, Train Loss: 0.59861705737233, Val Loss: 0.8473475716046749, F1 Score: 0.5371265916553989
100%|██████████| 711/711 [04:49<00:00,  2.45it/s]
100%|██████████| 62/62 [00:23<00:00,  2.59it/s]
Epoch 21, Train Loss: 0.557261201368354, Val Loss: 0.9902360162307178, F1 Score: 0.5159417571207935
100%|██████████| 711/711 [04:49<00:00,  2.46it/s]
100%|██████████| 62/62 [00:25<00:00,  2.47it/s]
Epoch 22, Train Loss: 0.5539006634540699, Val Loss: 0.842601930482253, F1 Score: 0.5481464895257998
100%|██████████| 711/711 [04:38<00:00,  2.55it/s]
100%|██████████| 62/62 [00:23<00:00,  2.68it/s]
Epoch 23, Train Loss: 0.5340532880962817, Val Loss: 0.8721608869250743, F1 Score: 0.5514490169953774
100%|██████████| 711/711 [04:32<00:00,  2.61it/s]
100%|██████████| 62/62 [00:23<00:00,  2.69it/s]
Epoch 24, Train Loss: 0.5161379206658415, Val Loss: 0.7792092069022117, F1 Score: 0.5865792191494786
100%|██████████| 711/711 [04:31<00:00,  2.62it/s]
100%|██████████| 62/62 [00:22<00:00,  2.70it/s]
Epoch 25, Train Loss: 0.4831864776092407, Val Loss: 0.8543670425011266, F1 Score: 0.5940734420503208
100%|██████████| 711/711 [04:34<00:00,  2.59it/s]
100%|██████████| 62/62 [00:23<00:00,  2.67it/s]
Epoch 26, Train Loss: 0.4714156012515814, Val Loss: 0.6648634911905373, F1 Score: 0.6088219869314396
100%|██████████| 711/711 [04:39<00:00,  2.54it/s]
100%|██████████| 62/62 [00:23<00:00,  2.60it/s]
Epoch 27, Train Loss: 0.44446158461513735, Val Loss: 0.6240429667034938, F1 Score: 0.6623779074013217
100%|██████████| 711/711 [04:39<00:00,  2.55it/s]
100%|██████████| 62/62 [00:24<00:00,  2.55it/s]
Epoch 28, Train Loss: 0.44804084218210644, Val Loss: 0.6028014454509942, F1 Score: 0.6584500466853408
100%|██████████| 711/711 [04:36<00:00,  2.57it/s]
100%|██████████| 62/62 [00:22<00:00,  2.71it/s]
Epoch 29, Train Loss: 0.43646962074078255, Val Loss: 0.7110929965612388, F1 Score: 0.6107434032716131
100%|██████████| 711/711 [04:38<00:00,  2.55it/s]
100%|██████████| 62/62 [00:23<00:00,  2.62it/s]
Epoch 30, Train Loss: 0.40948075573215503, Val Loss: 0.7777818167401899, F1 Score: 0.6368703574522234
100%|██████████| 711/711 [04:30<00:00,  2.62it/s]
100%|██████████| 62/62 [00:23<00:00,  2.62it/s]
Epoch 31, Train Loss: 0.399773216317768, Val Loss: 0.819946753942678, F1 Score: 0.635669152478035
100%|██████████| 711/711 [04:40<00:00,  2.54it/s]
100%|██████████| 62/62 [00:23<00:00,  2.64it/s]
Epoch 32, Train Loss: 0.3941162005276452, Val Loss: 0.6512246574725835, F1 Score: 0.6750033964405829
100%|██████████| 711/711 [04:28<00:00,  2.65it/s]
100%|██████████| 62/62 [00:22<00:00,  2.72it/s]
Epoch 33, Train Loss: 0.36580808448137614, Val Loss: 0.7455244174888057, F1 Score: 0.6491246040143722
100%|██████████| 711/711 [04:26<00:00,  2.67it/s]
100%|██████████| 62/62 [00:22<00:00,  4.67it/s]
100%|██████████| 62/62 [00:22<00:00,  2.74it/s]
Epoch 34, Train Loss: 0.3592894975405118, Val Loss: 0.5895283661422229, F1 Score: 0.658973316193813
100%|██████████| 711/711 [04:25<00:00,  2.68it/s]
100%|██████████| 62/62 [00:22<00:00,  2.75it/s]
Epoch 35, Train Loss: 0.3319305857609428, Val Loss: 0.607978546841731, F1 Score: 0.6424294975019612
100%|██████████| 711/711 [04:25<00:00,  2.67it/s]
100%|██████████| 62/62 [00:22<00:00,  2.70it/s]
Epoch 36, Train Loss: 0.33021457542032634, Val Loss: 0.5673501009662305, F1 Score: 0.7378862938113847
100%|██████████| 711/711 [04:22<00:00,  2.71it/s]
100%|██████████| 62/62 [00:22<00:00,  2.77it/s]
Epoch 37, Train Loss: 0.3118757122443824, Val Loss: 0.7647157880147138, F1 Score: 0.693490692395916
100%|██████████| 711/711 [04:22<00:00,  2.71it/s]
100%|██████████| 62/62 [00:22<00:00,  2.78it/s]
Epoch 38, Train Loss: 0.3031686932456309, Val Loss: 0.641706253762447, F1 Score: 0.6994372064211206
100%|██████████| 711/711 [04:21<00:00,  2.71it/s]
100%|██████████| 62/62 [00:22<00:00,  2.79it/s]
Epoch 39, Train Loss: 0.29555878266115815, Val Loss: 0.628348678004958, F1 Score: 0.7006713484796476
100%|██████████| 711/711 [04:26<00:00,  2.67it/s]
100%|██████████| 62/62 [00:23<00:00,  2.61it/s]
Epoch 40, Train Loss: 0.28725331530247394, Val Loss: 0.5967908131199018, F1 Score: 0.7160718649029129
100%|██████████| 711/711 [04:28<00:00,  2.65it/s]
100%|██████████| 62/62 [00:22<00:00,  2.76it/s]
Epoch 41, Train Loss: 0.2660223343887703, Val Loss: 0.7675854724741751, F1 Score: 0.7019726339279325
100%|██████████| 711/711 [04:25<00:00,  2.68it/s]
100%|██████████| 62/62 [00:22<00:00,  2.78it/s]
Epoch 42, Train Loss: 0.2748733275424579, Val Loss: 0.7440227238130906, F1 Score: 0.735888973512736
100%|██████████| 711/711 [04:29<00:00,  2.64it/s]
100%|██████████| 62/62 [00:22<00:00,  2.74it/s]
Epoch 43, Train Loss: 0.25004383201452834, Val Loss: 0.778124037589277, F1 Score: 0.7330289840407112
Early stopping triggered.
100%|██████████| 245/245 [02:22<00:00,  1.73it/s]
saved
              precision    recall  f1-score   support

           0       0.60      0.52      0.56       164
           1       0.98      0.97      0.98      3663
           2       0.53      0.89      0.66        89

    accuracy                           0.95      3916
   macro avg       0.70      0.79      0.73      3916
weighted avg       0.96      0.95      0.95      3916

Matthews Correlation Coefficient: 0.6398040955732536
Brier Score: 0.029024327450111752
AUC: 0.9352179546679303
Accuracy: 0.952247191011236
Precision: 0.7040803891465742, weighted: 0.9570296138994773
Recall: 0.793059701870335, weighted: 0.952247191011236
F1 Score: 0.7325805428891887, weighted: 0.9534686503410453
##################################################  Saliency Maps  ##################################################

Class 0:
Class 1:
Class 2:

100%|██████████| 217/217 [01:20<00:00,  2.71it/s]

              precision    recall  f1-score   support

           0       0.61      0.54      0.58       144
           1       0.98      0.98      0.98      3236
           2       0.56      0.89      0.68        79

    accuracy                           0.96      3459
   macro avg       0.72      0.80      0.75      3459
weighted avg       0.96      0.96      0.96      3459

Matthews Correlation Coefficient: 0.6586331888154375
Brier Score: 0.027248893362758226
AUC: 0.9381634899190594
Accuracy: 0.9551893610870194
Precision: 0.7180443419827253, weighted: 0.9591968664446843
Recall: 0.8010069123903206, weighted: 0.9551893610870194
F1 Score: 0.7461308391413626, weighted: 0.9562132140553796
##################################################  Saliency Maps  ##################################################

Class 0:
Class 1:
Class 2:

100%|██████████| 29/29 [00:11<00:00,  2.56it/s]

              precision    recall  f1-score   support

           0       0.47      0.35      0.40        20
           1       0.98      0.96      0.97       427
           2       0.39      0.90      0.55        10

    accuracy                           0.93       457
   macro avg       0.61      0.74      0.64       457
weighted avg       0.94      0.93      0.93       457

Matthews Correlation Coefficient: 0.5080551062831005
Brier Score: 0.04246243359494093
AUC: 0.9106541449655173
Accuracy: 0.9299781181619255
Precision: 0.6113682220146887, weighted: 0.9410403632910386
Recall: 0.7359484777517564, weighted: 0.9299781181619255
F1 Score: 0.6374525395801992, weighted: 0.9328712423363011
##################################################  Saliency Maps  ##################################################

Class 0:
Class 1:
Class 2:
