Using 2 GPUs!
loading csv file in /home/livieymli/brset_analysis/BRSET/data/train_brset_nooverlap.csv
loading csv file in /home/livieymli/brset_analysis/BRSET/data/test_brset_nooverlap.csv
loading csv file in /home/livieymli/brset_analysis/BRSET/data/val_brset_nooverlap.csv
Using 2 GPUs!

100%|██████████| 711/711 [07:07<00:00,  1.66it/s]
100%|██████████| 62/62 [00:34<00:00,  1.77it/s]
Epoch 1, Train Loss: 1.0254845350938842, Val Loss: 1.0574555161499208, F1 Score: 0.2033020171318044
100%|██████████| 711/711 [04:32<00:00,  2.61it/s]
100%|██████████| 62/62 [00:24<00:00,  2.49it/s]
Epoch 2, Train Loss: 0.9471034495848979, Val Loss: 0.7396134791835662, F1 Score: 0.5462306248594665
100%|██████████| 711/711 [05:28<00:00,  2.17it/s]
100%|██████████| 62/62 [00:30<00:00,  2.04it/s]
Epoch 3, Train Loss: 0.8511991888368515, Val Loss: 0.7727841345533248, F1 Score: 0.5536957875533747
100%|██████████| 711/711 [05:56<00:00,  1.99it/s]
100%|██████████| 62/62 [00:31<00:00,  1.94it/s]
Epoch 4, Train Loss: 0.8031371237104955, Val Loss: 0.9154673114178642, F1 Score: 0.5401840713859508
100%|██████████| 711/711 [05:53<00:00,  2.01it/s]
100%|██████████| 62/62 [00:32<00:00,  1.90it/s]
Epoch 5, Train Loss: 0.7774447088461217, Val Loss: 0.718889199317463, F1 Score: 0.5781814125554045
100%|██████████| 711/711 [05:59<00:00,  1.98it/s]
100%|██████████| 62/62 [00:34<00:00,  1.79it/s]
Epoch 6, Train Loss: 0.7450723896423975, Val Loss: 0.6509973794942902, F1 Score: 0.6342430676188638
100%|██████████| 711/711 [06:08<00:00,  1.93it/s]
100%|██████████| 62/62 [00:35<00:00,  1.77it/s]
Epoch 7, Train Loss: 0.6995036579909539, Val Loss: 0.7019756277722697, F1 Score: 0.6261692153142092
100%|██████████| 711/711 [05:54<00:00,  2.00it/s]
100%|██████████| 62/62 [00:37<00:00,  1.64it/s]
Epoch 8, Train Loss: 0.6605076557221795, Val Loss: 0.7168475283129562, F1 Score: 0.7333663295015952
100%|██████████| 711/711 [05:42<00:00,  2.07it/s]
100%|██████████| 62/62 [00:32<00:00,  1.93it/s]
Epoch 9, Train Loss: 0.6516966068732084, Val Loss: 0.7380626508064808, F1 Score: 0.6944785638849567
100%|██████████| 711/711 [05:47<00:00,  2.04it/s]
100%|██████████| 62/62 [00:32<00:00,  1.94it/s]
Epoch 10, Train Loss: 0.5953714079033641, Val Loss: 0.6197659117319891, F1 Score: 0.6958674167776787
100%|██████████| 711/711 [05:46<00:00,  2.05it/s]
100%|██████████| 62/62 [00:33<00:00,  1.83it/s]
Epoch 11, Train Loss: 0.5826635869474015, Val Loss: 0.708651305506787, F1 Score: 0.673377256133921
100%|██████████| 711/711 [05:51<00:00,  2.02it/s]
100%|██████████| 62/62 [00:31<00:00,  1.98it/s]
Epoch 12, Train Loss: 0.5547907651099475, Val Loss: 0.7895761687428721, F1 Score: 0.6354970024763645
100%|██████████| 711/711 [05:36<00:00,  2.11it/s]
100%|██████████| 62/62 [00:30<00:00,  2.02it/s]
Epoch 13, Train Loss: 0.5294245093977066, Val Loss: 0.6131876854886932, F1 Score: 0.6758160246552162
100%|██████████| 711/711 [05:40<00:00,  2.09it/s]
100%|██████████| 62/62 [00:28<00:00,  2.14it/s]
Epoch 14, Train Loss: 0.514064970697406, Val Loss: 0.5887852955849902, F1 Score: 0.7308645963253086
100%|██████████| 711/711 [05:33<00:00,  2.13it/s]
100%|██████████| 62/62 [00:31<00:00,  1.96it/s]
Epoch 15, Train Loss: 0.46101764244788473, Val Loss: 0.6993697392604044, F1 Score: 0.6995975425272452
Early stopping triggered.
100%|██████████| 245/245 [02:34<00:00,  1.59it/s]
saved
              precision    recall  f1-score   support

           0       0.43      0.77      0.55       164
           1       0.99      0.95      0.97      3663
           2       0.62      0.84      0.72        89

    accuracy                           0.94      3916
   macro avg       0.68      0.85      0.75      3916
weighted avg       0.96      0.94      0.95      3916

Matthews Correlation Coefficient: 0.6413108497714927
Brier Score: 0.07699923293207696
AUC: 0.9135653524846328
Accuracy: 0.9394790602655771
Precision: 0.6830289193302891, weighted: 0.9607283781325647
Recall: 0.8534947538784207, weighted: 0.9394790602655771
F1 Score: 0.7469648123632394, weighted: 0.9473101782400067
##################################################  Saliency Maps  ##################################################

Class 0:
Class 1:
Class 2:

100%|██████████| 217/217 [01:15<00:00,  2.88it/s]

              precision    recall  f1-score   support

           0       0.44      0.77      0.56       144
           1       0.99      0.95      0.97      3236
           2       0.64      0.85      0.73        79

    accuracy                           0.94      3459
   macro avg       0.69      0.86      0.75      3459
weighted avg       0.96      0.94      0.95      3459

Matthews Correlation Coefficient: 0.6450704318089919
Brier Score: 0.07626205474863564
AUC: 0.9160486075580043
Accuracy: 0.9407343162763805
Precision: 0.690594317131319, weighted: 0.9611227755087022
Recall: 0.8564969471435103, weighted: 0.9407343162763805
F1 Score: 0.7531970035205583, weighted: 0.9482487851438713
##################################################  Saliency Maps  ##################################################

Class 0:
Class 1:
Class 2:

100%|██████████| 29/29 [00:10<00:00,  2.71it/s]

              precision    recall  f1-score   support

           0       0.41      0.75      0.53        20
           1       1.00      0.94      0.97       427
           2       0.50      0.80      0.62        10

    accuracy                           0.93       457
   macro avg       0.63      0.83      0.70       457
weighted avg       0.96      0.93      0.94       457

Matthews Correlation Coefficient: 0.6151750031154533
Brier Score: 0.08257888221390253
AUC: 0.8961647298807692
Accuracy: 0.9299781181619255
Precision: 0.6334849701186335, weighted: 0.9584119184288172
Recall: 0.8304839968774397, weighted: 0.9299781181619255
F1 Score: 0.7030698100430192, weighted: 0.9404956580611237
##################################################  Saliency Maps  ##################################################

Class 0:
Class 1:
Class 2:
