Using 2 GPUs!
loading csv file in /home/livieymli/brset_analysis/BRSET/data/train_brset_nooverlap.csv
loading csv file in /home/livieymli/brset_analysis/BRSET/data/val_brset_nooverlap.csv
loading csv file in /home/livieymli/brset_analysis/BRSET/data/test_brset_nooverlap.csv
Using cache found in /home/livieymli/.cache/torch/hub/facebookresearch_dinov2_main
Using 2 GPUs!

100%|██████████| 711/711 [24:02<00:00,  2.03s/it]
100%|██████████| 62/62 [02:09<00:00,  2.09s/it]
Epoch 1, Train Loss: 1.1396230812984847, Val Loss: 1.0893840020702732, F1 Score: 0.31272304072512513
100%|██████████| 711/711 [23:25<00:00,  1.98s/it]
100%|██████████| 62/62 [01:53<00:00,  1.83s/it]
Epoch 2, Train Loss: 1.0916816716288045, Val Loss: 1.1307788760431352, F1 Score: 0.08183299716448887
100%|██████████| 711/711 [19:38<00:00,  1.66s/it]
100%|██████████| 62/62 [02:02<00:00,  1.97s/it]
Epoch 3, Train Loss: 1.0545846860536208, Val Loss: 1.0708352586915415, F1 Score: 0.2482982784055916
100%|██████████| 711/711 [18:33<00:00,  1.57s/it]
100%|██████████| 62/62 [01:51<00:00,  1.80s/it]
Epoch 4, Train Loss: 1.0603658195621688, Val Loss: 1.9797627839349932, F1 Score: 0.015968063872255488
100%|██████████| 711/711 [16:15<00:00,  1.37s/it]
100%|██████████| 62/62 [01:41<00:00,  1.64s/it]
Epoch 5, Train Loss: 1.0242670899369712, Val Loss: 1.110575957404029, F1 Score: 0.3072341209949652
100%|██████████| 711/711 [15:04<00:00,  1.27s/it]
100%|██████████| 62/62 [01:22<00:00,  1.33s/it]
Epoch 6, Train Loss: 0.9617170712867367, Val Loss: 0.8568645768588589, F1 Score: 0.5656640368178829
100%|██████████| 711/711 [14:12<00:00,  1.20s/it]
100%|██████████| 62/62 [01:05<00:00,  1.06s/it]
Epoch 7, Train Loss: 0.9696403263783824, Val Loss: 0.795686649699365, F1 Score: 0.4991129280453468
100%|██████████| 711/711 [13:00<00:00,  1.10s/it]
100%|██████████| 62/62 [01:20<00:00,  1.29s/it]
Epoch 8, Train Loss: 0.9445736391886377, Val Loss: 0.7658474625599, F1 Score: 0.6055864387374791
100%|██████████| 711/711 [12:57<00:00,  1.09s/it]
100%|██████████| 62/62 [00:56<00:00,  1.09it/s]
Epoch 9, Train Loss: 0.9855166227673344, Val Loss: 0.9611430920420154, F1 Score: 0.3283649097602586
100%|██████████| 711/711 [12:44<00:00,  1.08s/it]
100%|██████████| 62/62 [01:13<00:00,  1.18s/it]
Epoch 10, Train Loss: 1.0384355725618355, Val Loss: 1.0219751144609144, F1 Score: 0.30631609994522396
100%|██████████| 711/711 [12:17<00:00,  1.04s/it]
100%|██████████| 62/62 [00:55<00:00,  1.13it/s]
Epoch 11, Train Loss: 1.0118614233160488, Val Loss: 2.213610223327358, F1 Score: 0.33506565837392904
100%|██████████| 711/711 [12:21<00:00,  1.04s/it]
100%|██████████| 62/62 [01:13<00:00,  1.19s/it]
Epoch 12, Train Loss: 0.9582771862190317, Val Loss: 0.8820729106664658, F1 Score: 0.46611367413827925
100%|██████████| 711/711 [13:11<00:00,  1.11s/it]
100%|██████████| 62/62 [01:06<00:00,  1.07s/it]
Epoch 13, Train Loss: 0.9288374681848346, Val Loss: 1.1548216823608644, F1 Score: 0.32180463542848264
100%|██████████| 711/711 [12:02<00:00,  1.02s/it]
100%|██████████| 62/62 [01:27<00:00,  1.41s/it]
Epoch 14, Train Loss: 0.8198731271065405, Val Loss: 0.7834885069920171, F1 Score: 0.5317174011012399
100%|██████████| 711/711 [12:09<00:00,  1.03s/it]
100%|██████████| 62/62 [01:02<00:00,  1.01s/it]
Epoch 15, Train Loss: 0.7986407921912801, Val Loss: 0.957774295441566, F1 Score: 0.5520969454773036
Early stopping triggered.
100%|██████████| 245/245 [05:59<00:00,  1.47s/it]
saved
              precision    recall  f1-score   support

           0       0.31      0.53      0.39       164
           1       0.98      0.90      0.94      3663
           2       0.28      0.81      0.41        89

    accuracy                           0.89      3916
   macro avg       0.52      0.75      0.58      3916
weighted avg       0.94      0.89      0.90      3916

Matthews Correlation Coefficient: 0.42473294296301456
Brier Score: 0.16011410180373162
AUC: 0.8678934427721762
Accuracy: 0.8850868232890705
Precision: 0.5226499503855285, weighted: 0.9353127352532823
Recall: 0.7474294905782984, weighted: 0.8850868232890705
F1 Score: 0.5818284876989301, weighted: 0.9045981703973135
##################################################  Saliency Maps  ##################################################

Class 0:
Class 1:
Class 2:

100%|██████████| 217/217 [01:16<00:00,  2.83it/s]

              precision    recall  f1-score   support

           0       0.31      0.53      0.39       144
           1       0.98      0.91      0.94      3236
           2       0.31      0.80      0.44        79

    accuracy                           0.89      3459
   macro avg       0.53      0.75      0.59      3459
weighted avg       0.94      0.89      0.91      3459

Matthews Correlation Coefficient: 0.43818121795267956
Brier Score: 0.15861924166228822
AUC: 0.872388099507423
Accuracy: 0.8918762648164209
Precision: 0.5324244618563493, weighted: 0.936508687606593
Recall: 0.7474215807630635, weighted: 0.8918762648164209
F1 Score: 0.5931916579160214, weighted: 0.909267802079287
##################################################  Saliency Maps  ##################################################

Class 0:
Class 1:
Class 2:

100%|██████████| 29/29 [00:12<00:00,  2.28it/s]

              precision    recall  f1-score   support

           0       0.29      0.50      0.37        20
           1       0.98      0.85      0.91       427
           2       0.17      0.90      0.29        10

    accuracy                           0.83       457
   macro avg       0.48      0.75      0.52       457
weighted avg       0.93      0.83      0.87       457

Matthews Correlation Coefficient: 0.34637935925571944
Brier Score: 0.17142859645275935
AUC: 0.8418363433670241
Accuracy: 0.8336980306345733
Precision: 0.4809786033426433, weighted: 0.9283471151113959
Recall: 0.7492583918813427, weighted: 0.8336980306345733
F1 Score: 0.5226537071471989, weighted: 0.8702716454831267
##################################################  Saliency Maps  ##################################################

Class 0:
Class 1:
Class 2:
