Using 2 GPUs!
loading csv file in /home/livieymli/brset_analysis/BRSET/data/train_brset.csv
loading csv file in /home/livieymli/brset_analysis/BRSET/data/test_brset.csv
loading csv file in /home/livieymli/brset_analysis/BRSET/data/val_brset.csv
Using 2 GPUs!

100%|██████████| 712/712 [05:51<00:00,  2.02it/s]
100%|██████████| 61/61 [00:20<00:00,  2.91it/s]
Epoch 1, Train Loss: 1.0306749937407087, Val Loss: 0.8377526505071609, F1 Score: 0.3744557676222689
100%|██████████| 712/712 [05:52<00:00,  2.02it/s]
100%|██████████| 61/61 [00:31<00:00,  1.93it/s]
Epoch 2, Train Loss: 0.8891888063275413, Val Loss: 0.9378483368725073, F1 Score: 0.32075088981388117
100%|██████████| 712/712 [06:03<00:00,  1.96it/s]
100%|██████████| 61/61 [00:30<00:00,  2.00it/s]
Epoch 3, Train Loss: 1.000239777975203, Val Loss: 1.1030999754295974, F1 Score: 0.07862125100992609
100%|██████████| 712/712 [13:06<00:00,  1.11s/it]
100%|██████████| 61/61 [00:45<00:00,  1.34it/s]
Epoch 4, Train Loss: 1.1106182274858603, Val Loss: 1.1372194456272438, F1 Score: 0.02052300562727574
100%|██████████| 712/712 [06:56<00:00,  1.71it/s]
100%|██████████| 61/61 [00:39<00:00,  1.54it/s]
Epoch 5, Train Loss: 1.0762742505816931, Val Loss: 1.070412181439947, F1 Score: 0.37864518159132987
100%|██████████| 712/712 [06:44<00:00,  1.68it/s]
100%|██████████| 712/712 [06:44<00:00,  1.76it/s]
100%|██████████| 61/61 [00:38<00:00,  1.60it/s]
Epoch 6, Train Loss: 1.092032550091154, Val Loss: 1.083739001242841, F1 Score: 0.3366147455867082
100%|██████████| 712/712 [06:34<00:00,  2.43it/s]
100%|██████████| 712/712 [06:34<00:00,  1.81it/s]
100%|██████████| 61/61 [00:33<00:00,  1.83it/s]
Epoch 7, Train Loss: 1.0760819510964865, Val Loss: 1.065665364265442, F1 Score: 0.3388667064901856
100%|██████████| 712/712 [06:49<00:00,  2.40it/s]
100%|██████████| 712/712 [06:49<00:00,  1.74it/s]
100%|██████████| 61/61 [00:39<00:00,  1.78it/s]
100%|██████████| 61/61 [00:39<00:00,  1.54it/s]
Epoch 8, Train Loss: 1.0515859708022535, Val Loss: 1.0516948914918742, F1 Score: 0.3668206580530309
100%|██████████| 712/712 [06:32<00:00,  1.71it/s]
100%|██████████| 712/712 [06:32<00:00,  1.81it/s]
100%|██████████| 61/61 [00:26<00:00,  2.26it/s]
100%|██████████| 61/61 [00:27<00:00,  2.25it/s]
Epoch 9, Train Loss: 0.9996910147745622, Val Loss: 0.7296942492000392, F1 Score: 0.5316929282501995
100%|██████████| 712/712 [06:12<00:00,  2.24it/s]
100%|██████████| 712/712 [06:12<00:00,  1.91it/s]
100%|██████████| 61/61 [00:27<00:00,  1.78it/s]
100%|██████████| 61/61 [00:27<00:00,  2.21it/s]
Epoch 10, Train Loss: 0.8365335318605217, Val Loss: 0.7035778511743076, F1 Score: 0.5196103187392583
100%|██████████| 712/712 [06:40<00:00,  1.97it/s]
100%|██████████| 712/712 [06:40<00:00,  1.78it/s]
100%|██████████| 61/61 [00:33<00:00,  1.93it/s]
100%|██████████| 61/61 [00:34<00:00,  1.79it/s]
Epoch 11, Train Loss: 0.7394662271306086, Val Loss: 0.7362059999684818, F1 Score: 0.5576104732626472
100%|██████████| 712/712 [07:43<00:00,  1.68it/s]
100%|██████████| 712/712 [07:43<00:00,  1.54it/s]
100%|██████████| 61/61 [00:38<00:00,  1.94it/s]
100%|██████████| 61/61 [00:38<00:00,  1.58it/s]
Epoch 12, Train Loss: 0.7333338957677564, Val Loss: 0.5606365493330799, F1 Score: 0.6986000030237515
100%|██████████| 712/712 [07:09<00:00,  2.30it/s]
100%|██████████| 712/712 [07:09<00:00,  1.66it/s]
100%|██████████| 61/61 [00:38<00:00,  1.59it/s]
Epoch 13, Train Loss: 0.7056575870308816, Val Loss: 0.632858363819904, F1 Score: 0.7073463812698367
100%|██████████| 712/712 [06:53<00:00,  1.72it/s]
100%|██████████| 61/61 [00:39<00:00,  1.53it/s]
Epoch 14, Train Loss: 0.6726907994493507, Val Loss: 0.7817848942807464, F1 Score: 0.7086011042097997
100%|██████████| 712/712 [06:51<00:00,  1.73it/s]
100%|██████████| 61/61 [00:40<00:00,  1.51it/s]
Epoch 15, Train Loss: 0.6577551688768724, Val Loss: 0.530531821192288, F1 Score: 0.7133863529647276
100%|██████████| 712/712 [07:49<00:00,  1.52it/s]
100%|██████████| 61/61 [00:37<00:00,  1.62it/s]
Epoch 16, Train Loss: 0.6234674964079194, Val Loss: 0.574376393659193, F1 Score: 0.7736395010651881
100%|██████████| 712/712 [07:58<00:00,  1.49it/s]
100%|██████████| 61/61 [00:38<00:00,  1.58it/s]
Epoch 17, Train Loss: 0.5988332284300515, Val Loss: 0.559216238680433, F1 Score: 0.7881948306382037
100%|██████████| 712/712 [08:21<00:00,  1.13it/s]
100%|██████████| 712/712 [08:21<00:00,  1.42it/s]
100%|██████████| 61/61 [00:51<00:00,  1.19it/s]
Epoch 18, Train Loss: 0.5657586548372768, Val Loss: 0.5358090928343476, F1 Score: 0.7193015309098407
100%|██████████| 712/712 [08:47<00:00,  1.21it/s]
100%|██████████| 712/712 [08:48<00:00,  1.35it/s]
100%|██████████| 61/61 [00:45<00:00,  1.24it/s]
100%|██████████| 61/61 [00:45<00:00,  1.34it/s]
Epoch 19, Train Loss: 0.5223865895165821, Val Loss: 0.4030820484288403, F1 Score: 0.7990601614117726
100%|██████████| 712/712 [08:40<00:00,  1.65it/s]
100%|██████████| 712/712 [08:40<00:00,  1.37it/s]
100%|██████████| 61/61 [00:35<00:00,  1.31it/s]
100%|██████████| 61/61 [00:35<00:00,  1.71it/s]
Epoch 20, Train Loss: 0.5165226305782628, Val Loss: 0.43869770611407327, F1 Score: 0.777468728769532
100%|██████████| 712/712 [08:16<00:00,  1.58it/s]
100%|██████████| 712/712 [08:16<00:00,  1.43it/s]
100%|██████████| 61/61 [00:35<00:00,  1.19it/s]
100%|██████████| 61/61 [00:35<00:00,  1.73it/s]
Epoch 21, Train Loss: 0.48216617854542276, Val Loss: 0.49360967195424876, F1 Score: 0.7562921526819683
100%|██████████| 712/712 [07:35<00:00,  2.72it/s]
100%|██████████| 712/712 [07:35<00:00,  1.56it/s]
100%|██████████| 61/61 [00:27<00:00,  1.50it/s]
100%|██████████| 61/61 [00:27<00:00,  2.20it/s]
Epoch 22, Train Loss: 0.45288667287886814, Val Loss: 0.46669016381511924, F1 Score: 0.8278746087919023
100%|██████████| 712/712 [07:03<00:00,  2.07it/s]
100%|██████████| 712/712 [07:03<00:00,  1.68it/s]
100%|██████████| 61/61 [00:43<00:00,  1.57it/s]
100%|██████████| 61/61 [00:43<00:00,  1.41it/s]
Epoch 23, Train Loss: 0.41963215907930995, Val Loss: 0.4910970307642319, F1 Score: 0.7307030980207658
100%|██████████| 712/712 [07:28<00:00,  2.36it/s]
100%|██████████| 712/712 [07:28<00:00,  1.59it/s]
100%|██████████| 61/61 [00:32<00:00,  1.68it/s]
100%|██████████| 61/61 [00:32<00:00,  1.89it/s]
Epoch 24, Train Loss: 0.4705932713846226, Val Loss: 0.444390598989901, F1 Score: 0.8331796053273823
100%|██████████| 712/712 [06:57<00:00,  1.71it/s]
100%|██████████| 61/61 [00:39<00:00,  1.53it/s]
Epoch 25, Train Loss: 0.3856674969259105, Val Loss: 0.42297383159643315, F1 Score: 0.8462415400738762
100%|██████████| 712/712 [07:06<00:00,  1.67it/s]
100%|██████████| 61/61 [00:36<00:00,  1.66it/s]
Epoch 26, Train Loss: 0.35011420657941966, Val Loss: 0.4860508327112823, F1 Score: 0.8434929542129913
100%|██████████| 712/712 [07:11<00:00,  1.65it/s]
100%|██████████| 61/61 [00:40<00:00,  1.50it/s]
Epoch 27, Train Loss: 0.3437481766666045, Val Loss: 0.8691793544614901, F1 Score: 0.7954688460823429
100%|██████████| 712/712 [07:42<00:00,  1.54it/s]
100%|██████████| 61/61 [00:36<00:00,  1.67it/s]
Epoch 28, Train Loss: 0.32673975055398985, Val Loss: 0.5292805794504334, F1 Score: 0.824448364024048
100%|██████████| 712/712 [06:29<00:00,  1.83it/s]
100%|██████████| 61/61 [00:29<00:00,  2.06it/s]
Epoch 29, Train Loss: 0.34180300301359445, Val Loss: 0.6112190071249106, F1 Score: 0.7966372515807381
100%|██████████| 712/712 [06:42<00:00,  1.77it/s]
100%|██████████| 61/61 [00:42<00:00,  1.42it/s]
Epoch 30, Train Loss: 0.2802985791127417, Val Loss: 0.9304359994340138, F1 Score: 0.6919045987301008
100%|██████████| 712/712 [07:12<00:00,  1.65it/s]
100%|██████████| 61/61 [00:38<00:00,  1.57it/s]
Epoch 31, Train Loss: 0.3033439450363597, Val Loss: 0.586245846552927, F1 Score: 0.7932960893854749
100%|██████████| 712/712 [08:25<00:00,  1.41it/s]
100%|██████████| 61/61 [00:35<00:00,  1.70it/s]
Epoch 32, Train Loss: 0.2665520655514484, Val Loss: 0.4296064608287616, F1 Score: 0.7989327784948225
Early stopping triggered.
100%|██████████| 244/244 [04:11<00:00,  1.03s/it]
saved
              precision    recall  f1-score   support

           0       0.48      0.78      0.59       159
           1       0.99      0.96      0.98      3661
           2       0.71      0.80      0.75        84

    accuracy                           0.95      3904
   macro avg       0.73      0.85      0.77      3904
weighted avg       0.96      0.95      0.96      3904

Matthews Correlation Coefficient: 0.6656546236735678
Brier Score: 0.03371353994287215
AUC: 0.9514142919553453
Accuracy: 0.9497950819672131
Precision: 0.7262817061620606, weighted: 0.9639863494819803
Recall: 0.8460532486741945, weighted: 0.9497950819672131
F1 Score: 0.7729582127749467, weighted: 0.9551113419699365
##################################################  Saliency Maps  ##################################################

Class 0:
Class 1:
Class 2:

100%|██████████| 215/215 [03:15<00:00,  1.10it/s]

saved
              precision    recall  f1-score   support

           0       0.47      0.77      0.58       141
           1       0.99      0.96      0.97      3212
           2       0.69      0.79      0.74        73

    accuracy                           0.95      3426
   macro avg       0.72      0.84      0.77      3426
weighted avg       0.96      0.95      0.95      3426

Matthews Correlation Coefficient: 0.6562758307164003
Brier Score: 0.03463347607636073
AUC: 0.9463897665261513
Accuracy: 0.9477524810274373
Precision: 0.7163198637176306, weighted: 0.9627569691210732
Recall: 0.8421581009747725, weighted: 0.9477524810274373
F1 Score: 0.7654235167806142, weighted: 0.9533892973902325
##################################################  Saliency Maps  ##################################################

Class 0:
Class 1:
Class 2:

100%|██████████| 30/30 [00:31<00:00,  1.05s/it]

saved
              precision    recall  f1-score   support

           0       0.54      0.83      0.65        18
           1       0.99      0.97      0.98       449
           2       0.90      0.82      0.86        11

    accuracy                           0.96       478
   macro avg       0.81      0.87      0.83       478
weighted avg       0.97      0.96      0.97       478

Matthews Correlation Coefficient: 0.7399222701985939
Brier Score: 0.02712002327621268
AUC: 0.9900427747149793
Accuracy: 0.9644351464435147
Precision: 0.8096320346320346, weighted: 0.9738106558713253
Recall: 0.8749296978695643, weighted: 0.9644351464435147
F1 Score: 0.8308146264325655, weighted: 0.9677652172685254
##################################################  Saliency Maps  ##################################################

Class 0:
Class 1:
Class 2:
