Using 2 GPUs!
loading csv file in /home/livieymli/brset_analysis/BRSET/data/train_brset.csv
loading csv file in /home/livieymli/brset_analysis/BRSET/data/test_brset.csv
loading csv file in /home/livieymli/brset_analysis/BRSET/data/val_brset.csv
Using 2 GPUs!

100%|██████████| 712/712 [05:47<00:00,  2.05it/s]
100%|██████████| 61/61 [00:21<00:00,  2.78it/s]
Epoch 1, Train Loss: 1.099378089891391, Val Loss: 1.1936468951037673, F1 Score: 0.1276381575602411
100%|██████████| 712/712 [05:49<00:00,  2.04it/s]
100%|██████████| 61/61 [00:34<00:00,  1.76it/s]
Epoch 2, Train Loss: 1.0448668842737594, Val Loss: 1.224352304075585, F1 Score: 0.14487860932787774
100%|██████████| 712/712 [05:56<00:00,  1.99it/s]
100%|██████████| 61/61 [00:37<00:00,  1.62it/s]
Epoch 3, Train Loss: 1.006727690525939, Val Loss: 1.1800129540631028, F1 Score: 0.15249106110001054
100%|██████████| 712/712 [13:09<00:00,  1.11s/it]
100%|██████████| 61/61 [00:42<00:00,  1.44it/s]
Epoch 4, Train Loss: 0.9778907039108571, Val Loss: 1.1214395155672168, F1 Score: 0.17319124715964088
100%|██████████| 712/712 [07:11<00:00,  1.65it/s]
100%|██████████| 61/61 [00:25<00:00,  2.43it/s]
Epoch 5, Train Loss: 0.952807084102644, Val Loss: 1.073107633434358, F1 Score: 0.230327597576247
100%|██████████| 712/712 [06:37<00:00,  1.79it/s]
100%|██████████| 61/61 [00:45<00:00,  1.34it/s]
Epoch 6, Train Loss: 0.9147464016012932, Val Loss: 0.9963779390835371, F1 Score: 0.24266876236610188
100%|██████████| 712/712 [06:34<00:00,  1.80it/s]
100%|██████████| 61/61 [00:32<00:00,  1.85it/s]
Epoch 7, Train Loss: 0.8940084496659509, Val Loss: 0.9159059285140428, F1 Score: 0.32793554249852536
100%|██████████| 712/712 [06:47<00:00,  1.75it/s]
100%|██████████| 61/61 [00:41<00:00,  1.47it/s]
Epoch 8, Train Loss: 0.8712433441385125, Val Loss: 0.9106856247440713, F1 Score: 0.31979951453039046
100%|██████████| 712/712 [06:31<00:00,  1.82it/s]
100%|██████████| 61/61 [00:27<00:00,  2.21it/s]
Epoch 9, Train Loss: 0.8351518013462257, Val Loss: 0.8758070923265864, F1 Score: 0.354469390258864
100%|██████████| 712/712 [05:58<00:00,  1.99it/s]
100%|██████████| 61/61 [00:42<00:00,  1.45it/s]
Epoch 10, Train Loss: 0.8086050681644277, Val Loss: 0.8187826752174096, F1 Score: 0.3956512912999446
100%|██████████| 712/712 [06:49<00:00,  1.74it/s]
100%|██████████| 61/61 [00:24<00:00,  2.49it/s]
Epoch 11, Train Loss: 0.7876387787878179, Val Loss: 0.7612868618281161, F1 Score: 0.44525554722868654
100%|██████████| 712/712 [07:47<00:00,  1.52it/s]
100%|██████████| 61/61 [00:34<00:00,  1.77it/s]
Epoch 12, Train Loss: 0.7616488024634257, Val Loss: 0.8174455207390864, F1 Score: 0.39415915374994664
100%|██████████| 712/712 [07:07<00:00,  1.67it/s]
100%|██████████| 61/61 [00:40<00:00,  1.52it/s]
Epoch 13, Train Loss: 0.7545597113961919, Val Loss: 0.7475080218960027, F1 Score: 0.4457534807645638
100%|██████████| 712/712 [06:50<00:00,  1.73it/s]
100%|██████████| 61/61 [00:42<00:00,  1.43it/s]
Epoch 14, Train Loss: 0.7329327898581376, Val Loss: 0.7195160945907968, F1 Score: 0.5101744417386875
100%|██████████| 712/712 [06:56<00:00,  1.71it/s]
100%|██████████| 61/61 [00:36<00:00,  1.69it/s]
Epoch 15, Train Loss: 0.7022904869838712, Val Loss: 0.811166482137852, F1 Score: 0.4770728796942107
100%|██████████| 712/712 [07:50<00:00,  1.51it/s]
100%|██████████| 61/61 [00:36<00:00,  1.68it/s]
Epoch 16, Train Loss: 0.6849585118065222, Val Loss: 0.6908032307859326, F1 Score: 0.5859624573205582
100%|██████████| 712/712 [08:04<00:00,  1.47it/s]
100%|██████████| 61/61 [00:32<00:00,  1.87it/s]
Epoch 17, Train Loss: 0.6604235626108358, Val Loss: 0.6865937707365536, F1 Score: 0.5721150618575246
100%|██████████| 712/712 [08:31<00:00,  1.39it/s]
100%|██████████| 61/61 [00:41<00:00,  1.49it/s]
Epoch 18, Train Loss: 0.6441031237227026, Val Loss: 0.6573953994962035, F1 Score: 0.5930079214233543
100%|██████████| 712/712 [08:49<00:00,  1.34it/s]
100%|██████████| 61/61 [00:43<00:00,  1.39it/s]
Epoch 19, Train Loss: 0.6175967117332006, Val Loss: 0.6877438615335792, F1 Score: 0.6289301685586516
100%|██████████| 712/712 [08:28<00:00,  1.40it/s]
100%|██████████| 61/61 [00:47<00:00,  1.27it/s]
Epoch 20, Train Loss: 0.5775130736547407, Val Loss: 0.6909736416867522, F1 Score: 0.6188590073120644
100%|██████████| 712/712 [08:03<00:00,  1.47it/s]
100%|██████████| 61/61 [00:47<00:00,  1.28it/s]
Epoch 21, Train Loss: 0.5559553768736928, Val Loss: 0.6821482389188204, F1 Score: 0.5942618341019408
100%|██████████| 712/712 [07:22<00:00,  1.61it/s]
100%|██████████| 61/61 [00:40<00:00,  1.52it/s]
Epoch 22, Train Loss: 0.573441196996928, Val Loss: 0.633122307233146, F1 Score: 0.6506764131069316
100%|██████████| 712/712 [07:13<00:00,  1.64it/s]
100%|██████████| 61/61 [00:32<00:00,  1.86it/s]
Epoch 23, Train Loss: 0.5326055707409978, Val Loss: 0.5842146787975655, F1 Score: 0.6840476276081927
100%|██████████| 712/712 [07:27<00:00,  1.59it/s]
100%|██████████| 61/61 [00:33<00:00,  1.85it/s]
Epoch 24, Train Loss: 0.543119019661308, Val Loss: 0.6167017773526614, F1 Score: 0.6718515453922403
100%|██████████| 712/712 [06:57<00:00,  1.71it/s]
100%|██████████| 61/61 [00:39<00:00,  1.54it/s]
Epoch 25, Train Loss: 0.5200919287300176, Val Loss: 0.6428607306519493, F1 Score: 0.6611440998042931
100%|██████████| 712/712 [07:07<00:00,  1.67it/s]
100%|██████████| 61/61 [00:36<00:00,  1.68it/s]
Epoch 26, Train Loss: 0.48091660254750024, Val Loss: 0.6467788921760731, F1 Score: 0.6458715369291115
100%|██████████| 712/712 [07:09<00:00,  1.66it/s]
100%|██████████| 61/61 [00:42<00:00,  1.42it/s]
Epoch 27, Train Loss: 0.4847803017584963, Val Loss: 0.6916396201389735, F1 Score: 0.6329424647377843
100%|██████████| 712/712 [07:39<00:00,  1.55it/s]
100%|██████████| 61/61 [00:40<00:00,  1.52it/s]
Epoch 28, Train Loss: 0.46466633356228637, Val Loss: 0.564355525264486, F1 Score: 0.7343671088747898
100%|██████████| 712/712 [06:34<00:00,  1.81it/s]
100%|██████████| 61/61 [00:25<00:00,  2.44it/s]
Epoch 29, Train Loss: 0.45481579941226524, Val Loss: 0.7167218946775452, F1 Score: 0.630644747335642
100%|██████████| 712/712 [06:41<00:00,  1.77it/s]
100%|██████████| 61/61 [00:44<00:00,  1.39it/s]
Epoch 30, Train Loss: 0.43428938306889003, Val Loss: 0.5929848910233037, F1 Score: 0.7263001099574721
100%|██████████| 712/712 [07:06<00:00,  1.67it/s]
100%|██████████| 61/61 [00:44<00:00,  1.36it/s]
Epoch 31, Train Loss: 0.4287061923434644, Val Loss: 0.5665267302853162, F1 Score: 0.735896027160449
100%|██████████| 712/712 [08:13<00:00,  1.44it/s]
100%|██████████| 61/61 [00:48<00:00,  1.27it/s]
Epoch 32, Train Loss: 0.4000516640221219, Val Loss: 0.5875884252982061, F1 Score: 0.7187518057916416
100%|██████████| 712/712 [11:18<00:00,  1.05it/s]
100%|██████████| 61/61 [01:01<00:00,  1.01s/it]
Epoch 33, Train Loss: 0.39346923017246505, Val Loss: 0.5786239026633443, F1 Score: 0.6880884855360181
100%|██████████| 712/712 [12:40<00:00,  1.07s/it]
100%|██████████| 61/61 [01:15<00:00,  1.24s/it]
Epoch 34, Train Loss: 0.3952704372219323, Val Loss: 0.6870793018062584, F1 Score: 0.678281495985665
100%|██████████| 712/712 [12:52<00:00,  1.08s/it]
100%|██████████| 61/61 [00:54<00:00,  1.11it/s]
Epoch 35, Train Loss: 0.3564385380622083, Val Loss: 0.6132560835265722, F1 Score: 0.7536812847657072
100%|██████████| 712/712 [13:01<00:00,  1.10s/it]
100%|██████████| 61/61 [01:28<00:00,  1.45s/it]
Epoch 36, Train Loss: 0.3369957081387552, Val Loss: 0.7220003357554068, F1 Score: 0.7170367682988216
100%|██████████| 712/712 [14:26<00:00,  1.22s/it]
100%|██████████| 61/61 [01:00<00:00,  1.01it/s]
Epoch 37, Train Loss: 0.32759761512070223, Val Loss: 0.6892359596295435, F1 Score: 0.7092663864582884
100%|██████████| 712/712 [14:36<00:00,  1.23s/it]
100%|██████████| 61/61 [01:35<00:00,  1.56s/it]
Epoch 38, Train Loss: 0.32404856562478407, Val Loss: 0.8874896296345797, F1 Score: 0.6709875046038034
100%|██████████| 712/712 [14:55<00:00,  1.26s/it]
100%|██████████| 61/61 [01:07<00:00,  1.10s/it]
Epoch 39, Train Loss: 0.3161825345347771, Val Loss: 0.587520901205354, F1 Score: 0.728003355704698
100%|██████████| 712/712 [15:58<00:00,  1.35s/it]
100%|██████████| 61/61 [01:29<00:00,  1.47s/it]
Epoch 40, Train Loss: 0.3150304013449866, Val Loss: 0.6515011208162445, F1 Score: 0.7421358995547503
100%|██████████| 712/712 [23:24<00:00,  1.97s/it]
100%|██████████| 61/61 [01:12<00:00,  1.20s/it]
Epoch 41, Train Loss: 0.2844114762369878, Val Loss: 0.6060864154982274, F1 Score: 0.743910296826161
100%|██████████| 712/712 [08:00<00:00,  1.48it/s]
100%|██████████| 61/61 [01:24<00:00,  1.38s/it]
Epoch 42, Train Loss: 0.2706938198443209, Val Loss: 0.5914500769166673, F1 Score: 0.7268042489007055
Early stopping triggered.
100%|██████████| 244/244 [07:37<00:00,  1.87s/it]
saved
              precision    recall  f1-score   support

           0       0.48      0.57      0.52       159
           1       0.98      0.97      0.97      3661
           2       0.62      0.75      0.68        84

    accuracy                           0.95      3904
   macro avg       0.70      0.76      0.73      3904
weighted avg       0.95      0.95      0.95      3904

Matthews Correlation Coefficient: 0.5970517459164691
Brier Score: 0.032026346708267796
AUC: 0.9334247490638762
Accuracy: 0.9477459016393442
Precision: 0.6953213134301457, weighted: 0.9528845850785771
Recall: 0.7616329009326592, weighted: 0.9477459016393442
F1 Score: 0.7253881897475895, weighted: 0.9500158171076052
##################################################  Saliency Maps  ##################################################

Class 0:
Class 1:
Class 2:

100%|██████████| 215/215 [01:39<00:00,  2.15it/s]

saved
              precision    recall  f1-score   support

           0       0.47      0.55      0.50       141
           1       0.98      0.97      0.97      3212
           2       0.63      0.78      0.70        73

    accuracy                           0.95      3426
   macro avg       0.69      0.76      0.73      3426
weighted avg       0.95      0.95      0.95      3426

Matthews Correlation Coefficient: 0.5906904799660475
Brier Score: 0.03232802200406299
AUC: 0.9290530105785422
Accuracy: 0.946584938704028
Precision: 0.693482602754126, weighted: 0.9519065071430504
Recall: 0.7649513202558961, weighted: 0.946584938704028
F1 Score: 0.7256015210300245, weighted: 0.9489159590788274
##################################################  Saliency Maps  ##################################################

Class 0:
Class 1:
Class 2:

100%|██████████| 30/30 [00:15<00:00,  1.97it/s]

saved
              precision    recall  f1-score   support

           0       0.59      0.72      0.65        18
           1       0.98      0.98      0.98       449
           2       0.55      0.55      0.55        11

    accuracy                           0.96       478
   macro avg       0.71      0.75      0.73       478
weighted avg       0.96      0.96      0.96       478

Matthews Correlation Coefficient: 0.6451170054244265
Brier Score: 0.0298632822142965
AUC: 0.9677689080333152
Accuracy: 0.9560669456066946
Precision: 0.7068777664283282, weighted: 0.9593586658745795
Recall: 0.7477259604208379, weighted: 0.9560669456066946
F1 Score: 0.7251067724222087, weighted: 0.9574471371205525
##################################################  Saliency Maps  ##################################################

Class 0:
Class 1:
Class 2:
